Archive member included to satisfy reference by file (symbol)

c:/progra~2/gnuarm~1/102020~1/bin/../lib/gcc/arm-none-eabi/10.2.1/thumb/v6-m/nofp\libgcc.a(_dvmd_tls.o)
                              CMakeFiles/dht11_7seg.dir/D_/Downloads/pico-sdk/src/rp2_common/pico_divider/divider.S.obj (__aeabi_idiv0)
c:/progra~2/gnuarm~1/102020~1/bin/../lib/gcc/arm-none-eabi/10.2.1/../../../../arm-none-eabi/lib/thumb/v6-m/nofp\libg.a(lib_a-calloc.o)
                              CMakeFiles/dht11_7seg.dir/D_/Downloads/pico-sdk/src/rp2_common/pico_malloc/pico_malloc.c.obj (calloc)
c:/progra~2/gnuarm~1/102020~1/bin/../lib/gcc/arm-none-eabi/10.2.1/../../../../arm-none-eabi/lib/thumb/v6-m/nofp\libg.a(lib_a-callocr.o)
                              c:/progra~2/gnuarm~1/102020~1/bin/../lib/gcc/arm-none-eabi/10.2.1/../../../../arm-none-eabi/lib/thumb/v6-m/nofp\libg.a(lib_a-calloc.o) (_calloc_r)
c:/progra~2/gnuarm~1/102020~1/bin/../lib/gcc/arm-none-eabi/10.2.1/../../../../arm-none-eabi/lib/thumb/v6-m/nofp\libg.a(lib_a-ctype_.o)
                              CMakeFiles/dht11_7seg.dir/D_/Downloads/pico-sdk/lib/tinyusb/src/tusb.c.obj (_ctype_)
c:/progra~2/gnuarm~1/102020~1/bin/../lib/gcc/arm-none-eabi/10.2.1/../../../../arm-none-eabi/lib/thumb/v6-m/nofp\libg.a(lib_a-impure.o)
                              c:/progra~2/gnuarm~1/102020~1/bin/../lib/gcc/arm-none-eabi/10.2.1/../../../../arm-none-eabi/lib/thumb/v6-m/nofp\libg.a(lib_a-calloc.o) (_impure_ptr)
c:/progra~2/gnuarm~1/102020~1/bin/../lib/gcc/arm-none-eabi/10.2.1/../../../../arm-none-eabi/lib/thumb/v6-m/nofp\libg.a(lib_a-init.o)
                              c:/progra~2/gnuarm~1/102020~1/bin/../lib/gcc/arm-none-eabi/10.2.1/../../../../arm-none-eabi/lib/thumb/v6-m/nofp/crt0.o (__libc_init_array)
c:/progra~2/gnuarm~1/102020~1/bin/../lib/gcc/arm-none-eabi/10.2.1/../../../../arm-none-eabi/lib/thumb/v6-m/nofp\libg.a(lib_a-malloc.o)
                              CMakeFiles/dht11_7seg.dir/D_/Downloads/pico-sdk/src/rp2_common/pico_malloc/pico_malloc.c.obj (malloc)
c:/progra~2/gnuarm~1/102020~1/bin/../lib/gcc/arm-none-eabi/10.2.1/../../../../arm-none-eabi/lib/thumb/v6-m/nofp\libg.a(lib_a-mallocr.o)
                              c:/progra~2/gnuarm~1/102020~1/bin/../lib/gcc/arm-none-eabi/10.2.1/../../../../arm-none-eabi/lib/thumb/v6-m/nofp\libg.a(lib_a-callocr.o) (_malloc_r)
c:/progra~2/gnuarm~1/102020~1/bin/../lib/gcc/arm-none-eabi/10.2.1/../../../../arm-none-eabi/lib/thumb/v6-m/nofp\libg.a(lib_a-mlock.o)
                              c:/progra~2/gnuarm~1/102020~1/bin/../lib/gcc/arm-none-eabi/10.2.1/../../../../arm-none-eabi/lib/thumb/v6-m/nofp\libg.a(lib_a-mallocr.o) (__malloc_lock)
c:/progra~2/gnuarm~1/102020~1/bin/../lib/gcc/arm-none-eabi/10.2.1/../../../../arm-none-eabi/lib/thumb/v6-m/nofp\libg.a(lib_a-sbrkr.o)
                              c:/progra~2/gnuarm~1/102020~1/bin/../lib/gcc/arm-none-eabi/10.2.1/../../../../arm-none-eabi/lib/thumb/v6-m/nofp\libg.a(lib_a-mallocr.o) (_sbrk_r)
c:/progra~2/gnuarm~1/102020~1/bin/../lib/gcc/arm-none-eabi/10.2.1/../../../../arm-none-eabi/lib/thumb/v6-m/nofp\libg.a(lib_a-strlen-stub.o)
                              CMakeFiles/dht11_7seg.dir/D_/Downloads/pico-sdk/src/rp2_common/pico_stdio/stdio.c.obj (strlen)
c:/progra~2/gnuarm~1/102020~1/bin/../lib/gcc/arm-none-eabi/10.2.1/../../../../arm-none-eabi/lib/thumb/v6-m/nofp\libg.a(lib_a-freer.o)
                              c:/progra~2/gnuarm~1/102020~1/bin/../lib/gcc/arm-none-eabi/10.2.1/../../../../arm-none-eabi/lib/thumb/v6-m/nofp\libg.a(lib_a-malloc.o) (_free_r)
c:/progra~2/gnuarm~1/102020~1/bin/../lib/gcc/arm-none-eabi/10.2.1/../../../../arm-none-eabi/lib/thumb/v6-m/nofp\libg.a(lib_a-lock.o)
                              c:/progra~2/gnuarm~1/102020~1/bin/../lib/gcc/arm-none-eabi/10.2.1/../../../../arm-none-eabi/lib/thumb/v6-m/nofp\libg.a(lib_a-mlock.o) (__retarget_lock_acquire_recursive)
c:/progra~2/gnuarm~1/102020~1/bin/../lib/gcc/arm-none-eabi/10.2.1/../../../../arm-none-eabi/lib/thumb/v6-m/nofp\libg.a(lib_a-reent.o)
                              c:/progra~2/gnuarm~1/102020~1/bin/../lib/gcc/arm-none-eabi/10.2.1/../../../../arm-none-eabi/lib/thumb/v6-m/nofp\libg.a(lib_a-sbrkr.o) (errno)

Discarded input sections

 .text          0x00000000        0x0 c:/progra~2/gnuarm~1/102020~1/bin/../lib/gcc/arm-none-eabi/10.2.1/thumb/v6-m/nofp/crti.o
 .data          0x00000000        0x0 c:/progra~2/gnuarm~1/102020~1/bin/../lib/gcc/arm-none-eabi/10.2.1/thumb/v6-m/nofp/crti.o
 .bss           0x00000000        0x0 c:/progra~2/gnuarm~1/102020~1/bin/../lib/gcc/arm-none-eabi/10.2.1/thumb/v6-m/nofp/crti.o
 .data          0x00000000        0x4 c:/progra~2/gnuarm~1/102020~1/bin/../lib/gcc/arm-none-eabi/10.2.1/thumb/v6-m/nofp/crtbegin.o
 .rodata        0x00000000       0x24 c:/progra~2/gnuarm~1/102020~1/bin/../lib/gcc/arm-none-eabi/10.2.1/thumb/v6-m/nofp/crtbegin.o
 .fini_array    0x00000000        0x4 c:/progra~2/gnuarm~1/102020~1/bin/../lib/gcc/arm-none-eabi/10.2.1/thumb/v6-m/nofp/crtbegin.o
[...]
Memory Configuration

Name             Origin             Length             Attributes
FLASH            0x10000000         0x00200000         xr
RAM              0x20000000         0x00040000         xrw
SCRATCH_X        0x20040000         0x00001000         xrw
SCRATCH_Y        0x20041000         0x00001000         xrw
*default*        0x00000000         0xffffffff

Linker script and memory map

LOAD c:/progra~2/gnuarm~1/102020~1/bin/../lib/gcc/arm-none-eabi/10.2.1/thumb/v6-m/nofp/crti.o
LOAD c:/progra~2/gnuarm~1/102020~1/bin/../lib/gcc/arm-none-eabi/10.2.1/thumb/v6-m/nofp/crtbegin.o
LOAD c:/progra~2/gnuarm~1/102020~1/bin/../lib/gcc/arm-none-eabi/10.2.1/../../../../arm-none-eabi/lib/thumb/v6-m/nofp/crt0.o

.flash_begin    0x10000000        0x0
                0x10000000                __flash_binary_start = .

.boot2          0x10000000      0x100
                0x10000000                __boot2_start__ = .
 *(.boot2)
 .boot2         0x10000000      0x100 C:\Users\ANDREC~1\AppData\Local\Temp\ccsul2Vd.o
                0x10000100                __boot2_end__ = .
                0x00000001                ASSERT (((__boot2_end__ - __boot2_start__) == 0x100), ERROR: Pico second stage bootloader must be 256 bytes in size)

.text           0x10000100     0x7120
                0x10000100                __logical_binary_start = .
 *(.vectors)
 .vectors       0x10000100       0xd4 CMakeFiles/dht11_7seg.dir/D_/Downloads/pico-sdk/src/rp2_common/pico_standard_link/crt0.S.obj
                0x10000100                __vectors
                0x100001c0                isr_invalid
                0x100001c2                isr_nmi
                0x100001c4                isr_hardfault
                0x100001c6                isr_svcall
                0x100001c8                isr_pendsv
                0x100001ca                isr_systick
                0x100001cc                isr_irq11
                0x100001cc                isr_irq5
                0x100001cc                isr_irq23
                0x100001cc                isr_irq18
                0x100001cc                isr_irq31
                0x100001cc                isr_irq28
                0x100001cc                isr_irq19
                0x100001cc                isr_irq0
                0x100001cc                isr_irq6
                0x100001cc                isr_irq27
                0x100001cc                isr_irq12
                0x100001cc                isr_irq22
                0x100001cc                isr_irq13
                0x100001cc                isr_irq17
                0x100001cc                isr_irq14
                0x100001cc                isr_irq2
                0x100001cc                isr_irq10
                0x100001cc                isr_irq8
                0x100001cc                isr_irq24
                0x100001cc                isr_irq1
                0x100001cc                isr_irq7
                0x100001cc                isr_irq21
                0x100001cc                isr_irq20
                0x100001cc                isr_irq15
                0x100001cc                isr_irq25
                0x100001cc                __unhandled_user_irq
                0x100001cc                isr_irq4
                0x100001cc                isr_irq16
                0x100001cc                isr_irq29
                0x100001cc                isr_irq26
                0x100001cc                isr_irq3
                0x100001cc                isr_irq30
                0x100001cc                isr_irq9
                0x100001d2                unhandled_user_irq_num_in_r0
 *(.binary_info_header)
 .binary_info_header
                0x100001d4       0x14 CMakeFiles/dht11_7seg.dir/D_/Downloads/pico-sdk/src/rp2_common/pico_standard_link/crt0.S.obj
                0x100001e8                __binary_info_header_end = .
 *(.reset)
 .reset         0x100001e8       0xa8 CMakeFiles/dht11_7seg.dir/D_/Downloads/pico-sdk/src/rp2_common/pico_standard_link/crt0.S.obj
                0x100001e8                _entry_point
                0x10000266                __get_current_exception
 .reset         0x10000290       0x30 CMakeFiles/dht11_7seg.dir/D_/Downloads/pico-sdk/src/rp2_common/pico_standard_link/binary_info.c.obj
 *(.init)
 .init          0x100002c0        0x4 c:/progra~2/gnuarm~1/102020~1/bin/../lib/gcc/arm-none-eabi/10.2.1/thumb/v6-m/nofp/crti.o
                0x100002c0                _init
 *(EXCLUDE_FILE(*libm.a: *libc.a:*lib_a-mem*.o *libgcc.a:) .text*)
 .text          0x100002c4       0x48 c:/progra~2/gnuarm~1/102020~1/bin/../lib/gcc/arm-none-eabi/10.2.1/thumb/v6-m/nofp/crtbegin.o
 .text.segment  0x1000030c       0x3c CMakeFiles/dht11_7seg.dir/main.c.obj
                0x1000030c                segment
 .text.x        0x10000348       0x54 CMakeFiles/dht11_7seg.dir/main.c.obj
                0x10000348                x
 .text.zero     0x1000039c       0x46 CMakeFiles/dht11_7seg.dir/main.c.obj
                0x1000039c                zero
 .text.one      0x100003e2       0x46 CMakeFiles/dht11_7seg.dir/main.c.obj
                0x100003e2                one
 .text.two      0x10000428       0x46 CMakeFiles/dht11_7seg.dir/main.c.obj
                0x10000428                two
 .text.three    0x1000046e       0x46 CMakeFiles/dht11_7seg.dir/main.c.obj
                0x1000046e                three
 .text.four     0x100004b4       0x46 CMakeFiles/dht11_7seg.dir/main.c.obj
                0x100004b4                four
 .text.five     0x100004fa       0x46 CMakeFiles/dht11_7seg.dir/main.c.obj
                0x100004fa                five
 .text.six      0x10000540       0x46 CMakeFiles/dht11_7seg.dir/main.c.obj
                0x10000540                six
 .text.seven    0x10000586       0x46 CMakeFiles/dht11_7seg.dir/main.c.obj
                0x10000586                seven
 .text.eight    0x100005cc       0x46 CMakeFiles/dht11_7seg.dir/main.c.obj
                0x100005cc                eight
 .text.nine     0x10000612       0x46 CMakeFiles/dht11_7seg.dir/main.c.obj
                0x10000612                nine
 .text.main     0x10000658      0x17c CMakeFiles/dht11_7seg.dir/main.c.obj
                0x10000658                main
 .text.read_from_dht
                0x100007d4      0x144 CMakeFiles/dht11_7seg.dir/main.c.obj
                0x100007d4                read_from_dht
 .text.core1_code
                0x10000918       0x70 CMakeFiles/dht11_7seg.dir/main.c.obj
                0x10000918                core1_code
 .text.gpio_set_function
                0x10000988       0x30 CMakeFiles/dht11_7seg.dir/D_/Downloads/pico-sdk/src/rp2_common/hardware_gpio/gpio.c.obj
                0x10000988                gpio_set_function
 .text.gpio_init
                0x100009b8       0x16 CMakeFiles/dht11_7seg.dir/D_/Downloads/pico-sdk/src/rp2_common/hardware_gpio/gpio.c.obj
                0x100009b8                gpio_init
 *fill*         0x100009ce        0x2 
 .text.hw_claim_lock
                0x100009d0       0x18 CMakeFiles/dht11_7seg.dir/D_/Downloads/pico-sdk/src/rp2_common/hardware_claim/claim.c.obj
                0x100009d0                hw_claim_lock
 .text.hw_claim_unlock
                0x100009e8       0x14 CMakeFiles/dht11_7seg.dir/D_/Downloads/pico-sdk/src/rp2_common/hardware_claim/claim.c.obj
                0x100009e8                hw_claim_unlock
 .text.hw_claim_or_assert
                0x100009fc       0x36 CMakeFiles/dht11_7seg.dir/D_/Downloads/pico-sdk/src/rp2_common/hardware_claim/claim.c.obj
                0x100009fc                hw_claim_or_assert
 .text.hw_claim_unused_from_range
                0x10000a32       0x58 CMakeFiles/dht11_7seg.dir/D_/Downloads/pico-sdk/src/rp2_common/hardware_claim/claim.c.obj
                0x10000a32                hw_claim_unused_from_range
 *fill*         0x10000a8a        0x2 
 .text.spin_locks_reset
                0x10000a8c       0x20 CMakeFiles/dht11_7seg.dir/D_/Downloads/pico-sdk/src/rp2_common/hardware_sync/sync.c.obj
                0x10000a8c                spin_locks_reset
 .text.next_striped_spin_lock_num
                0x10000aac       0x1c CMakeFiles/dht11_7seg.dir/D_/Downloads/pico-sdk/src/rp2_common/hardware_sync/sync.c.obj
                0x10000aac                next_striped_spin_lock_num
 .text.spin_lock_claim_unused
                0x10000ac8       0x20 CMakeFiles/dht11_7seg.dir/D_/Downloads/pico-sdk/src/rp2_common/hardware_sync/sync.c.obj
                0x10000ac8                spin_lock_claim_unused
 .text.running_on_fpga
                0x10000ae8       0x14 CMakeFiles/dht11_7seg.dir/D_/Downloads/pico-sdk/src/rp2_common/pico_platform/platform.c.obj
                0x10000ae8                running_on_fpga
 .text.sev_callback
                0x10000afc        0x8 CMakeFiles/dht11_7seg.dir/D_/Downloads/pico-sdk/src/common/pico_time/time.c.obj
 .text.alarm_pool_post_alloc_init
                0x10000b04       0x40 CMakeFiles/dht11_7seg.dir/D_/Downloads/pico-sdk/src/common/pico_time/time.c.obj
 .text.timer_pool_entry_comparator
                0x10000b44       0x78 CMakeFiles/dht11_7seg.dir/D_/Downloads/pico-sdk/src/common/pico_time/time.c.obj
                0x10000b44                timer_pool_entry_comparator
 .text.ph_add_child_node
                0x10000bbc       0xa4 CMakeFiles/dht11_7seg.dir/D_/Downloads/pico-sdk/src/common/pico_time/time.c.obj
 .text.ph_merge_nodes
                0x10000c60       0x3e CMakeFiles/dht11_7seg.dir/D_/Downloads/pico-sdk/src/common/pico_time/time.c.obj
 *fill*         0x10000c9e        0x2 
 .text.add_alarm_under_lock
                0x10000ca0      0x174 CMakeFiles/dht11_7seg.dir/D_/Downloads/pico-sdk/src/common/pico_time/time.c.obj
 .text.alarm_pool_alarm_callback
                0x10000e14      0x308 CMakeFiles/dht11_7seg.dir/D_/Downloads/pico-sdk/src/common/pico_time/time.c.obj
 .text.alarm_pool_init_default
                0x1000111c       0x2c CMakeFiles/dht11_7seg.dir/D_/Downloads/pico-sdk/src/common/pico_time/time.c.obj
                0x1000111c                alarm_pool_init_default
 .text.alarm_pool_get_default
                0x10001148       0x2c CMakeFiles/dht11_7seg.dir/D_/Downloads/pico-sdk/src/common/pico_time/time.c.obj
                0x10001148                alarm_pool_get_default
 .text.alarm_pool_add_alarm_at
                0x10001174      0x140 CMakeFiles/dht11_7seg.dir/D_/Downloads/pico-sdk/src/common/pico_time/time.c.obj
                0x10001174                alarm_pool_add_alarm_at
 .text.alarm_pool_cancel_alarm
                0x100012b4       0xec CMakeFiles/dht11_7seg.dir/D_/Downloads/pico-sdk/src/common/pico_time/time.c.obj
                0x100012b4                alarm_pool_cancel_alarm
 .text.sleep_until
                0x100013a0       0xa0 CMakeFiles/dht11_7seg.dir/D_/Downloads/pico-sdk/src/common/pico_time/time.c.obj
                0x100013a0                sleep_until
 .text.sleep_us
                0x10001440       0x2e CMakeFiles/dht11_7seg.dir/D_/Downloads/pico-sdk/src/common/pico_time/time.c.obj
                0x10001440                sleep_us
 .text.sleep_ms
                0x1000146e       0x14 CMakeFiles/dht11_7seg.dir/D_/Downloads/pico-sdk/src/common/pico_time/time.c.obj
                0x1000146e                sleep_ms
 *fill*         0x10001482        0x2 
 .text.best_effort_wfe_or_timeout
                0x10001484       0x80 CMakeFiles/dht11_7seg.dir/D_/Downloads/pico-sdk/src/common/pico_time/time.c.obj
                0x10001484                best_effort_wfe_or_timeout
 .text.hardware_alarm_irq_handler
                0x10001504       0x8c CMakeFiles/dht11_7seg.dir/D_/Downloads/pico-sdk/src/rp2_common/hardware_timer/timer.c.obj
 .text.hardware_alarm_claim
                0x10001590       0x18 CMakeFiles/dht11_7seg.dir/D_/Downloads/pico-sdk/src/rp2_common/hardware_timer/timer.c.obj
                0x10001590                hardware_alarm_claim
 .text.time_us_64
                0x100015a8       0x18 CMakeFiles/dht11_7seg.dir/D_/Downloads/pico-sdk/src/rp2_common/hardware_timer/timer.c.obj
                0x100015a8                time_us_64
 .text.busy_wait_until
                0x100015c0       0x28 CMakeFiles/dht11_7seg.dir/D_/Downloads/pico-sdk/src/rp2_common/hardware_timer/timer.c.obj
                0x100015c0                busy_wait_until
 .text.hardware_alarm_set_callback
                0x100015e8       0x90 CMakeFiles/dht11_7seg.dir/D_/Downloads/pico-sdk/src/rp2_common/hardware_timer/timer.c.obj
                0x100015e8                hardware_alarm_set_callback
 .text.hardware_alarm_set_target
                0x10001678       0xc8 CMakeFiles/dht11_7seg.dir/D_/Downloads/pico-sdk/src/rp2_common/hardware_timer/timer.c.obj
                0x10001678                hardware_alarm_set_target
 .text.hardware_alarm_cancel
                0x10001740       0x40 CMakeFiles/dht11_7seg.dir/D_/Downloads/pico-sdk/src/rp2_common/hardware_timer/timer.c.obj
                0x10001740                hardware_alarm_cancel
 .text.lock_init
                0x10001780       0x10 CMakeFiles/dht11_7seg.dir/D_/Downloads/pico-sdk/src/common/pico_sync/lock_core.c.obj
                0x10001780                lock_init
 .text.mutex_init
                0x10001790       0x1a CMakeFiles/dht11_7seg.dir/D_/Downloads/pico-sdk/src/common/pico_sync/mutex.c.obj
                0x10001790                mutex_init
 .text.critical_section_init_with_lock_num
                0x100017aa        0xc CMakeFiles/dht11_7seg.dir/D_/Downloads/pico-sdk/src/common/pico_sync/critical_section.c.obj
                0x100017aa                critical_section_init_with_lock_num
 .text.critical_section_init
                0x100017b6       0x14 CMakeFiles/dht11_7seg.dir/D_/Downloads/pico-sdk/src/common/pico_sync/critical_section.c.obj
                0x100017b6                critical_section_init
 *fill*         0x100017ca        0x2 
 .text.ph_add_child_node
                0x100017cc       0xa4 CMakeFiles/dht11_7seg.dir/D_/Downloads/pico-sdk/src/common/pico_util/pheap.c.obj
 .text.ph_merge_nodes
                0x10001870       0x3e CMakeFiles/dht11_7seg.dir/D_/Downloads/pico-sdk/src/common/pico_util/pheap.c.obj
 *fill*         0x100018ae        0x2 
 .text.ph_clear
                0x100018b0       0x70 CMakeFiles/dht11_7seg.dir/D_/Downloads/pico-sdk/src/common/pico_util/pheap.c.obj
                0x100018b0                ph_clear
 .text.ph_post_alloc_init
                0x10001920        0xe CMakeFiles/dht11_7seg.dir/D_/Downloads/pico-sdk/src/common/pico_util/pheap.c.obj
                0x10001920                ph_post_alloc_init
 *fill*         0x1000192e        0x2 
 .text.ph_merge_two_pass
                0x10001930       0xa8 CMakeFiles/dht11_7seg.dir/D_/Downloads/pico-sdk/src/common/pico_util/pheap.c.obj
                0x10001930                ph_merge_two_pass
 .text.ph_remove_any_head
                0x100019d8      0x108 CMakeFiles/dht11_7seg.dir/D_/Downloads/pico-sdk/src/common/pico_util/pheap.c.obj
 .text.ph_remove_head
                0x10001ae0       0x14 CMakeFiles/dht11_7seg.dir/D_/Downloads/pico-sdk/src/common/pico_util/pheap.c.obj
                0x10001ae0                ph_remove_head
 .text.ph_remove_and_free_node
                0x10001af4       0xf8 CMakeFiles/dht11_7seg.dir/D_/Downloads/pico-sdk/src/common/pico_util/pheap.c.obj
                0x10001af4                ph_remove_and_free_node
 .text.runtime_init
                0x10001bec       0xcc CMakeFiles/dht11_7seg.dir/D_/Downloads/pico-sdk/src/rp2_common/pico_runtime/runtime.c.obj
                0x10001bec                runtime_init
 .text._exit    0x10001cb8        0x4 CMakeFiles/dht11_7seg.dir/D_/Downloads/pico-sdk/src/rp2_common/pico_runtime/runtime.c.obj
                0x10001cb8                _exit
 .text.exit     0x10001cbc        0x6 CMakeFiles/dht11_7seg.dir/D_/Downloads/pico-sdk/src/rp2_common/pico_runtime/runtime.c.obj
                0x10001cbc                exit
 *fill*         0x10001cc2        0x2 
 .text.__assert_func
                0x10001cc4       0x3c CMakeFiles/dht11_7seg.dir/D_/Downloads/pico-sdk/src/rp2_common/pico_runtime/runtime.c.obj
                0x10001cc4                __assert_func
 .text.panic    0x10001d00       0x30 CMakeFiles/dht11_7seg.dir/D_/Downloads/pico-sdk/src/rp2_common/pico_runtime/runtime.c.obj
                0x10001d00                panic
 .text.clock_configure
                0x10001d30       0xe8 CMakeFiles/dht11_7seg.dir/D_/Downloads/pico-sdk/src/rp2_common/hardware_clocks/clocks.c.obj
                0x10001d30                clock_configure
 .text.clocks_init
                0x10001e18      0x124 CMakeFiles/dht11_7seg.dir/D_/Downloads/pico-sdk/src/rp2_common/hardware_clocks/clocks.c.obj
                0x10001e18                clocks_init
 .text.watchdog_start_tick
                0x10001f3c       0x10 CMakeFiles/dht11_7seg.dir/D_/Downloads/pico-sdk/src/rp2_common/hardware_watchdog/watchdog.c.obj
                0x10001f3c                watchdog_start_tick
 .text.watchdog_update
                0x10001f4c       0x14 CMakeFiles/dht11_7seg.dir/D_/Downloads/pico-sdk/src/rp2_common/hardware_watchdog/watchdog.c.obj
                0x10001f4c                watchdog_update
 .text._watchdog_enable
                0x10001f60       0x70 CMakeFiles/dht11_7seg.dir/D_/Downloads/pico-sdk/src/rp2_common/hardware_watchdog/watchdog.c.obj
                0x10001f60                _watchdog_enable
 .text.watchdog_reboot
                0x10001fd0       0x48 CMakeFiles/dht11_7seg.dir/D_/Downloads/pico-sdk/src/rp2_common/hardware_watchdog/watchdog.c.obj
                0x10001fd0                watchdog_reboot
 .text.xosc_init
                0x10002018       0x28 CMakeFiles/dht11_7seg.dir/D_/Downloads/pico-sdk/src/rp2_common/hardware_xosc/xosc.c.obj
                0x10002018                xosc_init
 .text.pll_init
                0x10002040       0xd0 CMakeFiles/dht11_7seg.dir/D_/Downloads/pico-sdk/src/rp2_common/hardware_pll/pll.c.obj
                0x10002040                pll_init
 .text.set_raw_irq_handler_and_unlock
                0x10002110       0x28 CMakeFiles/dht11_7seg.dir/D_/Downloads/pico-sdk/src/rp2_common/hardware_irq/irq.c.obj
 .text.make_branch
                0x10002138       0x34 CMakeFiles/dht11_7seg.dir/D_/Downloads/pico-sdk/src/rp2_common/hardware_irq/irq.c.obj
 .text.insert_branch_and_link
                0x1000216c       0x40 CMakeFiles/dht11_7seg.dir/D_/Downloads/pico-sdk/src/rp2_common/hardware_irq/irq.c.obj
 .text.irq_is_enabled
                0x100021ac       0x18 CMakeFiles/dht11_7seg.dir/D_/Downloads/pico-sdk/src/rp2_common/hardware_irq/irq.c.obj
                0x100021ac                irq_is_enabled
 .text.irq_set_mask_enabled
                0x100021c4       0x20 CMakeFiles/dht11_7seg.dir/D_/Downloads/pico-sdk/src/rp2_common/hardware_irq/irq.c.obj
                0x100021c4                irq_set_mask_enabled
 .text.irq_set_enabled
                0x100021e4        0xe CMakeFiles/dht11_7seg.dir/D_/Downloads/pico-sdk/src/rp2_common/hardware_irq/irq.c.obj
                0x100021e4                irq_set_enabled
 *fill*         0x100021f2        0x2 
 .text.irq_set_pending
                0x100021f4       0x10 CMakeFiles/dht11_7seg.dir/D_/Downloads/pico-sdk/src/rp2_common/hardware_irq/irq.c.obj
                0x100021f4                irq_set_pending
 .text.irq_get_vtable_handler
                0x10002204       0x10 CMakeFiles/dht11_7seg.dir/D_/Downloads/pico-sdk/src/rp2_common/hardware_irq/irq.c.obj
                0x10002204                irq_get_vtable_handler
 .text.irq_set_exclusive_handler
                0x10002214       0x54 CMakeFiles/dht11_7seg.dir/D_/Downloads/pico-sdk/src/rp2_common/hardware_irq/irq.c.obj
                0x10002214                irq_set_exclusive_handler
 .text.irq_remove_handler
                0x10002268      0x1ac CMakeFiles/dht11_7seg.dir/D_/Downloads/pico-sdk/src/rp2_common/hardware_irq/irq.c.obj
                0x10002268                irq_remove_handler
 .text.irq_set_priority
                0x10002414       0x28 CMakeFiles/dht11_7seg.dir/D_/Downloads/pico-sdk/src/rp2_common/hardware_irq/irq.c.obj
                0x10002414                irq_set_priority
 .text.irq_add_tail_to_free_list
                0x1000243c       0xf0 CMakeFiles/dht11_7seg.dir/D_/Downloads/pico-sdk/src/rp2_common/hardware_irq/irq.c.obj
                0x1000243c                irq_add_tail_to_free_list
 .text.irq_init_priorities
                0x1000252c       0x16 CMakeFiles/dht11_7seg.dir/D_/Downloads/pico-sdk/src/rp2_common/hardware_irq/irq.c.obj
                0x1000252c                irq_init_priorities
 .text._out_buffer
                0x10002542        0x8 CMakeFiles/dht11_7seg.dir/D_/Downloads/pico-sdk/src/rp2_common/pico_printf/printf.c.obj
 .text._out_null
                0x1000254a        0x2 CMakeFiles/dht11_7seg.dir/D_/Downloads/pico-sdk/src/rp2_common/pico_printf/printf.c.obj
 .text._out_fct
                0x1000254c        0xe CMakeFiles/dht11_7seg.dir/D_/Downloads/pico-sdk/src/rp2_common/pico_printf/printf.c.obj
 .text._atoi    0x1000255a       0x24 CMakeFiles/dht11_7seg.dir/D_/Downloads/pico-sdk/src/rp2_common/pico_printf/printf.c.obj
 .text._out_rev
                0x1000257e       0xae CMakeFiles/dht11_7seg.dir/D_/Downloads/pico-sdk/src/rp2_common/pico_printf/printf.c.obj
 .text._ntoa_format
                0x1000262c      0x112 CMakeFiles/dht11_7seg.dir/D_/Downloads/pico-sdk/src/rp2_common/pico_printf/printf.c.obj
 .text._ntoa_long
                0x1000273e       0xbc CMakeFiles/dht11_7seg.dir/D_/Downloads/pico-sdk/src/rp2_common/pico_printf/printf.c.obj
 .text._ntoa_long_long
                0x100027fa       0xe2 CMakeFiles/dht11_7seg.dir/D_/Downloads/pico-sdk/src/rp2_common/pico_printf/printf.c.obj
 .text._etoa    0x100028dc      0x414 CMakeFiles/dht11_7seg.dir/D_/Downloads/pico-sdk/src/rp2_common/pico_printf/printf.c.obj
 .text._ftoa    0x10002cf0      0x354 CMakeFiles/dht11_7seg.dir/D_/Downloads/pico-sdk/src/rp2_common/pico_printf/printf.c.obj
 .text._vsnprintf
                0x10003044      0x624 CMakeFiles/dht11_7seg.dir/D_/Downloads/pico-sdk/src/rp2_common/pico_printf/printf.c.obj
 .text.__wrap_sprintf
                0x10003668       0x28 CMakeFiles/dht11_7seg.dir/D_/Downloads/pico-sdk/src/rp2_common/pico_printf/printf.c.obj
                0x10003668                __wrap_sprintf
 .text.vfctprintf
                0x10003690       0x20 CMakeFiles/dht11_7seg.dir/D_/Downloads/pico-sdk/src/rp2_common/pico_printf/printf.c.obj
                0x10003690                vfctprintf
 .text          0x100036b0       0x10 CMakeFiles/dht11_7seg.dir/D_/Downloads/pico-sdk/src/rp2_common/pico_bit_ops/bit_ops_aeabi.S.obj
 .text.rom_func_lookup
                0x100036c0       0x10 CMakeFiles/dht11_7seg.dir/D_/Downloads/pico-sdk/src/rp2_common/pico_bootrom/bootrom.c.obj
                0x100036c0                rom_func_lookup
 .text.rom_data_lookup
                0x100036d0       0x10 CMakeFiles/dht11_7seg.dir/D_/Downloads/pico-sdk/src/rp2_common/pico_bootrom/bootrom.c.obj
                0x100036d0                rom_data_lookup
 .text.rom_funcs_lookup
                0x100036e0       0x36 CMakeFiles/dht11_7seg.dir/D_/Downloads/pico-sdk/src/rp2_common/pico_bootrom/bootrom.c.obj
                0x100036e0                rom_funcs_lookup
 *fill*         0x10003716        0x2 
 .text.__wrap___aeabi_idiv
                0x10003718       0x58 CMakeFiles/dht11_7seg.dir/D_/Downloads/pico-sdk/src/rp2_common/pico_divider/divider.S.obj
                0x10003718                __wrap___aeabi_idivmod
                0x10003718                divmod_s32s32
                0x10003718                div_s32s32
                0x10003718                __wrap___aeabi_idiv
                0x10003720                divmod_s32s32_unsafe
                0x1000374c                divmod_s32s32_savestate
 .text.__wrap___aeabi_uidiv
                0x10003770       0x54 CMakeFiles/dht11_7seg.dir/D_/Downloads/pico-sdk/src/rp2_common/pico_divider/divider.S.obj
                0x10003770                __wrap___aeabi_uidiv
                0x10003770                __wrap___aeabi_uidivmod
                0x10003770                div_u32u32
                0x10003770                divmod_u32u32
                0x10003778                divmod_u32u32_unsafe
                0x100037a0                divmod_u32u32_savestate
 .text.__wrap___aeabi_ldiv
                0x100037c4      0x430 CMakeFiles/dht11_7seg.dir/D_/Downloads/pico-sdk/src/rp2_common/pico_divider/divider.S.obj
                0x100037c4                div_s64s64
                0x100037c4                divmod_s64s64
                0x100037c4                __wrap___aeabi_ldivmod
                0x100037fc                divmod_u64u64
                0x100037fc                div_u64u64
                0x100037fc                __wrap___aeabi_uldivmod
                0x1000380c                divmod_u64u64_savestate
                0x10003834                divmod_s64s64_unsafe
                0x100038bc                divmod_u64u64_unsafe
 .text.__wrap___aeabi_darithmetic
                0x10003bf4       0x54 CMakeFiles/dht11_7seg.dir/D_/Downloads/pico-sdk/src/rp2_common/pico_double/double_aeabi.S.obj
                0x10003bf4                __wrap___aeabi_drsub
                0x10003bfa                __wrap___aeabi_dsub
                0x10003c0c                __wrap___aeabi_dadd
                0x10003c1e                __wrap___aeabi_ddiv
                0x10003c30                __wrap___aeabi_dmul
 .text.__wrap___aeabi_cdcmple
                0x10003c48       0x6c CMakeFiles/dht11_7seg.dir/D_/Downloads/pico-sdk/src/rp2_common/pico_double/double_aeabi.S.obj
                0x10003c48                __wrap___aeabi_cdrcmple
                0x10003c58                __wrap___aeabi_cdcmpeq
                0x10003c58                __wrap___aeabi_cdcmple
 .text.__wrap___aeabi_dcmplt
                0x10003cb4        0xc CMakeFiles/dht11_7seg.dir/D_/Downloads/pico-sdk/src/rp2_common/pico_double/double_aeabi.S.obj
                0x10003cb4                __wrap___aeabi_dcmplt
 .text.__wrap___aeabi_dcmple
                0x10003cc0       0x10 CMakeFiles/dht11_7seg.dir/D_/Downloads/pico-sdk/src/rp2_common/pico_double/double_aeabi.S.obj
                0x10003cc0                __wrap___aeabi_dcmple
 .text.__wrap___aeabi_dcmpge
                0x10003cd0       0x10 CMakeFiles/dht11_7seg.dir/D_/Downloads/pico-sdk/src/rp2_common/pico_double/double_aeabi.S.obj
                0x10003cd0                __wrap___aeabi_dcmpge
 .text.__wrap___aeabi_dcmpgt
                0x10003ce0        0xa CMakeFiles/dht11_7seg.dir/D_/Downloads/pico-sdk/src/rp2_common/pico_double/double_aeabi.S.obj
                0x10003ce0                __wrap___aeabi_dcmpgt
 .text.__wrap___aeabi_dcmpun
                0x10003cea       0x1c CMakeFiles/dht11_7seg.dir/D_/Downloads/pico-sdk/src/rp2_common/pico_double/double_aeabi.S.obj
                0x10003cea                __wrap___aeabi_dcmpun
 *fill*         0x10003d06        0x2 
 .text.__wrap___aeabi_i2d
                0x10003d08       0x38 CMakeFiles/dht11_7seg.dir/D_/Downloads/pico-sdk/src/rp2_common/pico_double/double_aeabi.S.obj
                0x10003d08                __wrap___aeabi_ui2d
                0x10003d10                __wrap___aeabi_i2d
 .text.__wrap___aeabi_d2iz
                0x10003d40       0x48 CMakeFiles/dht11_7seg.dir/D_/Downloads/pico-sdk/src/rp2_common/pico_double/double_aeabi.S.obj
                0x10003d40                double2int_z
                0x10003d40                __wrap___aeabi_d2iz
 .text.__wrap___aeabi_d2uiz
                0x10003d88       0x18 CMakeFiles/dht11_7seg.dir/D_/Downloads/pico-sdk/src/rp2_common/pico_double/double_aeabi.S.obj
                0x10003d88                __wrap___aeabi_d2uiz
                0x10003d88                double2uint
 .text.__aeabi_double_init
                0x10003da0       0xb8 CMakeFiles/dht11_7seg.dir/D_/Downloads/pico-sdk/src/rp2_common/pico_double/double_init_rom.c.obj
                0x10003da0                __aeabi_double_init
 .text.double_table_shim_on_use_helper
                0x10003e58       0x34 CMakeFiles/dht11_7seg.dir/D_/Downloads/pico-sdk/src/rp2_common/pico_double/double_v1_rom_shim.S.obj
                0x10003e58                double_table_shim_on_use_helper
 .text.__wrap___aeabi_dsub
                0x10003e8c       0x10 CMakeFiles/dht11_7seg.dir/D_/Downloads/pico-sdk/src/rp2_common/pico_double/double_v1_rom_shim.S.obj
                0x10003e8c                drsub_shim
                0x10003e92                dsub_shim
 .text.dadd_shim
                0x10003e9c      0x15c CMakeFiles/dht11_7seg.dir/D_/Downloads/pico-sdk/src/rp2_common/pico_double/double_v1_rom_shim.S.obj
                0x10003e9c                dadd_shim
 .text.dmul_shim
                0x10003ff8      0x15c CMakeFiles/dht11_7seg.dir/D_/Downloads/pico-sdk/src/rp2_common/pico_double/double_v1_rom_shim.S.obj
                0x10003ff8                dmul_shim
 .text.ddiv_shim
                0x10004154      0x1b0 CMakeFiles/dht11_7seg.dir/D_/Downloads/pico-sdk/src/rp2_common/pico_double/double_v1_rom_shim.S.obj
                0x10004154                ddiv_shim
 .text.dcordic_rot_step
                0x10004304       0x7c CMakeFiles/dht11_7seg.dir/D_/Downloads/pico-sdk/src/rp2_common/pico_double/double_v1_rom_shim.S.obj
                0x10004304                dcordic_rot_step
 .text.double2uint_shim
                0x10004380        0xe CMakeFiles/dht11_7seg.dir/D_/Downloads/pico-sdk/src/rp2_common/pico_double/double_v1_rom_shim.S.obj
                0x10004380                double2uint_shim
                0x10004382                double2ufix_shim
 *fill*         0x1000438e        0x2 
 .text.double2uint64_shim
                0x10004390       0x6c CMakeFiles/dht11_7seg.dir/D_/Downloads/pico-sdk/src/rp2_common/pico_double/double_v1_rom_shim.S.obj
                0x10004390                double2uint64_shim
                0x10004392                double2ufix64_shim
                0x100043ac                d2fix_a
 .text.dunpacks
                0x100043fc       0x3c CMakeFiles/dht11_7seg.dir/D_/Downloads/pico-sdk/src/rp2_common/pico_double/double_v1_rom_shim.S.obj
                0x100043fc                dunpacks
 .text.__aeabi_lmul
                0x10004438       0x32 CMakeFiles/dht11_7seg.dir/D_/Downloads/pico-sdk/src/rp2_common/pico_int64_ops/pico_int64_ops_aeabi.S.obj
                0x10004438                __wrap___aeabi_lmul
 *fill*         0x1000446a        0x2 
 .text.__wrap___aeabi_farithmetic
                0x1000446c       0x34 CMakeFiles/dht11_7seg.dir/D_/Downloads/pico-sdk/src/rp2_common/pico_float/float_aeabi.S.obj
                0x1000446c                __wrap___aeabi_frsub
                0x10004472                __wrap___aeabi_fsub
                0x1000447c                __wrap___aeabi_fadd
                0x10004486                __wrap___aeabi_fdiv
                0x10004490                __wrap___aeabi_fmul
 .text.__wrap___aeabi_cfcmple
                0x100044a0       0x50 CMakeFiles/dht11_7seg.dir/D_/Downloads/pico-sdk/src/rp2_common/pico_float/float_aeabi.S.obj
                0x100044a0                __wrap___aeabi_cfrcmple
                0x100044ac                __wrap___aeabi_cfcmple
                0x100044ac                __wrap___aeabi_cfcmpeq
 .text.__wrap___aeabi_fcmpgt
                0x100044f0        0xa CMakeFiles/dht11_7seg.dir/D_/Downloads/pico-sdk/src/rp2_common/pico_float/float_aeabi.S.obj
                0x100044f0                __wrap___aeabi_fcmpgt
 *fill*         0x100044fa        0x2 
 .text.__wrap___aeabi_i2f
                0x100044fc       0x44 CMakeFiles/dht11_7seg.dir/D_/Downloads/pico-sdk/src/rp2_common/pico_float/float_aeabi.S.obj
                0x100044fc                __wrap___aeabi_i2f
 .text.__wrap___aeabi_f2d
                0x10004540       0x14 CMakeFiles/dht11_7seg.dir/D_/Downloads/pico-sdk/src/rp2_common/pico_float/float_aeabi.S.obj
                0x10004540                __wrap___aeabi_f2d
 .text.__aeabi_float_init
                0x10004554       0xfc CMakeFiles/dht11_7seg.dir/D_/Downloads/pico-sdk/src/rp2_common/pico_float/float_init_rom.c.obj
                0x10004554                __aeabi_float_init
 .text.float_table_shim_on_use_helper
                0x10004650       0x34 CMakeFiles/dht11_7seg.dir/D_/Downloads/pico-sdk/src/rp2_common/pico_float/float_v1_rom_shim.S.obj
                0x10004650                float_table_shim_on_use_helper
 .text.float2double_shim
                0x10004684       0x30 CMakeFiles/dht11_7seg.dir/D_/Downloads/pico-sdk/src/rp2_common/pico_float/float_v1_rom_shim.S.obj
                0x10004684                float2double_shim
 .text          0x100046b4       0x10 CMakeFiles/dht11_7seg.dir/D_/Downloads/pico-sdk/src/rp2_common/pico_mem_ops/mem_ops_aeabi.S.obj
                0x100046b4                __aeabi_mem_init
 .text.memset   0x100046c4        0xc CMakeFiles/dht11_7seg.dir/D_/Downloads/pico-sdk/src/rp2_common/pico_mem_ops/mem_ops_aeabi.S.obj
                0x100046c4                __wrap_memset
 .text.memcpy   0x100046d0        0xc CMakeFiles/dht11_7seg.dir/D_/Downloads/pico-sdk/src/rp2_common/pico_mem_ops/mem_ops_aeabi.S.obj
                0x100046d0                __wrap_memcpy
                0x100046d0                __wrap___aeabi_memcpy
 .text.stdio_out_chars_crlf
                0x100046dc       0x80 CMakeFiles/dht11_7seg.dir/D_/Downloads/pico-sdk/src/rp2_common/pico_stdio/stdio.c.obj
 .text.stdio_stack_buffer_flush
                0x1000475c       0x44 CMakeFiles/dht11_7seg.dir/D_/Downloads/pico-sdk/src/rp2_common/pico_stdio/stdio.c.obj
 .text.stdio_buffered_printer
                0x100047a0       0x20 CMakeFiles/dht11_7seg.dir/D_/Downloads/pico-sdk/src/rp2_common/pico_stdio/stdio.c.obj
 .text.stdout_serialize_begin
                0x100047c0       0x2c CMakeFiles/dht11_7seg.dir/D_/Downloads/pico-sdk/src/rp2_common/pico_stdio/stdio.c.obj
                0x100047c0                stdout_serialize_begin
 .text.stdout_serialize_end
                0x100047ec       0x10 CMakeFiles/dht11_7seg.dir/D_/Downloads/pico-sdk/src/rp2_common/pico_stdio/stdio.c.obj
                0x100047ec                stdout_serialize_end
 .text.stdio_put_string
                0x100047fc       0x84 CMakeFiles/dht11_7seg.dir/D_/Downloads/pico-sdk/src/rp2_common/pico_stdio/stdio.c.obj
 .text.stdio_set_driver_enabled
                0x10004880       0x38 CMakeFiles/dht11_7seg.dir/D_/Downloads/pico-sdk/src/rp2_common/pico_stdio/stdio.c.obj
                0x10004880                stdio_set_driver_enabled
 .text.stdio_flush
                0x100048b8       0x20 CMakeFiles/dht11_7seg.dir/D_/Downloads/pico-sdk/src/rp2_common/pico_stdio/stdio.c.obj
                0x100048b8                stdio_flush
 .text.__wrap_puts
                0x100048d8       0x1c CMakeFiles/dht11_7seg.dir/D_/Downloads/pico-sdk/src/rp2_common/pico_stdio/stdio.c.obj
                0x100048d8                __wrap_puts
 .text.__wrap_vprintf
                0x100048f4       0x44 CMakeFiles/dht11_7seg.dir/D_/Downloads/pico-sdk/src/rp2_common/pico_stdio/stdio.c.obj
                0x100048f4                __wrap_vprintf
 .text.__wrap_printf
                0x10004938       0x18 CMakeFiles/dht11_7seg.dir/D_/Downloads/pico-sdk/src/rp2_common/pico_stdio/stdio.c.obj
                0x10004938                __wrap_printf
 .text.stdio_init_all
                0x10004950        0x8 CMakeFiles/dht11_7seg.dir/D_/Downloads/pico-sdk/src/rp2_common/pico_stdio/stdio.c.obj
                0x10004950                stdio_init_all
 .text.resetd_init
                0x10004958        0x2 CMakeFiles/dht11_7seg.dir/D_/Downloads/pico-sdk/src/rp2_common/pico_stdio_usb/reset_interface.c.obj
 *fill*         0x1000495a        0x2 
 .text.resetd_reset
                0x1000495c        0xc CMakeFiles/dht11_7seg.dir/D_/Downloads/pico-sdk/src/rp2_common/pico_stdio_usb/reset_interface.c.obj
 .text.resetd_open
                0x10004968       0x34 CMakeFiles/dht11_7seg.dir/D_/Downloads/pico-sdk/src/rp2_common/pico_stdio_usb/reset_interface.c.obj
 .text.resetd_control_complete_cb
                0x1000499c        0x4 CMakeFiles/dht11_7seg.dir/D_/Downloads/pico-sdk/src/rp2_common/pico_stdio_usb/reset_interface.c.obj
 .text.resetd_xfer_cb
                0x100049a0        0x4 CMakeFiles/dht11_7seg.dir/D_/Downloads/pico-sdk/src/rp2_common/pico_stdio_usb/reset_interface.c.obj
 .text.reset_usb_boot
                0x100049a4       0x18 CMakeFiles/dht11_7seg.dir/D_/Downloads/pico-sdk/src/rp2_common/pico_stdio_usb/reset_interface.c.obj
 .text.resetd_control_request_cb
                0x100049bc       0x5c CMakeFiles/dht11_7seg.dir/D_/Downloads/pico-sdk/src/rp2_common/pico_stdio_usb/reset_interface.c.obj
 .text.usbd_app_driver_get_cb
                0x10004a18        0xc CMakeFiles/dht11_7seg.dir/D_/Downloads/pico-sdk/src/rp2_common/pico_stdio_usb/reset_interface.c.obj
                0x10004a18                usbd_app_driver_get_cb
 .text.tud_cdc_line_coding_cb
                0x10004a24       0x28 CMakeFiles/dht11_7seg.dir/D_/Downloads/pico-sdk/src/rp2_common/pico_stdio_usb/reset_interface.c.obj
                0x10004a24                tud_cdc_line_coding_cb
 .text.stdio_usb_in_chars
                0x10004a4c       0x70 CMakeFiles/dht11_7seg.dir/D_/Downloads/pico-sdk/src/rp2_common/pico_stdio_usb/stdio_usb.c.obj
                0x10004a4c                stdio_usb_in_chars
 .text.low_priority_worker_irq
                0x10004abc       0x20 CMakeFiles/dht11_7seg.dir/D_/Downloads/pico-sdk/src/rp2_common/pico_stdio_usb/stdio_usb.c.obj
 .text.stdio_usb_out_chars
                0x10004adc       0xd4 CMakeFiles/dht11_7seg.dir/D_/Downloads/pico-sdk/src/rp2_common/pico_stdio_usb/stdio_usb.c.obj
 .text.timer_task
                0x10004bb0       0x10 CMakeFiles/dht11_7seg.dir/D_/Downloads/pico-sdk/src/rp2_common/pico_stdio_usb/stdio_usb.c.obj
 .text.stdio_usb_init
                0x10004bc0       0x90 CMakeFiles/dht11_7seg.dir/D_/Downloads/pico-sdk/src/rp2_common/pico_stdio_usb/stdio_usb.c.obj
                0x10004bc0                stdio_usb_init
 .text.tud_descriptor_device_cb
                0x10004c50        0x8 CMakeFiles/dht11_7seg.dir/D_/Downloads/pico-sdk/src/rp2_common/pico_stdio_usb/stdio_usb_descriptors.c.obj
                0x10004c50                tud_descriptor_device_cb
 .text.tud_descriptor_configuration_cb
                0x10004c58        0x8 CMakeFiles/dht11_7seg.dir/D_/Downloads/pico-sdk/src/rp2_common/pico_stdio_usb/stdio_usb_descriptors.c.obj
                0x10004c58                tud_descriptor_configuration_cb
 .text.tud_descriptor_string_cb
                0x10004c60       0x50 CMakeFiles/dht11_7seg.dir/D_/Downloads/pico-sdk/src/rp2_common/pico_stdio_usb/stdio_usb_descriptors.c.obj
                0x10004c60                tud_descriptor_string_cb
 .text.hw_endpoint_get_by_addr
                0x10004cb0       0x1c CMakeFiles/dht11_7seg.dir/D_/Downloads/pico-sdk/lib/tinyusb/src/portable/raspberrypi/rp2040/dcd_rp2040.c.obj
 .text.reset_ep0
                0x10004ccc       0x2c CMakeFiles/dht11_7seg.dir/D_/Downloads/pico-sdk/lib/tinyusb/src/portable/raspberrypi/rp2040/dcd_rp2040.c.obj
 .text._hw_endpoint_alloc
                0x10004cf8       0x7c CMakeFiles/dht11_7seg.dir/D_/Downloads/pico-sdk/lib/tinyusb/src/portable/raspberrypi/rp2040/dcd_rp2040.c.obj
 .text._hw_endpoint_init
                0x10004d74       0xbc CMakeFiles/dht11_7seg.dir/D_/Downloads/pico-sdk/lib/tinyusb/src/portable/raspberrypi/rp2040/dcd_rp2040.c.obj
 .text.hw_endpoint_init
                0x10004e30       0x18 CMakeFiles/dht11_7seg.dir/D_/Downloads/pico-sdk/lib/tinyusb/src/portable/raspberrypi/rp2040/dcd_rp2040.c.obj
 .text.hw_handle_buff_status
                0x10004e48       0xb8 CMakeFiles/dht11_7seg.dir/D_/Downloads/pico-sdk/lib/tinyusb/src/portable/raspberrypi/rp2040/dcd_rp2040.c.obj
 .text.dcd_rp2040_irq
                0x10004f00       0x8c CMakeFiles/dht11_7seg.dir/D_/Downloads/pico-sdk/lib/tinyusb/src/portable/raspberrypi/rp2040/dcd_rp2040.c.obj
 .text.hw_endpoint_xfer
                0x10004f8c       0x18 CMakeFiles/dht11_7seg.dir/D_/Downloads/pico-sdk/lib/tinyusb/src/portable/raspberrypi/rp2040/dcd_rp2040.c.obj
 .text.ep0_0len_status
                0x10004fa4       0x14 CMakeFiles/dht11_7seg.dir/D_/Downloads/pico-sdk/lib/tinyusb/src/portable/raspberrypi/rp2040/dcd_rp2040.c.obj
 .text._hw_endpoint_stall
                0x10004fb8       0x54 CMakeFiles/dht11_7seg.dir/D_/Downloads/pico-sdk/lib/tinyusb/src/portable/raspberrypi/rp2040/dcd_rp2040.c.obj
 .text.hw_endpoint_stall
                0x1000500c        0xc CMakeFiles/dht11_7seg.dir/D_/Downloads/pico-sdk/lib/tinyusb/src/portable/raspberrypi/rp2040/dcd_rp2040.c.obj
 .text._hw_endpoint_clear_stall
                0x10005018       0x34 CMakeFiles/dht11_7seg.dir/D_/Downloads/pico-sdk/lib/tinyusb/src/portable/raspberrypi/rp2040/dcd_rp2040.c.obj
 .text.hw_endpoint_clear_stall
                0x1000504c        0xc CMakeFiles/dht11_7seg.dir/D_/Downloads/pico-sdk/lib/tinyusb/src/portable/raspberrypi/rp2040/dcd_rp2040.c.obj
 .text.dcd_int_enable
                0x10005058       0x2c CMakeFiles/dht11_7seg.dir/D_/Downloads/pico-sdk/lib/tinyusb/src/portable/raspberrypi/rp2040/dcd_rp2040.c.obj
                0x10005058                dcd_int_enable
 .text.dcd_set_address
                0x10005084       0x30 CMakeFiles/dht11_7seg.dir/D_/Downloads/pico-sdk/lib/tinyusb/src/portable/raspberrypi/rp2040/dcd_rp2040.c.obj
                0x10005084                dcd_set_address
 .text.dcd_connect
                0x100050b4       0x30 CMakeFiles/dht11_7seg.dir/D_/Downloads/pico-sdk/lib/tinyusb/src/portable/raspberrypi/rp2040/dcd_rp2040.c.obj
                0x100050b4                dcd_connect
 .text.dcd_init
                0x100050e4       0x90 CMakeFiles/dht11_7seg.dir/D_/Downloads/pico-sdk/lib/tinyusb/src/portable/raspberrypi/rp2040/dcd_rp2040.c.obj
                0x100050e4                dcd_init
 .text.dcd_edpt0_status_complete
                0x10005174       0x44 CMakeFiles/dht11_7seg.dir/D_/Downloads/pico-sdk/lib/tinyusb/src/portable/raspberrypi/rp2040/dcd_rp2040.c.obj
                0x10005174                dcd_edpt0_status_complete
 .text.dcd_edpt_open
                0x100051b8       0x40 CMakeFiles/dht11_7seg.dir/D_/Downloads/pico-sdk/lib/tinyusb/src/portable/raspberrypi/rp2040/dcd_rp2040.c.obj
                0x100051b8                dcd_edpt_open
 .text.dcd_edpt_xfer
                0x100051f8       0x34 CMakeFiles/dht11_7seg.dir/D_/Downloads/pico-sdk/lib/tinyusb/src/portable/raspberrypi/rp2040/dcd_rp2040.c.obj
                0x100051f8                dcd_edpt_xfer
 .text.dcd_edpt_stall
                0x1000522c       0x28 CMakeFiles/dht11_7seg.dir/D_/Downloads/pico-sdk/lib/tinyusb/src/portable/raspberrypi/rp2040/dcd_rp2040.c.obj
                0x1000522c                dcd_edpt_stall
 .text.dcd_edpt_clear_stall
                0x10005254       0x28 CMakeFiles/dht11_7seg.dir/D_/Downloads/pico-sdk/lib/tinyusb/src/portable/raspberrypi/rp2040/dcd_rp2040.c.obj
                0x10005254                dcd_edpt_clear_stall
 .text.rp2040_usb_init
                0x1000527c       0x50 CMakeFiles/dht11_7seg.dir/D_/Downloads/pico-sdk/lib/tinyusb/src/portable/raspberrypi/rp2040/rp2040_usb.c.obj
                0x1000527c                rp2040_usb_init
 .text.hw_endpoint_reset_transfer
                0x100052cc       0x14 CMakeFiles/dht11_7seg.dir/D_/Downloads/pico-sdk/lib/tinyusb/src/portable/raspberrypi/rp2040/rp2040_usb.c.obj
                0x100052cc                hw_endpoint_reset_transfer
 .text._hw_endpoint_buffer_control_update32
                0x100052e0       0x54 CMakeFiles/dht11_7seg.dir/D_/Downloads/pico-sdk/lib/tinyusb/src/portable/raspberrypi/rp2040/rp2040_usb.c.obj
                0x100052e0                _hw_endpoint_buffer_control_update32
 .text._hw_endpoint_start_next_buffer
                0x10005334       0x5a CMakeFiles/dht11_7seg.dir/D_/Downloads/pico-sdk/lib/tinyusb/src/portable/raspberrypi/rp2040/rp2040_usb.c.obj
                0x10005334                _hw_endpoint_start_next_buffer
 .text._hw_endpoint_xfer_start
                0x1000538e       0x46 CMakeFiles/dht11_7seg.dir/D_/Downloads/pico-sdk/lib/tinyusb/src/portable/raspberrypi/rp2040/rp2040_usb.c.obj
                0x1000538e                _hw_endpoint_xfer_start
 .text._hw_endpoint_xfer_sync
                0x100053d4       0x74 CMakeFiles/dht11_7seg.dir/D_/Downloads/pico-sdk/lib/tinyusb/src/portable/raspberrypi/rp2040/rp2040_usb.c.obj
                0x100053d4                _hw_endpoint_xfer_sync
 .text._hw_endpoint_xfer_continue
                0x10005448       0x58 CMakeFiles/dht11_7seg.dir/D_/Downloads/pico-sdk/lib/tinyusb/src/portable/raspberrypi/rp2040/rp2040_usb.c.obj
                0x10005448                _hw_endpoint_xfer_continue
 .text._hw_endpoint_xfer
                0x100054a0       0x34 CMakeFiles/dht11_7seg.dir/D_/Downloads/pico-sdk/lib/tinyusb/src/portable/raspberrypi/rp2040/rp2040_usb.c.obj
                0x100054a0                _hw_endpoint_xfer
 .text.mark_interface_endpoint
                0x100054d4       0x2a CMakeFiles/dht11_7seg.dir/D_/Downloads/pico-sdk/lib/tinyusb/src/device/usbd.c.obj
 *fill*         0x100054fe        0x2 
 .text.usbd_reset
                0x10005500       0x88 CMakeFiles/dht11_7seg.dir/D_/Downloads/pico-sdk/lib/tinyusb/src/device/usbd.c.obj
 .text.invoke_class_control
                0x10005588       0x18 CMakeFiles/dht11_7seg.dir/D_/Downloads/pico-sdk/lib/tinyusb/src/device/usbd.c.obj
 .text.process_set_config
                0x100055a0      0x1d0 CMakeFiles/dht11_7seg.dir/D_/Downloads/pico-sdk/lib/tinyusb/src/device/usbd.c.obj
 .text.process_get_descriptor
                0x10005770       0xf4 CMakeFiles/dht11_7seg.dir/D_/Downloads/pico-sdk/lib/tinyusb/src/device/usbd.c.obj
 .text.tud_mounted
                0x10005864       0x10 CMakeFiles/dht11_7seg.dir/D_/Downloads/pico-sdk/lib/tinyusb/src/device/usbd.c.obj
                0x10005864                tud_mounted
 .text.tud_suspended
                0x10005874       0x10 CMakeFiles/dht11_7seg.dir/D_/Downloads/pico-sdk/lib/tinyusb/src/device/usbd.c.obj
                0x10005874                tud_suspended
 .text.tud_init
                0x10005884       0xb8 CMakeFiles/dht11_7seg.dir/D_/Downloads/pico-sdk/lib/tinyusb/src/device/usbd.c.obj
                0x10005884                tud_init
 .text.dcd_event_handler
                0x1000593c      0x1c4 CMakeFiles/dht11_7seg.dir/D_/Downloads/pico-sdk/lib/tinyusb/src/device/usbd.c.obj
                0x1000593c                dcd_event_handler
 .text.dcd_event_bus_signal
                0x10005b00       0x26 CMakeFiles/dht11_7seg.dir/D_/Downloads/pico-sdk/lib/tinyusb/src/device/usbd.c.obj
                0x10005b00                dcd_event_bus_signal
 .text.dcd_event_setup_received
                0x10005b26       0x34 CMakeFiles/dht11_7seg.dir/D_/Downloads/pico-sdk/lib/tinyusb/src/device/usbd.c.obj
                0x10005b26                dcd_event_setup_received
 .text.dcd_event_xfer_complete
                0x10005b5a       0x44 CMakeFiles/dht11_7seg.dir/D_/Downloads/pico-sdk/lib/tinyusb/src/device/usbd.c.obj
                0x10005b5a                dcd_event_xfer_complete
 .text.usbd_edpt_open
                0x10005b9e        0x8 CMakeFiles/dht11_7seg.dir/D_/Downloads/pico-sdk/lib/tinyusb/src/device/usbd.c.obj
                0x10005b9e                usbd_edpt_open
 *fill*         0x10005ba6        0x2 
 .text.usbd_open_edpt_pair
                0x10005ba8       0x8c CMakeFiles/dht11_7seg.dir/D_/Downloads/pico-sdk/lib/tinyusb/src/device/usbd.c.obj
                0x10005ba8                usbd_open_edpt_pair
 .text.usbd_edpt_claim
                0x10005c34       0x8c CMakeFiles/dht11_7seg.dir/D_/Downloads/pico-sdk/lib/tinyusb/src/device/usbd.c.obj
                0x10005c34                usbd_edpt_claim
 .text.usbd_edpt_release
                0x10005cc0       0x68 CMakeFiles/dht11_7seg.dir/D_/Downloads/pico-sdk/lib/tinyusb/src/device/usbd.c.obj
                0x10005cc0                usbd_edpt_release
 .text.usbd_edpt_xfer
                0x10005d28       0x80 CMakeFiles/dht11_7seg.dir/D_/Downloads/pico-sdk/lib/tinyusb/src/device/usbd.c.obj
                0x10005d28                usbd_edpt_xfer
 .text.usbd_edpt_stall
                0x10005da8       0x2c CMakeFiles/dht11_7seg.dir/D_/Downloads/pico-sdk/lib/tinyusb/src/device/usbd.c.obj
                0x10005da8                usbd_edpt_stall
 .text.usbd_edpt_clear_stall
                0x10005dd4       0x2c CMakeFiles/dht11_7seg.dir/D_/Downloads/pico-sdk/lib/tinyusb/src/device/usbd.c.obj
                0x10005dd4                usbd_edpt_clear_stall
 .text.usbd_edpt_stalled
                0x10005e00       0x1c CMakeFiles/dht11_7seg.dir/D_/Downloads/pico-sdk/lib/tinyusb/src/device/usbd.c.obj
                0x10005e00                usbd_edpt_stalled
 .text.process_control_request
                0x10005e1c      0x37c CMakeFiles/dht11_7seg.dir/D_/Downloads/pico-sdk/lib/tinyusb/src/device/usbd.c.obj
 .text.tud_task
                0x10006198      0x204 CMakeFiles/dht11_7seg.dir/D_/Downloads/pico-sdk/lib/tinyusb/src/device/usbd.c.obj
                0x10006198                tud_task
 .text._data_stage_xact
                0x1000639c       0x58 CMakeFiles/dht11_7seg.dir/D_/Downloads/pico-sdk/lib/tinyusb/src/device/usbd_control.c.obj
 .text.tud_control_status
                0x100063f4       0x38 CMakeFiles/dht11_7seg.dir/D_/Downloads/pico-sdk/lib/tinyusb/src/device/usbd_control.c.obj
                0x100063f4                tud_control_status
 .text.tud_control_xfer
                0x1000642c       0xa8 CMakeFiles/dht11_7seg.dir/D_/Downloads/pico-sdk/lib/tinyusb/src/device/usbd_control.c.obj
                0x1000642c                tud_control_xfer
 .text.usbd_control_reset
                0x100064d4       0x14 CMakeFiles/dht11_7seg.dir/D_/Downloads/pico-sdk/lib/tinyusb/src/device/usbd_control.c.obj
                0x100064d4                usbd_control_reset
 .text.usbd_control_set_complete_callback
                0x100064e8        0xc CMakeFiles/dht11_7seg.dir/D_/Downloads/pico-sdk/lib/tinyusb/src/device/usbd_control.c.obj
                0x100064e8                usbd_control_set_complete_callback
 .text.usbd_control_set_request
                0x100064f4       0x1c CMakeFiles/dht11_7seg.dir/D_/Downloads/pico-sdk/lib/tinyusb/src/device/usbd_control.c.obj
                0x100064f4                usbd_control_set_request
 .text.usbd_control_xfer_cb
                0x10006510       0xe8 CMakeFiles/dht11_7seg.dir/D_/Downloads/pico-sdk/lib/tinyusb/src/device/usbd_control.c.obj
                0x10006510                usbd_control_xfer_cb
 .text._prep_out_transaction
                0x100065f8       0x46 CMakeFiles/dht11_7seg.dir/D_/Downloads/pico-sdk/lib/tinyusb/src/class/cdc/cdc_device.c.obj
 *fill*         0x1000663e        0x2 
 .text.tud_cdc_n_connected
                0x10006640       0x48 CMakeFiles/dht11_7seg.dir/D_/Downloads/pico-sdk/lib/tinyusb/src/class/cdc/cdc_device.c.obj
                0x10006640                tud_cdc_n_connected
 .text.tud_cdc_n_available
                0x10006688       0x20 CMakeFiles/dht11_7seg.dir/D_/Downloads/pico-sdk/lib/tinyusb/src/class/cdc/cdc_device.c.obj
                0x10006688                tud_cdc_n_available
 .text.tud_cdc_n_read
                0x100066a8       0x30 CMakeFiles/dht11_7seg.dir/D_/Downloads/pico-sdk/lib/tinyusb/src/class/cdc/cdc_device.c.obj
                0x100066a8                tud_cdc_n_read
 .text.tud_cdc_n_write_flush
                0x100066d8       0xc4 CMakeFiles/dht11_7seg.dir/D_/Downloads/pico-sdk/lib/tinyusb/src/class/cdc/cdc_device.c.obj
                0x100066d8                tud_cdc_n_write_flush
 .text.tud_cdc_n_write
                0x1000679c       0x38 CMakeFiles/dht11_7seg.dir/D_/Downloads/pico-sdk/lib/tinyusb/src/class/cdc/cdc_device.c.obj
                0x1000679c                tud_cdc_n_write
 .text.tud_cdc_n_write_available
                0x100067d4       0x20 CMakeFiles/dht11_7seg.dir/D_/Downloads/pico-sdk/lib/tinyusb/src/class/cdc/cdc_device.c.obj
                0x100067d4                tud_cdc_n_write_available
 .text.cdcd_init
                0x100067f4       0xdc CMakeFiles/dht11_7seg.dir/D_/Downloads/pico-sdk/lib/tinyusb/src/class/cdc/cdc_device.c.obj
                0x100067f4                cdcd_init
 .text.cdcd_reset
                0x100068d0       0x44 CMakeFiles/dht11_7seg.dir/D_/Downloads/pico-sdk/lib/tinyusb/src/class/cdc/cdc_device.c.obj
                0x100068d0                cdcd_reset
 .text.cdcd_open
                0x10006914      0x118 CMakeFiles/dht11_7seg.dir/D_/Downloads/pico-sdk/lib/tinyusb/src/class/cdc/cdc_device.c.obj
                0x10006914                cdcd_open
 .text.cdcd_control_complete
                0x10006a2c       0x60 CMakeFiles/dht11_7seg.dir/D_/Downloads/pico-sdk/lib/tinyusb/src/class/cdc/cdc_device.c.obj
                0x10006a2c                cdcd_control_complete
 .text.cdcd_control_request
                0x10006a8c       0x9c CMakeFiles/dht11_7seg.dir/D_/Downloads/pico-sdk/lib/tinyusb/src/class/cdc/cdc_device.c.obj
                0x10006a8c                cdcd_control_request
 .text.cdcd_xfer_cb
                0x10006b28      0x130 CMakeFiles/dht11_7seg.dir/D_/Downloads/pico-sdk/lib/tinyusb/src/class/cdc/cdc_device.c.obj
                0x10006b28                cdcd_xfer_cb
 .text.tusb_init
                0x10006c58       0x38 CMakeFiles/dht11_7seg.dir/D_/Downloads/pico-sdk/lib/tinyusb/src/tusb.c.obj
                0x10006c58                tusb_init
 .text.tusb_inited
                0x10006c90        0xc CMakeFiles/dht11_7seg.dir/D_/Downloads/pico-sdk/lib/tinyusb/src/tusb.c.obj
                0x10006c90                tusb_inited
 .text.advance_pointer
                0x10006c9c       0x1e CMakeFiles/dht11_7seg.dir/D_/Downloads/pico-sdk/lib/tinyusb/src/common/tusb_fifo.c.obj
 .text.backward_pointer
                0x10006cba       0x1a CMakeFiles/dht11_7seg.dir/D_/Downloads/pico-sdk/lib/tinyusb/src/common/tusb_fifo.c.obj
 .text.get_relative_pointer
                0x10006cd4       0x16 CMakeFiles/dht11_7seg.dir/D_/Downloads/pico-sdk/lib/tinyusb/src/common/tusb_fifo.c.obj
 .text.tu_fifo_lock
                0x10006cea       0x12 CMakeFiles/dht11_7seg.dir/D_/Downloads/pico-sdk/lib/tinyusb/src/common/tusb_fifo.c.obj
 .text.tu_fifo_unlock
                0x10006cfc        0xe CMakeFiles/dht11_7seg.dir/D_/Downloads/pico-sdk/lib/tinyusb/src/common/tusb_fifo.c.obj
 .text._tu_fifo_peek_at
                0x10006d0a       0x66 CMakeFiles/dht11_7seg.dir/D_/Downloads/pico-sdk/lib/tinyusb/src/common/tusb_fifo.c.obj
 .text._ff_pull_n
                0x10006d70       0x4a CMakeFiles/dht11_7seg.dir/D_/Downloads/pico-sdk/lib/tinyusb/src/common/tusb_fifo.c.obj
 .text._tu_fifo_peek_at_n
                0x10006dba       0x72 CMakeFiles/dht11_7seg.dir/D_/Downloads/pico-sdk/lib/tinyusb/src/common/tusb_fifo.c.obj
 .text._ff_push_n
                0x10006e2c       0x4a CMakeFiles/dht11_7seg.dir/D_/Downloads/pico-sdk/lib/tinyusb/src/common/tusb_fifo.c.obj
 .text.tu_fifo_config
                0x10006e76       0x48 CMakeFiles/dht11_7seg.dir/D_/Downloads/pico-sdk/lib/tinyusb/src/common/tusb_fifo.c.obj
                0x10006e76                tu_fifo_config
 .text.tu_fifo_count
                0x10006ebe       0x1c CMakeFiles/dht11_7seg.dir/D_/Downloads/pico-sdk/lib/tinyusb/src/common/tusb_fifo.c.obj
                0x10006ebe                tu_fifo_count
 .text.tu_fifo_remaining
                0x10006eda       0x20 CMakeFiles/dht11_7seg.dir/D_/Downloads/pico-sdk/lib/tinyusb/src/common/tusb_fifo.c.obj
                0x10006eda                tu_fifo_remaining
 .text.tu_fifo_read
                0x10006efa       0x3a CMakeFiles/dht11_7seg.dir/D_/Downloads/pico-sdk/lib/tinyusb/src/common/tusb_fifo.c.obj
                0x10006efa                tu_fifo_read
 .text.tu_fifo_read_n
                0x10006f34       0x3e CMakeFiles/dht11_7seg.dir/D_/Downloads/pico-sdk/lib/tinyusb/src/common/tusb_fifo.c.obj
                0x10006f34                tu_fifo_read_n
 .text.tu_fifo_write
                0x10006f72       0x5c CMakeFiles/dht11_7seg.dir/D_/Downloads/pico-sdk/lib/tinyusb/src/common/tusb_fifo.c.obj
                0x10006f72                tu_fifo_write
 .text.tu_fifo_write_n
                0x10006fce       0x7c CMakeFiles/dht11_7seg.dir/D_/Downloads/pico-sdk/lib/tinyusb/src/common/tusb_fifo.c.obj
                0x10006fce                tu_fifo_write_n
 .text.tu_fifo_clear
                0x1000704a       0x18 CMakeFiles/dht11_7seg.dir/D_/Downloads/pico-sdk/lib/tinyusb/src/common/tusb_fifo.c.obj
                0x1000704a                tu_fifo_clear
 .text.core1_trampoline
                0x10007062        0x2 CMakeFiles/dht11_7seg.dir/D_/Downloads/pico-sdk/src/rp2_common/pico_multicore/multicore.c.obj
 .text.core1_wrapper
                0x10007064        0xc CMakeFiles/dht11_7seg.dir/D_/Downloads/pico-sdk/src/rp2_common/pico_multicore/multicore.c.obj
                0x10007064                core1_wrapper
 .text.multicore_fifo_push_blocking
                0x10007070       0x14 CMakeFiles/dht11_7seg.dir/D_/Downloads/pico-sdk/src/rp2_common/pico_multicore/multicore.c.obj
                0x10007070                multicore_fifo_push_blocking
 .text.multicore_fifo_pop_blocking
                0x10007084       0x16 CMakeFiles/dht11_7seg.dir/D_/Downloads/pico-sdk/src/rp2_common/pico_multicore/multicore.c.obj
                0x10007084                multicore_fifo_pop_blocking
 .text.multicore_launch_core1_raw
                0x1000709a       0x50 CMakeFiles/dht11_7seg.dir/D_/Downloads/pico-sdk/src/rp2_common/pico_multicore/multicore.c.obj
                0x1000709a                multicore_launch_core1_raw
 *fill*         0x100070ea        0x2 
 .text.multicore_launch_core1_with_stack
                0x100070ec       0x50 CMakeFiles/dht11_7seg.dir/D_/Downloads/pico-sdk/src/rp2_common/pico_multicore/multicore.c.obj
                0x100070ec                multicore_launch_core1_with_stack
 .text.multicore_launch_core1
                0x1000713c       0x24 CMakeFiles/dht11_7seg.dir/D_/Downloads/pico-sdk/src/rp2_common/pico_multicore/multicore.c.obj
                0x1000713c                multicore_launch_core1
 .text.strlen   0x10007160       0x5c c:/progra~2/gnuarm~1/102020~1/bin/../lib/gcc/arm-none-eabi/10.2.1/../../../../arm-none-eabi/lib/thumb/v6-m/nofp\libg.a(lib_a-strlen-stub.o)
                0x10007160                strlen
 *(.fini)
 .fini          0x100071bc        0x4 c:/progra~2/gnuarm~1/102020~1/bin/../lib/gcc/arm-none-eabi/10.2.1/thumb/v6-m/nofp/crti.o
                0x100071bc                _fini
 .fini.__stub   0x100071c0       0x60 linker stubs
 *crtbegin.o(.ctors)
 *crtbegin?.o(.ctors)
 *(EXCLUDE_FILE(*crtend.o *crtend?.o) .ctors)
 *(SORT_BY_NAME(.ctors.*))
 *(.ctors)
 *crtbegin.o(.dtors)
 *crtbegin?.o(.dtors)
 *(EXCLUDE_FILE(*crtend.o *crtend?.o) .dtors)
 *(SORT_BY_NAME(.dtors.*))
 *(.dtors)
 *(.eh_frame*)
 .eh_frame      0x10007220        0x0 c:/progra~2/gnuarm~1/102020~1/bin/../lib/gcc/arm-none-eabi/10.2.1/thumb/v6-m/nofp/crtbegin.o
                0x10007220                . = ALIGN (0x4)

.glue_7         0x10007220        0x0
 .glue_7        0x10007220        0x0 linker stubs

.glue_7t        0x10007220        0x0
 .glue_7t       0x10007220        0x0 linker stubs

.vfp11_veneer   0x10007220        0x0
 .vfp11_veneer  0x10007220        0x0 linker stubs

.v4_bx          0x10007220        0x0
 .v4_bx         0x10007220        0x0 linker stubs

.iplt           0x10007220        0x0
 .iplt          0x10007220        0x0 c:/progra~2/gnuarm~1/102020~1/bin/../lib/gcc/arm-none-eabi/10.2.1/thumb/v6-m/nofp/crtbegin.o

.rodata         0x10007220     0x1450
 *(EXCLUDE_FILE(*libm.a: *libc.a:*lib_a-mem*.o *libgcc.a:) .rodata*)
 .rodata.main   0x10007220       0x28 CMakeFiles/dht11_7seg.dir/main.c.obj
 .rodata.read_from_dht.str1.4
                0x10007248        0x9 CMakeFiles/dht11_7seg.dir/main.c.obj
 *fill*         0x10007251        0x3 
 .rodata.core1_code.str1.4
                0x10007254       0x27 CMakeFiles/dht11_7seg.dir/main.c.obj
 *fill*         0x1000727b        0x1 
 .rodata.spin_lock_claim_unused.str1.4
                0x1000727c       0x1b CMakeFiles/dht11_7seg.dir/D_/Downloads/pico-sdk/src/rp2_common/hardware_sync/sync.c.obj
 *fill*         0x10007297        0x1 
 .rodata.repeating_timer_callback.str1.4
                0x10007298       0x46 CMakeFiles/dht11_7seg.dir/D_/Downloads/pico-sdk/src/common/pico_time/time.c.obj
 *fill*         0x100072de        0x2 
 .rodata.timer_pool_entry_comparator.str1.4
                0x100072e0       0x22 CMakeFiles/dht11_7seg.dir/D_/Downloads/pico-sdk/src/common/pico_time/time.c.obj
 *fill*         0x10007302        0x2 
 .rodata.ph_add_child_node.str1.4
                0x10007304       0x92 CMakeFiles/dht11_7seg.dir/D_/Downloads/pico-sdk/src/common/pico_time/time.c.obj
 *fill*         0x10007396        0x2 
 .rodata.add_alarm_under_lock.str1.4
                0x10007398       0x28 CMakeFiles/dht11_7seg.dir/D_/Downloads/pico-sdk/src/common/pico_time/time.c.obj
                                 0x2b (size before relaxing)
 .rodata.alarm_pool_alarm_callback.str1.4
                0x100073c0       0x82 CMakeFiles/dht11_7seg.dir/D_/Downloads/pico-sdk/src/common/pico_time/time.c.obj
 *fill*         0x10007442        0x2 
 .rodata.alarm_pool_get_default.str1.4
                0x10007444       0x21 CMakeFiles/dht11_7seg.dir/D_/Downloads/pico-sdk/src/common/pico_time/time.c.obj
 *fill*         0x10007465        0x3 
 .rodata.alarm_pool_cancel_alarm.str1.4
                0x10007468       0x27 CMakeFiles/dht11_7seg.dir/D_/Downloads/pico-sdk/src/common/pico_time/time.c.obj
 *fill*         0x1000748f        0x1 
 .rodata.sleep_until.str1.4
                0x10007490       0x4d CMakeFiles/dht11_7seg.dir/D_/Downloads/pico-sdk/src/common/pico_time/time.c.obj
 *fill*         0x100074dd        0x3 
 .rodata.__func__.1
                0x100074e0       0x18 CMakeFiles/dht11_7seg.dir/D_/Downloads/pico-sdk/src/common/pico_time/time.c.obj
 .rodata.__func__.10
                0x100074f8       0x1a CMakeFiles/dht11_7seg.dir/D_/Downloads/pico-sdk/src/common/pico_time/time.c.obj
 *fill*         0x10007512        0x2 
 .rodata.__func__.11
                0x10007514        0xa CMakeFiles/dht11_7seg.dir/D_/Downloads/pico-sdk/src/common/pico_time/time.c.obj
 *fill*         0x1000751e        0x2 
 .rodata.__func__.3
                0x10007520       0x17 CMakeFiles/dht11_7seg.dir/D_/Downloads/pico-sdk/src/common/pico_time/time.c.obj
 *fill*         0x10007537        0x1 
 .rodata.__func__.4
                0x10007538       0x12 CMakeFiles/dht11_7seg.dir/D_/Downloads/pico-sdk/src/common/pico_time/time.c.obj
 *fill*         0x1000754a        0x2 
 .rodata.__func__.5
                0x1000754c        0xd CMakeFiles/dht11_7seg.dir/D_/Downloads/pico-sdk/src/common/pico_time/time.c.obj
 *fill*         0x10007559        0x3 
 .rodata.__func__.6
                0x1000755c       0x12 CMakeFiles/dht11_7seg.dir/D_/Downloads/pico-sdk/src/common/pico_time/time.c.obj
 *fill*         0x1000756e        0x2 
 .rodata.__func__.7
                0x10007570        0xf CMakeFiles/dht11_7seg.dir/D_/Downloads/pico-sdk/src/common/pico_time/time.c.obj
 *fill*         0x1000757f        0x1 
 .rodata.__func__.8
                0x10007580        0xc CMakeFiles/dht11_7seg.dir/D_/Downloads/pico-sdk/src/common/pico_time/time.c.obj
 .rodata.__func__.9
                0x1000758c       0x15 CMakeFiles/dht11_7seg.dir/D_/Downloads/pico-sdk/src/common/pico_time/time.c.obj
 *fill*         0x100075a1        0x3 
 .rodata.hardware_alarm_claim.str1.4
                0x100075a4       0x22 CMakeFiles/dht11_7seg.dir/D_/Downloads/pico-sdk/src/rp2_common/hardware_timer/timer.c.obj
 *fill*         0x100075c6        0x2 
 .rodata.hardware_alarm_set_target.str1.4
                0x100075c8       0x60 CMakeFiles/dht11_7seg.dir/D_/Downloads/pico-sdk/src/rp2_common/hardware_timer/timer.c.obj
 .rodata.__func__.0
                0x10007628       0x1a CMakeFiles/dht11_7seg.dir/D_/Downloads/pico-sdk/src/rp2_common/hardware_timer/timer.c.obj
 *fill*         0x10007642        0x2 
 .rodata.str1.4
                0x10007644       0x58 CMakeFiles/dht11_7seg.dir/D_/Downloads/pico-sdk/src/common/pico_sync/mutex.c.obj
 .rodata.__func__.0
                0x1000769c        0xb CMakeFiles/dht11_7seg.dir/D_/Downloads/pico-sdk/src/common/pico_sync/mutex.c.obj
 *fill*         0x100076a7        0x1 
 .rodata.__func__.1
                0x100076a8       0x18 CMakeFiles/dht11_7seg.dir/D_/Downloads/pico-sdk/src/common/pico_sync/mutex.c.obj
 .rodata.__func__.2
                0x100076c0       0x15 CMakeFiles/dht11_7seg.dir/D_/Downloads/pico-sdk/src/common/pico_sync/mutex.c.obj
 .rodata.ph_add_child_node.str1.4
                0x100076d5       0x92 CMakeFiles/dht11_7seg.dir/D_/Downloads/pico-sdk/src/common/pico_util/pheap.c.obj
 *fill*         0x100076d5        0x3 
 .rodata.ph_remove_any_head.str1.4
                0x100076d8       0x88 CMakeFiles/dht11_7seg.dir/D_/Downloads/pico-sdk/src/common/pico_util/pheap.c.obj
 .rodata.ph_remove_and_free_node.str1.4
                0x10007760       0x26 CMakeFiles/dht11_7seg.dir/D_/Downloads/pico-sdk/src/common/pico_util/pheap.c.obj
 *fill*         0x10007786        0x2 
 .rodata.__func__.0
                0x10007788       0x18 CMakeFiles/dht11_7seg.dir/D_/Downloads/pico-sdk/src/common/pico_util/pheap.c.obj
 .rodata.__func__.1
                0x100077a0       0x13 CMakeFiles/dht11_7seg.dir/D_/Downloads/pico-sdk/src/common/pico_util/pheap.c.obj
 *fill*         0x100077b3        0x1 
 .rodata.__func__.2
                0x100077b4       0x12 CMakeFiles/dht11_7seg.dir/D_/Downloads/pico-sdk/src/common/pico_util/pheap.c.obj
 *fill*         0x100077c6        0x2 
 .rodata.__func__.3
                0x100077c8        0xc CMakeFiles/dht11_7seg.dir/D_/Downloads/pico-sdk/src/common/pico_util/pheap.c.obj
 .rodata.__assert_func.str1.4
                0x100077d4       0x3f CMakeFiles/dht11_7seg.dir/D_/Downloads/pico-sdk/src/rp2_common/pico_runtime/runtime.c.obj
                                 0x43 (size before relaxing)
 *fill*         0x10007813        0x1 
 .rodata.panic.str1.4
                0x10007814       0x12 CMakeFiles/dht11_7seg.dir/D_/Downloads/pico-sdk/src/rp2_common/pico_runtime/runtime.c.obj
 *fill*         0x10007826        0x2 
 .rodata.clock_configure.str1.4
                0x10007828       0x52 CMakeFiles/dht11_7seg.dir/D_/Downloads/pico-sdk/src/rp2_common/hardware_clocks/clocks.c.obj
 *fill*         0x1000787a        0x2 
 .rodata.__func__.1
                0x1000787c       0x10 CMakeFiles/dht11_7seg.dir/D_/Downloads/pico-sdk/src/rp2_common/hardware_clocks/clocks.c.obj
 .rodata.pll_init.str1.4
                0x1000788c       0xd3 CMakeFiles/dht11_7seg.dir/D_/Downloads/pico-sdk/src/rp2_common/hardware_pll/pll.c.obj
 *fill*         0x1000795f        0x1 
 .rodata.__func__.0
                0x10007960        0x9 CMakeFiles/dht11_7seg.dir/D_/Downloads/pico-sdk/src/rp2_common/hardware_pll/pll.c.obj
 *fill*         0x10007969        0x3 
 .rodata.make_branch.str1.4
                0x1000796c       0x48 CMakeFiles/dht11_7seg.dir/D_/Downloads/pico-sdk/src/rp2_common/hardware_irq/irq.c.obj
 .rodata.irq_set_exclusive_handler.str1.4
                0x100079b4       0x36 CMakeFiles/dht11_7seg.dir/D_/Downloads/pico-sdk/src/rp2_common/hardware_irq/irq.c.obj
 *fill*         0x100079ea        0x2 
 .rodata.irq_add_shared_handler.str1.4
                0x100079ec       0xd9 CMakeFiles/dht11_7seg.dir/D_/Downloads/pico-sdk/src/rp2_common/hardware_irq/irq.c.obj
 *fill*         0x10007ac5        0x3 
 .rodata.irq_remove_handler.str1.4
                0x10007ac8       0x2a CMakeFiles/dht11_7seg.dir/D_/Downloads/pico-sdk/src/rp2_common/hardware_irq/irq.c.obj
 *fill*         0x10007af2        0x2 
 .rodata.irq_add_tail_to_free_list.str1.4
                0x10007af4       0x32 CMakeFiles/dht11_7seg.dir/D_/Downloads/pico-sdk/src/rp2_common/hardware_irq/irq.c.obj
                                 0x3a (size before relaxing)
 *fill*         0x10007b26        0x2 
 .rodata.__func__.0
                0x10007b28       0x1a CMakeFiles/dht11_7seg.dir/D_/Downloads/pico-sdk/src/rp2_common/hardware_irq/irq.c.obj
 *fill*         0x10007b42        0x2 
 .rodata.__func__.1
                0x10007b44       0x17 CMakeFiles/dht11_7seg.dir/D_/Downloads/pico-sdk/src/rp2_common/hardware_irq/irq.c.obj
 *fill*         0x10007b5b        0x1 
 .rodata.__func__.2
                0x10007b5c       0x13 CMakeFiles/dht11_7seg.dir/D_/Downloads/pico-sdk/src/rp2_common/hardware_irq/irq.c.obj
 *fill*         0x10007b6f        0x1 
 .rodata.__func__.3
                0x10007b70        0xc CMakeFiles/dht11_7seg.dir/D_/Downloads/pico-sdk/src/rp2_common/hardware_irq/irq.c.obj
 .rodata.__func__.4
                0x10007b7c        0xf CMakeFiles/dht11_7seg.dir/D_/Downloads/pico-sdk/src/rp2_common/hardware_irq/irq.c.obj
 *fill*         0x10007b8b        0x1 
 .rodata.__func__.6
                0x10007b8c       0x1a CMakeFiles/dht11_7seg.dir/D_/Downloads/pico-sdk/src/rp2_common/hardware_irq/irq.c.obj
 *fill*         0x10007ba6        0x2 
 .rodata._ftoa.str1.4
                0x10007ba8       0x15 CMakeFiles/dht11_7seg.dir/D_/Downloads/pico-sdk/src/rp2_common/pico_printf/printf.c.obj
 *fill*         0x10007bbd        0x3 
 .rodata._vsnprintf
                0x10007bc0      0x1e0 CMakeFiles/dht11_7seg.dir/D_/Downloads/pico-sdk/src/rp2_common/pico_printf/printf.c.obj
 .rodata.pow10.0
                0x10007da0       0x50 CMakeFiles/dht11_7seg.dir/D_/Downloads/pico-sdk/src/rp2_common/pico_printf/printf.c.obj
 .rodata.__aeabi_double_init.str1.4
                0x10007df0       0xa3 CMakeFiles/dht11_7seg.dir/D_/Downloads/pico-sdk/src/rp2_common/pico_double/double_init_rom.c.obj
 *fill*         0x10007e93        0x1 
 .rodata.__func__.0
                0x10007e94       0x14 CMakeFiles/dht11_7seg.dir/D_/Downloads/pico-sdk/src/rp2_common/pico_double/double_init_rom.c.obj
 .rodata.__aeabi_float_init.str1.4
                0x10007ea8       0x75 CMakeFiles/dht11_7seg.dir/D_/Downloads/pico-sdk/src/rp2_common/pico_float/float_init_rom.c.obj
                                 0x79 (size before relaxing)
 *fill*         0x10007f1d        0x3 
 .rodata.__func__.0
                0x10007f20       0x13 CMakeFiles/dht11_7seg.dir/D_/Downloads/pico-sdk/src/rp2_common/pico_float/float_init_rom.c.obj
 *fill*         0x10007f33        0x1 
 .rodata.str1.4
                0x10007f34       0x40 CMakeFiles/dht11_7seg.dir/D_/Downloads/pico-sdk/src/rp2_common/pico_standard_link/binary_info.c.obj
 .rodata.__bi_40
                0x10007f74        0xc CMakeFiles/dht11_7seg.dir/D_/Downloads/pico-sdk/src/rp2_common/pico_standard_link/binary_info.c.obj
 .rodata.__bi_71
                0x10007f80        0xc CMakeFiles/dht11_7seg.dir/D_/Downloads/pico-sdk/src/rp2_common/pico_standard_link/binary_info.c.obj
 .rodata.__bi_77
                0x10007f8c        0xc CMakeFiles/dht11_7seg.dir/D_/Downloads/pico-sdk/src/rp2_common/pico_standard_link/binary_info.c.obj
 .rodata.crlf_str.1
                0x10007f98        0x2 CMakeFiles/dht11_7seg.dir/D_/Downloads/pico-sdk/src/rp2_common/pico_stdio/stdio.c.obj
 *fill*         0x10007f9a        0x2 
 .rodata._resetd_driver
                0x10007f9c       0x1c CMakeFiles/dht11_7seg.dir/D_/Downloads/pico-sdk/src/rp2_common/pico_stdio_usb/reset_interface.c.obj
 .rodata.str1.4
                0x10007fb8       0x13 CMakeFiles/dht11_7seg.dir/D_/Downloads/pico-sdk/src/rp2_common/pico_stdio_usb/stdio_usb.c.obj
 *fill*         0x10007fcb        0x1 
 .rodata.__bi_92.0
                0x10007fcc        0xc CMakeFiles/dht11_7seg.dir/D_/Downloads/pico-sdk/src/rp2_common/pico_stdio_usb/stdio_usb.c.obj
 .rodata.str1.4
                0x10007fd8       0x3a CMakeFiles/dht11_7seg.dir/D_/Downloads/pico-sdk/src/rp2_common/pico_stdio_usb/stdio_usb_descriptors.c.obj
 *fill*         0x10008012        0x2 
 .rodata.usbd_desc_cfg
                0x10008014       0x54 CMakeFiles/dht11_7seg.dir/D_/Downloads/pico-sdk/src/rp2_common/pico_stdio_usb/stdio_usb_descriptors.c.obj
 .rodata.usbd_desc_device
                0x10008068       0x12 CMakeFiles/dht11_7seg.dir/D_/Downloads/pico-sdk/src/rp2_common/pico_stdio_usb/stdio_usb_descriptors.c.obj
 *fill*         0x1000807a        0x2 
 .rodata.usbd_desc_str
                0x1000807c       0x18 CMakeFiles/dht11_7seg.dir/D_/Downloads/pico-sdk/src/rp2_common/pico_stdio_usb/stdio_usb_descriptors.c.obj
 .rodata._hw_endpoint_alloc.str1.4
                0x10008094       0xb1 CMakeFiles/dht11_7seg.dir/D_/Downloads/pico-sdk/lib/tinyusb/src/portable/raspberrypi/rp2040/dcd_rp2040.c.obj
 *fill*         0x10008145        0x3 
 .rodata._hw_endpoint_init.str1.4
                0x10008148       0x28 CMakeFiles/dht11_7seg.dir/D_/Downloads/pico-sdk/lib/tinyusb/src/portable/raspberrypi/rp2040/dcd_rp2040.c.obj
 .rodata.hw_handle_buff_status.str1.4
                0x10008170        0xb CMakeFiles/dht11_7seg.dir/D_/Downloads/pico-sdk/lib/tinyusb/src/portable/raspberrypi/rp2040/dcd_rp2040.c.obj
 *fill*         0x1000817b        0x1 
 .rodata.dcd_rp2040_irq.str1.4
                0x1000817c       0x14 CMakeFiles/dht11_7seg.dir/D_/Downloads/pico-sdk/lib/tinyusb/src/portable/raspberrypi/rp2040/dcd_rp2040.c.obj
 .rodata._hw_endpoint_stall.str1.4
                0x10008190        0xd CMakeFiles/dht11_7seg.dir/D_/Downloads/pico-sdk/lib/tinyusb/src/portable/raspberrypi/rp2040/dcd_rp2040.c.obj
 *fill*         0x1000819d        0x3 
 .rodata.dcd_int_enable.str1.4
                0x100081a0        0xc CMakeFiles/dht11_7seg.dir/D_/Downloads/pico-sdk/lib/tinyusb/src/portable/raspberrypi/rp2040/dcd_rp2040.c.obj
 .rodata.__func__.0
                0x100081ac       0x15 CMakeFiles/dht11_7seg.dir/D_/Downloads/pico-sdk/lib/tinyusb/src/portable/raspberrypi/rp2040/dcd_rp2040.c.obj
 *fill*         0x100081c1        0x3 
 .rodata.__func__.1
                0x100081c4       0x13 CMakeFiles/dht11_7seg.dir/D_/Downloads/pico-sdk/lib/tinyusb/src/portable/raspberrypi/rp2040/dcd_rp2040.c.obj
 *fill*         0x100081d7        0x1 
 .rodata.__func__.10
                0x100081d8        0xf CMakeFiles/dht11_7seg.dir/D_/Downloads/pico-sdk/lib/tinyusb/src/portable/raspberrypi/rp2040/dcd_rp2040.c.obj
 *fill*         0x100081e7        0x1 
 .rodata.__func__.11
                0x100081e8       0x13 CMakeFiles/dht11_7seg.dir/D_/Downloads/pico-sdk/lib/tinyusb/src/portable/raspberrypi/rp2040/dcd_rp2040.c.obj
 *fill*         0x100081fb        0x1 
 .rodata.__func__.12
                0x100081fc       0x16 CMakeFiles/dht11_7seg.dir/D_/Downloads/pico-sdk/lib/tinyusb/src/portable/raspberrypi/rp2040/dcd_rp2040.c.obj
 *fill*         0x10008212        0x2 
 .rodata.__func__.13
                0x10008214        0x9 CMakeFiles/dht11_7seg.dir/D_/Downloads/pico-sdk/lib/tinyusb/src/portable/raspberrypi/rp2040/dcd_rp2040.c.obj
 *fill*         0x1000821d        0x3 
 .rodata.__func__.2
                0x10008220        0xf CMakeFiles/dht11_7seg.dir/D_/Downloads/pico-sdk/lib/tinyusb/src/portable/raspberrypi/rp2040/dcd_rp2040.c.obj
 *fill*         0x1000822f        0x1 
 .rodata.__func__.3
                0x10008230        0xe CMakeFiles/dht11_7seg.dir/D_/Downloads/pico-sdk/lib/tinyusb/src/portable/raspberrypi/rp2040/dcd_rp2040.c.obj
 *fill*         0x1000823e        0x2 
 .rodata.__func__.4
                0x10008240        0xe CMakeFiles/dht11_7seg.dir/D_/Downloads/pico-sdk/lib/tinyusb/src/portable/raspberrypi/rp2040/dcd_rp2040.c.obj
 *fill*         0x1000824e        0x2 
 .rodata.__func__.5
                0x10008250       0x1a CMakeFiles/dht11_7seg.dir/D_/Downloads/pico-sdk/lib/tinyusb/src/portable/raspberrypi/rp2040/dcd_rp2040.c.obj
 *fill*         0x1000826a        0x2 
 .rodata.__func__.6
                0x1000826c        0xc CMakeFiles/dht11_7seg.dir/D_/Downloads/pico-sdk/lib/tinyusb/src/portable/raspberrypi/rp2040/dcd_rp2040.c.obj
 .rodata.__func__.8
                0x10008278       0x10 CMakeFiles/dht11_7seg.dir/D_/Downloads/pico-sdk/lib/tinyusb/src/portable/raspberrypi/rp2040/dcd_rp2040.c.obj
 .rodata._hw_endpoint_buffer_control_update32.str1.4
                0x10008288       0x1f CMakeFiles/dht11_7seg.dir/D_/Downloads/pico-sdk/lib/tinyusb/src/portable/raspberrypi/rp2040/rp2040_usb.c.obj
 *fill*         0x100082a7        0x1 
 .rodata._hw_endpoint_xfer_sync.str1.4
                0x100082a8       0x8d CMakeFiles/dht11_7seg.dir/D_/Downloads/pico-sdk/lib/tinyusb/src/portable/raspberrypi/rp2040/rp2040_usb.c.obj
 *fill*         0x10008335        0x3 
 .rodata._hw_endpoint_xfer_continue.str1.4
                0x10008338       0x50 CMakeFiles/dht11_7seg.dir/D_/Downloads/pico-sdk/lib/tinyusb/src/portable/raspberrypi/rp2040/rp2040_usb.c.obj
 .rodata._hw_endpoint_xfer.str1.4
                0x10008388        0xf CMakeFiles/dht11_7seg.dir/D_/Downloads/pico-sdk/lib/tinyusb/src/portable/raspberrypi/rp2040/rp2040_usb.c.obj
 *fill*         0x10008397        0x1 
 .rodata.str1.4
                0x10008398        0x7 CMakeFiles/dht11_7seg.dir/D_/Downloads/pico-sdk/lib/tinyusb/src/portable/raspberrypi/rp2040/rp2040_usb.c.obj
 *fill*         0x1000839f        0x1 
 .rodata.__func__.0
                0x100083a0       0x12 CMakeFiles/dht11_7seg.dir/D_/Downloads/pico-sdk/lib/tinyusb/src/portable/raspberrypi/rp2040/rp2040_usb.c.obj
 *fill*         0x100083b2        0x2 
 .rodata.__func__.1
                0x100083b4       0x17 CMakeFiles/dht11_7seg.dir/D_/Downloads/pico-sdk/lib/tinyusb/src/portable/raspberrypi/rp2040/rp2040_usb.c.obj
 *fill*         0x100083cb        0x1 
 .rodata.process_set_config.str1.4
                0x100083cc       0x17 CMakeFiles/dht11_7seg.dir/D_/Downloads/pico-sdk/lib/tinyusb/src/device/usbd.c.obj
 *fill*         0x100083e3        0x1 
 .rodata.process_get_descriptor
                0x100083e4       0x40 CMakeFiles/dht11_7seg.dir/D_/Downloads/pico-sdk/lib/tinyusb/src/device/usbd.c.obj
 .rodata.dcd_event_handler.str1.4
                0x10008424       0x47 CMakeFiles/dht11_7seg.dir/D_/Downloads/pico-sdk/lib/tinyusb/src/device/usbd.c.obj
 *fill*         0x1000846b        0x1 
 .rodata.process_control_request
                0x1000846c       0x28 CMakeFiles/dht11_7seg.dir/D_/Downloads/pico-sdk/lib/tinyusb/src/device/usbd.c.obj
 .rodata.tud_task
                0x10008494       0x24 CMakeFiles/dht11_7seg.dir/D_/Downloads/pico-sdk/lib/tinyusb/src/device/usbd.c.obj
 .rodata.__func__.1
                0x100084b8        0xf CMakeFiles/dht11_7seg.dir/D_/Downloads/pico-sdk/lib/tinyusb/src/device/usbd.c.obj
 *fill*         0x100084c7        0x1 
 .rodata.__func__.2
                0x100084c8       0x14 CMakeFiles/dht11_7seg.dir/D_/Downloads/pico-sdk/lib/tinyusb/src/device/usbd.c.obj
 .rodata.__func__.3
                0x100084dc       0x10 CMakeFiles/dht11_7seg.dir/D_/Downloads/pico-sdk/lib/tinyusb/src/device/usbd.c.obj
 .rodata.__func__.4
                0x100084ec       0x17 CMakeFiles/dht11_7seg.dir/D_/Downloads/pico-sdk/lib/tinyusb/src/device/usbd.c.obj
 *fill*         0x10008503        0x1 
 .rodata.__func__.5
                0x10008504       0x13 CMakeFiles/dht11_7seg.dir/D_/Downloads/pico-sdk/lib/tinyusb/src/device/usbd.c.obj
 *fill*         0x10008517        0x1 
 .rodata.__func__.6
                0x10008518       0x18 CMakeFiles/dht11_7seg.dir/D_/Downloads/pico-sdk/lib/tinyusb/src/device/usbd.c.obj
 .rodata.__func__.7
                0x10008530       0x13 CMakeFiles/dht11_7seg.dir/D_/Downloads/pico-sdk/lib/tinyusb/src/device/usbd.c.obj
 *fill*         0x10008543        0x1 
 .rodata.__func__.8
                0x10008544        0x9 CMakeFiles/dht11_7seg.dir/D_/Downloads/pico-sdk/lib/tinyusb/src/device/usbd.c.obj
 *fill*         0x1000854d        0x3 
 .rodata._usbd_driver
                0x10008550       0x1c CMakeFiles/dht11_7seg.dir/D_/Downloads/pico-sdk/lib/tinyusb/src/device/usbd.c.obj
 .rodata.tud_control_xfer.str1.4
                0x1000856c       0x17 CMakeFiles/dht11_7seg.dir/D_/Downloads/pico-sdk/lib/tinyusb/src/device/usbd_control.c.obj
 .rodata.__func__.0
                0x1000856c       0x15 CMakeFiles/dht11_7seg.dir/D_/Downloads/pico-sdk/lib/tinyusb/src/device/usbd_control.c.obj
 *fill*         0x10008581        0x3 
 .rodata.__func__.1
                0x10008584       0x11 CMakeFiles/dht11_7seg.dir/D_/Downloads/pico-sdk/lib/tinyusb/src/device/usbd_control.c.obj
 .rodata.tud_cdc_n_write_flush.str1.4
                0x10008595       0x17 CMakeFiles/dht11_7seg.dir/D_/Downloads/pico-sdk/lib/tinyusb/src/class/cdc/cdc_device.c.obj
 *fill*         0x10008595        0x3 
 .rodata.__func__.0
                0x10008598        0xd CMakeFiles/dht11_7seg.dir/D_/Downloads/pico-sdk/lib/tinyusb/src/class/cdc/cdc_device.c.obj
 *fill*         0x100085a5        0x3 
 .rodata.__func__.1
                0x100085a8        0xa CMakeFiles/dht11_7seg.dir/D_/Downloads/pico-sdk/lib/tinyusb/src/class/cdc/cdc_device.c.obj
 *fill*         0x100085b2        0x2 
 .rodata.__func__.2
                0x100085b4       0x16 CMakeFiles/dht11_7seg.dir/D_/Downloads/pico-sdk/lib/tinyusb/src/class/cdc/cdc_device.c.obj
 .rodata.tusb_init.str1.4
                0x100085ca       0x17 CMakeFiles/dht11_7seg.dir/D_/Downloads/pico-sdk/lib/tinyusb/src/tusb.c.obj
 *fill*         0x100085ca        0x2 
 .rodata.__func__.0
                0x100085cc        0xa CMakeFiles/dht11_7seg.dir/D_/Downloads/pico-sdk/lib/tinyusb/src/tusb.c.obj
 *fill*         0x100085d6        0x2 
 .rodata.multicore_lockout_start_block_until.str1.4
                0x100085d8       0x58 CMakeFiles/dht11_7seg.dir/D_/Downloads/pico-sdk/src/rp2_common/pico_multicore/multicore.c.obj
 .rodata.multicore_launch_core1_with_stack.str1.4
                0x10008630       0x19 CMakeFiles/dht11_7seg.dir/D_/Downloads/pico-sdk/src/rp2_common/pico_multicore/multicore.c.obj
 *fill*         0x10008649        0x3 
 .rodata.__func__.2
                0x1000864c       0x22 CMakeFiles/dht11_7seg.dir/D_/Downloads/pico-sdk/src/rp2_common/pico_multicore/multicore.c.obj
                0x10008670                . = ALIGN (0x4)
 *fill*         0x1000866e        0x2 
 *(SORT_BY_ALIGNMENT(SORT_BY_NAME(.flashdata*)))
                0x10008670                . = ALIGN (0x4)

.rel.dyn        0x10008670        0x0
 .rel.iplt      0x10008670        0x0 c:/progra~2/gnuarm~1/102020~1/bin/../lib/gcc/arm-none-eabi/10.2.1/thumb/v6-m/nofp/crtbegin.o

.ARM.extab
 *(.ARM.extab* .gnu.linkonce.armextab.*)
                0x10008670                __exidx_start = .

.ARM.exidx
 *(.ARM.exidx* .gnu.linkonce.armexidx.*)
                0x10008670                __exidx_end = .
                0x10008670                . = ALIGN (0x4)
                0x10008670                __binary_info_start = .

.binary_info    0x10008670       0x20
 *(.binary_info.keep.*)
 .binary_info.keep.__bi_ptr18
                0x10008670        0x4 CMakeFiles/dht11_7seg.dir/D_/Downloads/pico-sdk/src/rp2_common/pico_standard_link/binary_info.c.obj
 .binary_info.keep.__bi_ptr26
                0x10008674        0x4 CMakeFiles/dht11_7seg.dir/D_/Downloads/pico-sdk/src/rp2_common/pico_standard_link/binary_info.c.obj
 .binary_info.keep.__bi_ptr34
                0x10008678        0x4 CMakeFiles/dht11_7seg.dir/D_/Downloads/pico-sdk/src/rp2_common/pico_standard_link/binary_info.c.obj
 .binary_info.keep.__bi_ptr40
                0x1000867c        0x4 CMakeFiles/dht11_7seg.dir/D_/Downloads/pico-sdk/src/rp2_common/pico_standard_link/binary_info.c.obj
 .binary_info.keep.__bi_ptr46
                0x10008680        0x4 CMakeFiles/dht11_7seg.dir/D_/Downloads/pico-sdk/src/rp2_common/pico_standard_link/binary_info.c.obj
 .binary_info.keep.__bi_ptr71
                0x10008684        0x4 CMakeFiles/dht11_7seg.dir/D_/Downloads/pico-sdk/src/rp2_common/pico_standard_link/binary_info.c.obj
 .binary_info.keep.__bi_ptr77
                0x10008688        0x4 CMakeFiles/dht11_7seg.dir/D_/Downloads/pico-sdk/src/rp2_common/pico_standard_link/binary_info.c.obj
 *(.binary_info.*)
 .binary_info.__bi_ptr92
                0x1000868c        0x4 CMakeFiles/dht11_7seg.dir/D_/Downloads/pico-sdk/src/rp2_common/pico_stdio_usb/stdio_usb.c.obj
                0x10008690                __binary_info_end = .
                0x10008690                . = ALIGN (0x4)
                0x10008690                __etext = .

.ram_vector_table
                0x20000000       0xc0
 *(.ram_vector_table)
 .ram_vector_table
                0x20000000       0xc0 CMakeFiles/dht11_7seg.dir/D_/Downloads/pico-sdk/src/rp2_common/pico_runtime/runtime.c.obj
                0x20000000                ram_vector_table

.data           0x200000c0      0x300 load address 0x10008690
                0x200000c0                __data_start__ = .
 *(vtable)
 *(.time_critical*)
 .time_critical.mutex_enter_blocking
                0x200000c0       0x64 CMakeFiles/dht11_7seg.dir/D_/Downloads/pico-sdk/src/common/pico_sync/mutex.c.obj
                0x200000c0                mutex_enter_blocking
 .time_critical.mutex_try_enter
                0x20000124       0x46 CMakeFiles/dht11_7seg.dir/D_/Downloads/pico-sdk/src/common/pico_sync/mutex.c.obj
                0x20000124                mutex_try_enter
 *fill*         0x2000016a        0x2 
 .time_critical.mutex_enter_block_until
                0x2000016c       0x7c CMakeFiles/dht11_7seg.dir/D_/Downloads/pico-sdk/src/common/pico_sync/mutex.c.obj
                0x2000016c                mutex_enter_block_until
 .time_critical.mutex_enter_timeout_ms
                0x200001e8       0x3e CMakeFiles/dht11_7seg.dir/D_/Downloads/pico-sdk/src/common/pico_sync/mutex.c.obj
                0x200001e8                mutex_enter_timeout_ms
 *fill*         0x20000226        0x2 
 .time_critical.mutex_exit
                0x20000228       0x4c CMakeFiles/dht11_7seg.dir/D_/Downloads/pico-sdk/src/common/pico_sync/mutex.c.obj
                0x20000228                mutex_exit
 *(.text*)
 .text          0x20000274        0x4 c:/progra~2/gnuarm~1/102020~1/bin/../lib/gcc/arm-none-eabi/10.2.1/thumb/v6-m/nofp\libgcc.a(_dvmd_tls.o)
                0x20000274                __aeabi_idiv0
                0x20000274                __aeabi_ldiv0
 .text.__stub   0x20000278       0x40 linker stubs
                0x200002b8                . = ALIGN (0x4)
 *(.rodata*)
                0x200002b8                . = ALIGN (0x4)
 *(.data*)
 .data.displays
                0x200002b8       0x10 CMakeFiles/dht11_7seg.dir/main.c.obj
                0x200002b8                displays
 .data.striped_spin_lock_num
                0x200002c8        0x1 CMakeFiles/dht11_7seg.dir/D_/Downloads/pico-sdk/src/rp2_common/hardware_sync/sync.c.obj
 *fill*         0x200002c9        0x3 
 .data.default_alarm_pool
                0x200002cc       0x18 CMakeFiles/dht11_7seg.dir/D_/Downloads/pico-sdk/src/common/pico_time/time.c.obj
 .data.default_alarm_pool_heap
                0x200002e4       0x10 CMakeFiles/dht11_7seg.dir/D_/Downloads/pico-sdk/src/common/pico_time/time.c.obj
 .data          0x200002f4       0x48 CMakeFiles/dht11_7seg.dir/D_/Downloads/pico-sdk/src/rp2_common/hardware_irq/irq_handler_chain.S.obj
                0x200002f4                irq_handler_chain_slots
                0x20000324                irq_handler_chain_first_slot
                0x2000032e                irq_handler_chain_remove_tail
 *fill*         0x2000033c        0x4 
 .data.aeabi_bits_funcs
                0x20000340       0x10 CMakeFiles/dht11_7seg.dir/D_/Downloads/pico-sdk/src/rp2_common/pico_bit_ops/bit_ops_aeabi.S.obj
                0x20000340                aeabi_bits_funcs
                0x20000350                aeabi_bits_funcs_end
 .data.aeabi_mem_funcs
                0x20000350       0x10 CMakeFiles/dht11_7seg.dir/D_/Downloads/pico-sdk/src/rp2_common/pico_mem_ops/mem_ops_aeabi.S.obj
                0x20000350                aeabi_mem_funcs
                0x20000360                aeabi_mem_funcs_end
 .data.stdio_usb
                0x20000360       0x14 CMakeFiles/dht11_7seg.dir/D_/Downloads/pico-sdk/src/rp2_common/pico_stdio_usb/stdio_usb.c.obj
                0x20000360                stdio_usb
 .data.ep_dir_string
                0x20000374        0x8 CMakeFiles/dht11_7seg.dir/D_/Downloads/pico-sdk/lib/tinyusb/src/portable/raspberrypi/rp2040/rp2040_usb.c.obj
                0x20000374                ep_dir_string
 .data._usbd_qdef
                0x2000037c       0x20 CMakeFiles/dht11_7seg.dir/D_/Downloads/pico-sdk/lib/tinyusb/src/device/usbd.c.obj
                0x2000037c                _usbd_qdef
                0x2000039c                . = ALIGN (0x4)
 *(.after_data.*)
                0x2000039c                . = ALIGN (0x4)
                0x2000039c                PROVIDE (__mutex_array_start = .)
 *(SORT_BY_NAME(.mutex_array.*))
 *(.mutex_array)
 .mutex_array   0x2000039c        0x8 CMakeFiles/dht11_7seg.dir/D_/Downloads/pico-sdk/src/rp2_common/pico_malloc/pico_malloc.c.obj
 .mutex_array   0x200003a4        0x8 CMakeFiles/dht11_7seg.dir/D_/Downloads/pico-sdk/src/rp2_common/pico_stdio/stdio.c.obj
                0x200003ac                PROVIDE (__mutex_array_end = .)
                0x200003ac                . = ALIGN (0x4)
                0x200003ac                PROVIDE (__preinit_array_start = .)
 *(SORT_BY_NAME(.preinit_array.*))
 .preinit_array.00001
                0x200003ac        0x4 CMakeFiles/dht11_7seg.dir/D_/Downloads/pico-sdk/src/rp2_common/pico_mem_ops/mem_ops_aeabi.S.obj
 .preinit_array.00010
                0x200003b0        0x4 CMakeFiles/dht11_7seg.dir/D_/Downloads/pico-sdk/src/rp2_common/pico_bit_ops/bit_ops_aeabi.S.obj
 .preinit_array.00020
                0x200003b4        0x4 CMakeFiles/dht11_7seg.dir/D_/Downloads/pico-sdk/src/rp2_common/pico_double/double_aeabi.S.obj
 .preinit_array.00020
                0x200003b8        0x4 CMakeFiles/dht11_7seg.dir/D_/Downloads/pico-sdk/src/rp2_common/pico_float/float_aeabi.S.obj
 *(.preinit_array)
                0x200003bc                PROVIDE (__preinit_array_end = .)
                0x200003bc                . = ALIGN (0x4)
                0x200003bc                PROVIDE (__init_array_start = .)
 *(SORT_BY_NAME(.init_array.*))
 *(.init_array)
 .init_array    0x200003bc        0x4 c:/progra~2/gnuarm~1/102020~1/bin/../lib/gcc/arm-none-eabi/10.2.1/thumb/v6-m/nofp/crtbegin.o
                0x200003c0                PROVIDE (__init_array_end = .)
                0x200003c0                . = ALIGN (0x4)
                [!provide]                PROVIDE (__fini_array_start = .)
 *(SORT_BY_NAME(.fini_array.*))
 *(.fini_array)
                [!provide]                PROVIDE (__fini_array_end = .)
 *(.jcr)
                0x200003c0                . = ALIGN (0x4)
                0x200003c0                __data_end__ = .

.igot.plt       0x200003c0        0x0 load address 0x10008990
 .igot.plt      0x200003c0        0x0 c:/progra~2/gnuarm~1/102020~1/bin/../lib/gcc/arm-none-eabi/10.2.1/thumb/v6-m/nofp/crtbegin.o

.uninitialized_data
                0x200003c0        0x0 load address 0x10008990
                0x200003c0                . = ALIGN (0x4)
 *(.uninitialized_data*)

.scratch_x      0x20040000        0x0 load address 0x10008990
                0x20040000                __scratch_x_start__ = .
 *(.scratch_x.*)
                0x20040000                . = ALIGN (0x4)
                0x20040000                __scratch_x_end__ = .
                0x10008990                __scratch_x_source__ = LOADADDR (.scratch_x)

.scratch_y      0x20041000        0x0 load address 0x10008990
                0x20041000                __scratch_y_start__ = .
 *(.scratch_y.*)
                0x20041000                . = ALIGN (0x4)
                0x20041000                __scratch_y_end__ = .
                0x10008990                __scratch_y_source__ = LOADADDR (.scratch_y)

.bss            0x200003c0      0xec4
                0x200003c0                . = ALIGN (0x4)
                0x200003c0                __bss_start__ = .
 *(SORT_BY_ALIGNMENT(SORT_BY_NAME(.bss*)))
 .bss.default_alarm_pool_entries
                0x200003c0      0x100 CMakeFiles/dht11_7seg.dir/D_/Downloads/pico-sdk/src/common/pico_time/time.c.obj
 .bss.last_avail_time.1
                0x200004c0        0x8 CMakeFiles/dht11_7seg.dir/D_/Downloads/pico-sdk/src/rp2_common/pico_stdio_usb/stdio_usb.c.obj
 .bss           0x200004c8       0x1c c:/progra~2/gnuarm~1/102020~1/bin/../lib/gcc/arm-none-eabi/10.2.1/thumb/v6-m/nofp/crtbegin.o
 .bss._app_driver
                0x200004e4        0x4 CMakeFiles/dht11_7seg.dir/D_/Downloads/pico-sdk/lib/tinyusb/src/device/usbd.c.obj
 .bss._cdcd_itf
                0x200004e8      0x2d0 CMakeFiles/dht11_7seg.dir/D_/Downloads/pico-sdk/lib/tinyusb/src/class/cdc/cdc_device.c.obj
 .bss._ctrl_xfer
                0x200007b8       0x14 CMakeFiles/dht11_7seg.dir/D_/Downloads/pico-sdk/lib/tinyusb/src/device/usbd_control.c.obj
 .bss._ubsd_mutexdef
                0x200007cc        0x8 CMakeFiles/dht11_7seg.dir/D_/Downloads/pico-sdk/lib/tinyusb/src/device/usbd.c.obj
 .bss._usbd_ctrl_buf
                0x200007d4       0x40 CMakeFiles/dht11_7seg.dir/D_/Downloads/pico-sdk/lib/tinyusb/src/device/usbd_control.c.obj
 .bss._usbd_dev
                0x20000814       0x37 CMakeFiles/dht11_7seg.dir/D_/Downloads/pico-sdk/lib/tinyusb/src/device/usbd.c.obj
 *fill*         0x2000084b        0x1 
 .bss._usbd_mutex
                0x2000084c        0x4 CMakeFiles/dht11_7seg.dir/D_/Downloads/pico-sdk/lib/tinyusb/src/device/usbd.c.obj
 .bss._usbd_q   0x20000850        0x4 CMakeFiles/dht11_7seg.dir/D_/Downloads/pico-sdk/lib/tinyusb/src/device/usbd.c.obj
 .bss._usbd_qdef_buf
                0x20000854       0xc0 CMakeFiles/dht11_7seg.dir/D_/Downloads/pico-sdk/lib/tinyusb/src/device/usbd.c.obj
                0x20000854                _usbd_qdef_buf
 .bss.alarm_callbacks
                0x20000914       0x10 CMakeFiles/dht11_7seg.dir/D_/Downloads/pico-sdk/src/rp2_common/hardware_timer/timer.c.obj
 .bss.claimed   0x20000924        0x4 CMakeFiles/dht11_7seg.dir/D_/Downloads/pico-sdk/src/rp2_common/hardware_sync/sync.c.obj
 .bss.configured_freq
                0x20000928       0x28 CMakeFiles/dht11_7seg.dir/D_/Downloads/pico-sdk/src/rp2_common/hardware_clocks/clocks.c.obj
 .bss.default_alarm_pool_entry_ids_high