Archive member included to satisfy reference by file (symbol)

c:/progra~2/gnuarm~1/102020~1/bin/../lib/gcc/arm-none-eabi/10.2.1/thumb/v6-m/nofp\libgcc.a(_dvmd_tls.o)
                              CMakeFiles/rtctime_7seg.dir/D_/Downloads/pico-sdk/src/rp2_common/pico_divider/divider.S.obj (__aeabi_idiv0)
c:/progra~2/gnuarm~1/102020~1/bin/../lib/gcc/arm-none-eabi/10.2.1/../../../../arm-none-eabi/lib/thumb/v6-m/nofp\libg.a(lib_a-calloc.o)
                              CMakeFiles/rtctime_7seg.dir/D_/Downloads/pico-sdk/src/rp2_common/pico_malloc/pico_malloc.c.obj (calloc)
c:/progra~2/gnuarm~1/102020~1/bin/../lib/gcc/arm-none-eabi/10.2.1/../../../../arm-none-eabi/lib/thumb/v6-m/nofp\libg.a(lib_a-callocr.o)
                              c:/progra~2/gnuarm~1/102020~1/bin/../lib/gcc/arm-none-eabi/10.2.1/../../../../arm-none-eabi/lib/thumb/v6-m/nofp\libg.a(lib_a-calloc.o) (_calloc_r)
c:/progra~2/gnuarm~1/102020~1/bin/../lib/gcc/arm-none-eabi/10.2.1/../../../../arm-none-eabi/lib/thumb/v6-m/nofp\libg.a(lib_a-ctype_.o)
                              CMakeFiles/rtctime_7seg.dir/D_/Downloads/pico-sdk/lib/tinyusb/src/tusb.c.obj (_ctype_)
c:/progra~2/gnuarm~1/102020~1/bin/../lib/gcc/arm-none-eabi/10.2.1/../../../../arm-none-eabi/lib/thumb/v6-m/nofp\libg.a(lib_a-impure.o)
                              c:/progra~2/gnuarm~1/102020~1/bin/../lib/gcc/arm-none-eabi/10.2.1/../../../../arm-none-eabi/lib/thumb/v6-m/nofp\libg.a(lib_a-calloc.o) (_impure_ptr)
c:/progra~2/gnuarm~1/102020~1/bin/../lib/gcc/arm-none-eabi/10.2.1/../../../../arm-none-eabi/lib/thumb/v6-m/nofp\libg.a(lib_a-init.o)
                              c:/progra~2/gnuarm~1/102020~1/bin/../lib/gcc/arm-none-eabi/10.2.1/../../../../arm-none-eabi/lib/thumb/v6-m/nofp/crt0.o (__libc_init_array)
c:/progra~2/gnuarm~1/102020~1/bin/../lib/gcc/arm-none-eabi/10.2.1/../../../../arm-none-eabi/lib/thumb/v6-m/nofp\libg.a(lib_a-malloc.o)
                              CMakeFiles/rtctime_7seg.dir/D_/Downloads/pico-sdk/src/rp2_common/pico_malloc/pico_malloc.c.obj (malloc)
c:/progra~2/gnuarm~1/102020~1/bin/../lib/gcc/arm-none-eabi/10.2.1/../../../../arm-none-eabi/lib/thumb/v6-m/nofp\libg.a(lib_a-mallocr.o)
                              c:/progra~2/gnuarm~1/102020~1/bin/../lib/gcc/arm-none-eabi/10.2.1/../../../../arm-none-eabi/lib/thumb/v6-m/nofp\libg.a(lib_a-callocr.o) (_malloc_r)
c:/progra~2/gnuarm~1/102020~1/bin/../lib/gcc/arm-none-eabi/10.2.1/../../../../arm-none-eabi/lib/thumb/v6-m/nofp\libg.a(lib_a-mlock.o)
                              c:/progra~2/gnuarm~1/102020~1/bin/../lib/gcc/arm-none-eabi/10.2.1/../../../../arm-none-eabi/lib/thumb/v6-m/nofp\libg.a(lib_a-mallocr.o) (__malloc_lock)
c:/progra~2/gnuarm~1/102020~1/bin/../lib/gcc/arm-none-eabi/10.2.1/../../../../arm-none-eabi/lib/thumb/v6-m/nofp\libg.a(lib_a-sbrkr.o)
                              c:/progra~2/gnuarm~1/102020~1/bin/../lib/gcc/arm-none-eabi/10.2.1/../../../../arm-none-eabi/lib/thumb/v6-m/nofp\libg.a(lib_a-mallocr.o) (_sbrk_r)
c:/progra~2/gnuarm~1/102020~1/bin/../lib/gcc/arm-none-eabi/10.2.1/../../../../arm-none-eabi/lib/thumb/v6-m/nofp\libg.a(lib_a-strlen-stub.o)
                              CMakeFiles/rtctime_7seg.dir/D_/Downloads/pico-sdk/src/rp2_common/pico_stdio/stdio.c.obj (strlen)
c:/progra~2/gnuarm~1/102020~1/bin/../lib/gcc/arm-none-eabi/10.2.1/../../../../arm-none-eabi/lib/thumb/v6-m/nofp\libg.a(lib_a-strncpy.o)
                              CMakeFiles/rtctime_7seg.dir/main.c.obj (strncpy)
c:/progra~2/gnuarm~1/102020~1/bin/../lib/gcc/arm-none-eabi/10.2.1/../../../../arm-none-eabi/lib/thumb/v6-m/nofp\libg.a(lib_a-strtok.o)
                              CMakeFiles/rtctime_7seg.dir/main.c.obj (strtok)
c:/progra~2/gnuarm~1/102020~1/bin/../lib/gcc/arm-none-eabi/10.2.1/../../../../arm-none-eabi/lib/thumb/v6-m/nofp\libg.a(lib_a-strtok_r.o)
                              c:/progra~2/gnuarm~1/102020~1/bin/../lib/gcc/arm-none-eabi/10.2.1/../../../../arm-none-eabi/lib/thumb/v6-m/nofp\libg.a(lib_a-strtok.o) (__strtok_r)
c:/progra~2/gnuarm~1/102020~1/bin/../lib/gcc/arm-none-eabi/10.2.1/../../../../arm-none-eabi/lib/thumb/v6-m/nofp\libg.a(lib_a-freer.o)
                              c:/progra~2/gnuarm~1/102020~1/bin/../lib/gcc/arm-none-eabi/10.2.1/../../../../arm-none-eabi/lib/thumb/v6-m/nofp\libg.a(lib_a-malloc.o) (_free_r)
c:/progra~2/gnuarm~1/102020~1/bin/../lib/gcc/arm-none-eabi/10.2.1/../../../../arm-none-eabi/lib/thumb/v6-m/nofp\libg.a(lib_a-lock.o)
                              c:/progra~2/gnuarm~1/102020~1/bin/../lib/gcc/arm-none-eabi/10.2.1/../../../../arm-none-eabi/lib/thumb/v6-m/nofp\libg.a(lib_a-mlock.o) (__retarget_lock_acquire_recursive)
c:/progra~2/gnuarm~1/102020~1/bin/../lib/gcc/arm-none-eabi/10.2.1/../../../../arm-none-eabi/lib/thumb/v6-m/nofp\libg.a(lib_a-reent.o)
                              c:/progra~2/gnuarm~1/102020~1/bin/../lib/gcc/arm-none-eabi/10.2.1/../../../../arm-none-eabi/lib/thumb/v6-m/nofp\libg.a(lib_a-sbrkr.o) (errno)

Discarded input sections

[...]
Memory Configuration

Name             Origin             Length             Attributes
FLASH            0x10000000         0x00200000         xr
RAM              0x20000000         0x00040000         xrw
SCRATCH_X        0x20040000         0x00001000         xrw
SCRATCH_Y        0x20041000         0x00001000         xrw
*default*        0x00000000         0xffffffff

Linker script and memory map

LOAD c:/progra~2/gnuarm~1/102020~1/bin/../lib/gcc/arm-none-eabi/10.2.1/thumb/v6-m/nofp/crti.o
LOAD c:/progra~2/gnuarm~1/102020~1/bin/../lib/gcc/arm-none-eabi/10.2.1/thumb/v6-m/nofp/crtbegin.o
LOAD c:/progra~2/gnuarm~1/102020~1/bin/../lib/gcc/arm-none-eabi/10.2.1/../../../../arm-none-eabi/lib/thumb/v6-m/nofp/crt0.o

.flash_begin    0x10000000        0x0
                0x10000000                __flash_binary_start = .

.boot2          0x10000000      0x100
                0x10000000                __boot2_start__ = .
 *(.boot2)
 .boot2         0x10000000      0x100 C:\Users\ANDREC~1\AppData\Local\Temp\ccyrPpew.o
                0x10000100                __boot2_end__ = .
                0x00000001                ASSERT (((__boot2_end__ - __boot2_start__) == 0x100), ERROR: Pico second stage bootloader must be 256 bytes in size)

.text           0x10000100     0x7908
                0x10000100                __logical_binary_start = .
 *(.vectors)
 .vectors       0x10000100       0xd4 CMakeFiles/rtctime_7seg.dir/D_/Downloads/pico-sdk/src/rp2_common/pico_standard_link/crt0.S.obj
                0x10000100                __vectors
                0x100001c0                isr_invalid
                0x100001c2                isr_nmi
                0x100001c4                isr_hardfault
                0x100001c6                isr_svcall
                0x100001c8                isr_pendsv
                0x100001ca                isr_systick
                0x100001cc                isr_irq11
                0x100001cc                isr_irq5
                0x100001cc                isr_irq23
                0x100001cc                isr_irq18
                0x100001cc                isr_irq31
                0x100001cc                isr_irq28
                0x100001cc                isr_irq19
                0x100001cc                isr_irq0
                0x100001cc                isr_irq6
                0x100001cc                isr_irq27
                0x100001cc                isr_irq12
                0x100001cc                isr_irq22
                0x100001cc                isr_irq13
                0x100001cc                isr_irq17
                0x100001cc                isr_irq14
                0x100001cc                isr_irq2
                0x100001cc                isr_irq10
                0x100001cc                isr_irq8
                0x100001cc                isr_irq24
                0x100001cc                isr_irq1
                0x100001cc                isr_irq7
                0x100001cc                isr_irq21
                0x100001cc                isr_irq20
                0x100001cc                isr_irq15
                0x100001cc                isr_irq25
                0x100001cc                __unhandled_user_irq
                0x100001cc                isr_irq4
                0x100001cc                isr_irq16
                0x100001cc                isr_irq29
                0x100001cc                isr_irq26
                0x100001cc                isr_irq3
                0x100001cc                isr_irq30
                0x100001cc                isr_irq9
                0x100001d2                unhandled_user_irq_num_in_r0
 *(.binary_info_header)
 .binary_info_header
                0x100001d4       0x14 CMakeFiles/rtctime_7seg.dir/D_/Downloads/pico-sdk/src/rp2_common/pico_standard_link/crt0.S.obj
                0x100001e8                __binary_info_header_end = .
 *(.reset)
 .reset         0x100001e8       0xa8 CMakeFiles/rtctime_7seg.dir/D_/Downloads/pico-sdk/src/rp2_common/pico_standard_link/crt0.S.obj
                0x100001e8                _entry_point
                0x10000266                __get_current_exception
 .reset         0x10000290       0x30 CMakeFiles/rtctime_7seg.dir/D_/Downloads/pico-sdk/src/rp2_common/pico_standard_link/binary_info.c.obj
 *(.init)
 .init          0x100002c0        0x4 c:/progra~2/gnuarm~1/102020~1/bin/../lib/gcc/arm-none-eabi/10.2.1/thumb/v6-m/nofp/crti.o
                0x100002c0                _init
 *(EXCLUDE_FILE(*libm.a: *libc.a:*lib_a-mem*.o *libgcc.a:) .text*)
 .text          0x100002c4       0x48 c:/progra~2/gnuarm~1/102020~1/bin/../lib/gcc/arm-none-eabi/10.2.1/thumb/v6-m/nofp/crtbegin.o
 .text.core1_code
                0x1000030c       0x78 CMakeFiles/rtctime_7seg.dir/main.c.obj
                0x1000030c                core1_code
 .text.segment  0x10000384       0x3c CMakeFiles/rtctime_7seg.dir/main.c.obj
                0x10000384                segment
 .text.x        0x100003c0       0x54 CMakeFiles/rtctime_7seg.dir/main.c.obj
                0x100003c0                x
 .text.zero     0x10000414       0x46 CMakeFiles/rtctime_7seg.dir/main.c.obj
                0x10000414                zero
 .text.one      0x1000045a       0x46 CMakeFiles/rtctime_7seg.dir/main.c.obj
                0x1000045a                one
 .text.two      0x100004a0       0x46 CMakeFiles/rtctime_7seg.dir/main.c.obj
                0x100004a0                two
 .text.three    0x100004e6       0x46 CMakeFiles/rtctime_7seg.dir/main.c.obj
                0x100004e6                three
 .text.four     0x1000052c       0x46 CMakeFiles/rtctime_7seg.dir/main.c.obj
                0x1000052c                four
 .text.five     0x10000572       0x46 CMakeFiles/rtctime_7seg.dir/main.c.obj
                0x10000572                five
 .text.six      0x100005b8       0x46 CMakeFiles/rtctime_7seg.dir/main.c.obj
                0x100005b8                six
 .text.seven    0x100005fe       0x46 CMakeFiles/rtctime_7seg.dir/main.c.obj
                0x100005fe                seven
 .text.eight    0x10000644       0x46 CMakeFiles/rtctime_7seg.dir/main.c.obj
                0x10000644                eight
 .text.nine     0x1000068a       0x46 CMakeFiles/rtctime_7seg.dir/main.c.obj
                0x1000068a                nine
 .text.main     0x100006d0      0x168 CMakeFiles/rtctime_7seg.dir/main.c.obj
                0x100006d0                main
 .text.gpio_set_function
                0x10000838       0x30 CMakeFiles/rtctime_7seg.dir/D_/Downloads/pico-sdk/src/rp2_common/hardware_gpio/gpio.c.obj
                0x10000838                gpio_set_function
 .text.gpio_init
                0x10000868       0x16 CMakeFiles/rtctime_7seg.dir/D_/Downloads/pico-sdk/src/rp2_common/hardware_gpio/gpio.c.obj
                0x10000868                gpio_init
 *fill*         0x1000087e        0x2 
 .text.hw_claim_lock
                0x10000880       0x18 CMakeFiles/rtctime_7seg.dir/D_/Downloads/pico-sdk/src/rp2_common/hardware_claim/claim.c.obj
                0x10000880                hw_claim_lock
 .text.hw_claim_unlock
                0x10000898       0x14 CMakeFiles/rtctime_7seg.dir/D_/Downloads/pico-sdk/src/rp2_common/hardware_claim/claim.c.obj
                0x10000898                hw_claim_unlock
 .text.hw_claim_or_assert
                0x100008ac       0x34 CMakeFiles/rtctime_7seg.dir/D_/Downloads/pico-sdk/src/rp2_common/hardware_claim/claim.c.obj
                0x100008ac                hw_claim_or_assert
 .text.hw_claim_unused_from_range
                0x100008e0       0x56 CMakeFiles/rtctime_7seg.dir/D_/Downloads/pico-sdk/src/rp2_common/hardware_claim/claim.c.obj
                0x100008e0                hw_claim_unused_from_range
 *fill*         0x10000936        0x2 
 .text.spin_locks_reset
                0x10000938       0x20 CMakeFiles/rtctime_7seg.dir/D_/Downloads/pico-sdk/src/rp2_common/hardware_sync/sync.c.obj
                0x10000938                spin_locks_reset
 .text.next_striped_spin_lock_num
                0x10000958       0x1c CMakeFiles/rtctime_7seg.dir/D_/Downloads/pico-sdk/src/rp2_common/hardware_sync/sync.c.obj
                0x10000958                next_striped_spin_lock_num
 .text.spin_lock_claim_unused
                0x10000974       0x20 CMakeFiles/rtctime_7seg.dir/D_/Downloads/pico-sdk/src/rp2_common/hardware_sync/sync.c.obj
                0x10000974                spin_lock_claim_unused
 .text.running_on_fpga
                0x10000994       0x14 CMakeFiles/rtctime_7seg.dir/D_/Downloads/pico-sdk/src/rp2_common/pico_platform/platform.c.obj
                0x10000994                running_on_fpga
 .text.sev_callback
                0x100009a8        0x8 CMakeFiles/rtctime_7seg.dir/D_/Downloads/pico-sdk/src/common/pico_time/time.c.obj
 .text.timer_pool_entry_comparator
                0x100009b0       0x7c CMakeFiles/rtctime_7seg.dir/D_/Downloads/pico-sdk/src/common/pico_time/time.c.obj
                0x100009b0                timer_pool_entry_comparator
 .text.ph_add_child_node
                0x10000a2c       0xa4 CMakeFiles/rtctime_7seg.dir/D_/Downloads/pico-sdk/src/common/pico_time/time.c.obj
 .text.ph_merge_nodes
                0x10000ad0       0x3e CMakeFiles/rtctime_7seg.dir/D_/Downloads/pico-sdk/src/common/pico_time/time.c.obj
 *fill*         0x10000b0e        0x2 
 .text.add_alarm_under_lock
                0x10000b10      0x178 CMakeFiles/rtctime_7seg.dir/D_/Downloads/pico-sdk/src/common/pico_time/time.c.obj
 .text.alarm_pool_alarm_callback
                0x10000c88      0x2e4 CMakeFiles/rtctime_7seg.dir/D_/Downloads/pico-sdk/src/common/pico_time/time.c.obj
 .text.alarm_pool_get_default
                0x10000f6c       0x28 CMakeFiles/rtctime_7seg.dir/D_/Downloads/pico-sdk/src/common/pico_time/time.c.obj
                0x10000f6c                alarm_pool_get_default
 .text.alarm_pool_create
                0x10000f94       0x6c CMakeFiles/rtctime_7seg.dir/D_/Downloads/pico-sdk/src/common/pico_time/time.c.obj
                0x10000f94                alarm_pool_create
 .text.alarm_pool_init_default
                0x10001000       0x20 CMakeFiles/rtctime_7seg.dir/D_/Downloads/pico-sdk/src/common/pico_time/time.c.obj
                0x10001000                alarm_pool_init_default
 .text.alarm_pool_add_alarm_at
                0x10001020      0x128 CMakeFiles/rtctime_7seg.dir/D_/Downloads/pico-sdk/src/common/pico_time/time.c.obj
                0x10001020                alarm_pool_add_alarm_at
 .text.alarm_pool_cancel_alarm
                0x10001148       0xec CMakeFiles/rtctime_7seg.dir/D_/Downloads/pico-sdk/src/common/pico_time/time.c.obj
                0x10001148                alarm_pool_cancel_alarm
 .text.sleep_until
                0x10001234       0x94 CMakeFiles/rtctime_7seg.dir/D_/Downloads/pico-sdk/src/common/pico_time/time.c.obj
                0x10001234                sleep_until
 .text.sleep_us
                0x100012c8       0x2c CMakeFiles/rtctime_7seg.dir/D_/Downloads/pico-sdk/src/common/pico_time/time.c.obj
                0x100012c8                sleep_us
 .text.sleep_ms
                0x100012f4       0x14 CMakeFiles/rtctime_7seg.dir/D_/Downloads/pico-sdk/src/common/pico_time/time.c.obj
                0x100012f4                sleep_ms
 .text.best_effort_wfe_or_timeout
                0x10001308       0x80 CMakeFiles/rtctime_7seg.dir/D_/Downloads/pico-sdk/src/common/pico_time/time.c.obj
                0x10001308                best_effort_wfe_or_timeout
 .text.hardware_alarm_irq_handler
                0x10001388       0x8c CMakeFiles/rtctime_7seg.dir/D_/Downloads/pico-sdk/src/rp2_common/hardware_timer/timer.c.obj
 .text.hardware_alarm_claim
                0x10001414       0x18 CMakeFiles/rtctime_7seg.dir/D_/Downloads/pico-sdk/src/rp2_common/hardware_timer/timer.c.obj
                0x10001414                hardware_alarm_claim
 .text.time_us_64
                0x1000142c       0x18 CMakeFiles/rtctime_7seg.dir/D_/Downloads/pico-sdk/src/rp2_common/hardware_timer/timer.c.obj
                0x1000142c                time_us_64
 .text.busy_wait_until
                0x10001444       0x28 CMakeFiles/rtctime_7seg.dir/D_/Downloads/pico-sdk/src/rp2_common/hardware_timer/timer.c.obj
                0x10001444                busy_wait_until
 .text.hardware_alarm_set_callback
                0x1000146c       0x90 CMakeFiles/rtctime_7seg.dir/D_/Downloads/pico-sdk/src/rp2_common/hardware_timer/timer.c.obj
                0x1000146c                hardware_alarm_set_callback
 .text.hardware_alarm_set_target
                0x100014fc       0xd0 CMakeFiles/rtctime_7seg.dir/D_/Downloads/pico-sdk/src/rp2_common/hardware_timer/timer.c.obj
                0x100014fc                hardware_alarm_set_target
 .text.hardware_alarm_cancel
                0x100015cc       0x40 CMakeFiles/rtctime_7seg.dir/D_/Downloads/pico-sdk/src/rp2_common/hardware_timer/timer.c.obj
                0x100015cc                hardware_alarm_cancel
 .text.lock_init
                0x1000160c       0x30 CMakeFiles/rtctime_7seg.dir/D_/Downloads/pico-sdk/src/common/pico_sync/lock_core.c.obj
                0x1000160c                lock_init
 .text.mutex_init
                0x1000163c       0x1a CMakeFiles/rtctime_7seg.dir/D_/Downloads/pico-sdk/src/common/pico_sync/mutex.c.obj
                0x1000163c                mutex_init
 .text.critical_section_init_with_lock_num
                0x10001656        0xc CMakeFiles/rtctime_7seg.dir/D_/Downloads/pico-sdk/src/common/pico_sync/critical_section.c.obj
                0x10001656                critical_section_init_with_lock_num
 .text.critical_section_init
                0x10001662       0x14 CMakeFiles/rtctime_7seg.dir/D_/Downloads/pico-sdk/src/common/pico_sync/critical_section.c.obj
                0x10001662                critical_section_init
 *fill*         0x10001676        0x2 
 .text.datetime_to_str
                0x10001678       0x64 CMakeFiles/rtctime_7seg.dir/D_/Downloads/pico-sdk/src/common/pico_util/datetime.c.obj
                0x10001678                datetime_to_str
 .text.ph_add_child_node
                0x100016dc       0xa4 CMakeFiles/rtctime_7seg.dir/D_/Downloads/pico-sdk/src/common/pico_util/pheap.c.obj
 .text.ph_merge_nodes
                0x10001780       0x3e CMakeFiles/rtctime_7seg.dir/D_/Downloads/pico-sdk/src/common/pico_util/pheap.c.obj
 *fill*         0x100017be        0x2 
 .text.ph_clear
                0x100017c0       0x74 CMakeFiles/rtctime_7seg.dir/D_/Downloads/pico-sdk/src/common/pico_util/pheap.c.obj
                0x100017c0                ph_clear
 .text.ph_create
                0x10001834       0x2c CMakeFiles/rtctime_7seg.dir/D_/Downloads/pico-sdk/src/common/pico_util/pheap.c.obj
                0x10001834                ph_create
 .text.ph_merge_two_pass
                0x10001860       0xa8 CMakeFiles/rtctime_7seg.dir/D_/Downloads/pico-sdk/src/common/pico_util/pheap.c.obj
                0x10001860                ph_merge_two_pass
 .text.ph_remove_any_head
                0x10001908      0x108 CMakeFiles/rtctime_7seg.dir/D_/Downloads/pico-sdk/src/common/pico_util/pheap.c.obj
 .text.ph_remove_head_reserve
                0x10001a10       0x14 CMakeFiles/rtctime_7seg.dir/D_/Downloads/pico-sdk/src/common/pico_util/pheap.c.obj
                0x10001a10                ph_remove_head_reserve
 .text.ph_delete
                0x10001a24       0xf8 CMakeFiles/rtctime_7seg.dir/D_/Downloads/pico-sdk/src/common/pico_util/pheap.c.obj
                0x10001a24                ph_delete
 .text.runtime_init
                0x10001b1c       0xcc CMakeFiles/rtctime_7seg.dir/D_/Downloads/pico-sdk/src/rp2_common/pico_runtime/runtime.c.obj
                0x10001b1c                runtime_init
 .text._exit    0x10001be8        0x4 CMakeFiles/rtctime_7seg.dir/D_/Downloads/pico-sdk/src/rp2_common/pico_runtime/runtime.c.obj
                0x10001be8                _exit
 .text._sbrk    0x10001bec       0x38 CMakeFiles/rtctime_7seg.dir/D_/Downloads/pico-sdk/src/rp2_common/pico_runtime/runtime.c.obj
                0x10001bec                _sbrk
 .text.exit     0x10001c24        0x6 CMakeFiles/rtctime_7seg.dir/D_/Downloads/pico-sdk/src/rp2_common/pico_runtime/runtime.c.obj
                0x10001c24                exit
 *fill*         0x10001c2a        0x2 
 .text.__assert_func
                0x10001c2c       0x3c CMakeFiles/rtctime_7seg.dir/D_/Downloads/pico-sdk/src/rp2_common/pico_runtime/runtime.c.obj
                0x10001c2c                __assert_func
 .text.panic    0x10001c68       0x30 CMakeFiles/rtctime_7seg.dir/D_/Downloads/pico-sdk/src/rp2_common/pico_runtime/runtime.c.obj
                0x10001c68                panic
 .text.clock_configure
                0x10001c98       0xe8 CMakeFiles/rtctime_7seg.dir/D_/Downloads/pico-sdk/src/rp2_common/hardware_clocks/clocks.c.obj
                0x10001c98                clock_configure
 .text.clocks_init
                0x10001d80      0x124 CMakeFiles/rtctime_7seg.dir/D_/Downloads/pico-sdk/src/rp2_common/hardware_clocks/clocks.c.obj
                0x10001d80                clocks_init
 .text.clock_get_hz
                0x10001ea4        0xc CMakeFiles/rtctime_7seg.dir/D_/Downloads/pico-sdk/src/rp2_common/hardware_clocks/clocks.c.obj
                0x10001ea4                clock_get_hz
 .text.watchdog_start_tick
                0x10001eb0       0x10 CMakeFiles/rtctime_7seg.dir/D_/Downloads/pico-sdk/src/rp2_common/hardware_watchdog/watchdog.c.obj
                0x10001eb0                watchdog_start_tick
 .text.xosc_init
                0x10001ec0       0x28 CMakeFiles/rtctime_7seg.dir/D_/Downloads/pico-sdk/src/rp2_common/hardware_xosc/xosc.c.obj
                0x10001ec0                xosc_init
 .text.pll_init
                0x10001ee8       0xd4 CMakeFiles/rtctime_7seg.dir/D_/Downloads/pico-sdk/src/rp2_common/hardware_pll/pll.c.obj
                0x10001ee8                pll_init
 .text.set_raw_irq_handler_and_unlock
                0x10001fbc       0x28 CMakeFiles/rtctime_7seg.dir/D_/Downloads/pico-sdk/src/rp2_common/hardware_irq/irq.c.obj
 .text.make_branch
                0x10001fe4       0x34 CMakeFiles/rtctime_7seg.dir/D_/Downloads/pico-sdk/src/rp2_common/hardware_irq/irq.c.obj
 .text.insert_branch_and_link
                0x10002018       0x40 CMakeFiles/rtctime_7seg.dir/D_/Downloads/pico-sdk/src/rp2_common/hardware_irq/irq.c.obj
 .text.irq_is_enabled
                0x10002058       0x18 CMakeFiles/rtctime_7seg.dir/D_/Downloads/pico-sdk/src/rp2_common/hardware_irq/irq.c.obj
                0x10002058                irq_is_enabled
 .text.irq_set_mask_enabled
                0x10002070       0x20 CMakeFiles/rtctime_7seg.dir/D_/Downloads/pico-sdk/src/rp2_common/hardware_irq/irq.c.obj
                0x10002070                irq_set_mask_enabled
 .text.irq_set_enabled
                0x10002090        0xe CMakeFiles/rtctime_7seg.dir/D_/Downloads/pico-sdk/src/rp2_common/hardware_irq/irq.c.obj
                0x10002090                irq_set_enabled
 *fill*         0x1000209e        0x2 
 .text.irq_set_pending
                0x100020a0       0x10 CMakeFiles/rtctime_7seg.dir/D_/Downloads/pico-sdk/src/rp2_common/hardware_irq/irq.c.obj
                0x100020a0                irq_set_pending
 .text.irq_get_vtable_handler
                0x100020b0       0x10 CMakeFiles/rtctime_7seg.dir/D_/Downloads/pico-sdk/src/rp2_common/hardware_irq/irq.c.obj
                0x100020b0                irq_get_vtable_handler
 .text.irq_set_exclusive_handler
                0x100020c0       0x54 CMakeFiles/rtctime_7seg.dir/D_/Downloads/pico-sdk/src/rp2_common/hardware_irq/irq.c.obj
                0x100020c0                irq_set_exclusive_handler
 .text.irq_remove_handler
                0x10002114      0x1b4 CMakeFiles/rtctime_7seg.dir/D_/Downloads/pico-sdk/src/rp2_common/hardware_irq/irq.c.obj
                0x10002114                irq_remove_handler
 .text.irq_set_priority
                0x100022c8       0x28 CMakeFiles/rtctime_7seg.dir/D_/Downloads/pico-sdk/src/rp2_common/hardware_irq/irq.c.obj
                0x100022c8                irq_set_priority
 .text.irq_add_tail_to_free_list
                0x100022f0       0xf8 CMakeFiles/rtctime_7seg.dir/D_/Downloads/pico-sdk/src/rp2_common/hardware_irq/irq.c.obj
                0x100022f0                irq_add_tail_to_free_list
 .text.irq_init_priorities
                0x100023e8       0x16 CMakeFiles/rtctime_7seg.dir/D_/Downloads/pico-sdk/src/rp2_common/hardware_irq/irq.c.obj
                0x100023e8                irq_init_priorities
 .text._out_buffer
                0x100023fe        0x8 CMakeFiles/rtctime_7seg.dir/D_/Downloads/pico-sdk/src/rp2_common/pico_printf/printf.c.obj
 .text._out_null
                0x10002406        0x2 CMakeFiles/rtctime_7seg.dir/D_/Downloads/pico-sdk/src/rp2_common/pico_printf/printf.c.obj
 .text._out_fct
                0x10002408        0xe CMakeFiles/rtctime_7seg.dir/D_/Downloads/pico-sdk/src/rp2_common/pico_printf/printf.c.obj
 .text._atoi    0x10002416       0x24 CMakeFiles/rtctime_7seg.dir/D_/Downloads/pico-sdk/src/rp2_common/pico_printf/printf.c.obj
 .text._out_rev
                0x1000243a       0xae CMakeFiles/rtctime_7seg.dir/D_/Downloads/pico-sdk/src/rp2_common/pico_printf/printf.c.obj
 .text._ntoa_format
                0x100024e8      0x112 CMakeFiles/rtctime_7seg.dir/D_/Downloads/pico-sdk/src/rp2_common/pico_printf/printf.c.obj
 .text._ntoa_long
                0x100025fa       0xbc CMakeFiles/rtctime_7seg.dir/D_/Downloads/pico-sdk/src/rp2_common/pico_printf/printf.c.obj
 .text._ntoa_long_long
                0x100026b6       0xe2 CMakeFiles/rtctime_7seg.dir/D_/Downloads/pico-sdk/src/rp2_common/pico_printf/printf.c.obj
 .text._etoa    0x10002798      0x404 CMakeFiles/rtctime_7seg.dir/D_/Downloads/pico-sdk/src/rp2_common/pico_printf/printf.c.obj
 .text._ftoa    0x10002b9c      0x354 CMakeFiles/rtctime_7seg.dir/D_/Downloads/pico-sdk/src/rp2_common/pico_printf/printf.c.obj
 .text._vsnprintf
                0x10002ef0      0x624 CMakeFiles/rtctime_7seg.dir/D_/Downloads/pico-sdk/src/rp2_common/pico_printf/printf.c.obj
 .text.__wrap_snprintf
                0x10003514       0x28 CMakeFiles/rtctime_7seg.dir/D_/Downloads/pico-sdk/src/rp2_common/pico_printf/printf.c.obj
                0x10003514                __wrap_snprintf
 .text.vfctprintf
                0x1000353c       0x20 CMakeFiles/rtctime_7seg.dir/D_/Downloads/pico-sdk/src/rp2_common/pico_printf/printf.c.obj
                0x1000353c                vfctprintf
 .text          0x1000355c       0x10 CMakeFiles/rtctime_7seg.dir/D_/Downloads/pico-sdk/src/rp2_common/pico_bit_ops/bit_ops_aeabi.S.obj
 .text.rom_func_lookup
                0x1000356c       0x10 CMakeFiles/rtctime_7seg.dir/D_/Downloads/pico-sdk/src/rp2_common/pico_bootrom/bootrom.c.obj
                0x1000356c                rom_func_lookup
 .text.rom_data_lookup
                0x1000357c       0x10 CMakeFiles/rtctime_7seg.dir/D_/Downloads/pico-sdk/src/rp2_common/pico_bootrom/bootrom.c.obj
                0x1000357c                rom_data_lookup
 .text.rom_funcs_lookup
                0x1000358c       0x36 CMakeFiles/rtctime_7seg.dir/D_/Downloads/pico-sdk/src/rp2_common/pico_bootrom/bootrom.c.obj
                0x1000358c                rom_funcs_lookup
 *fill*         0x100035c2        0x2 
 .text.__wrap___aeabi_idiv
                0x100035c4       0x58 CMakeFiles/rtctime_7seg.dir/D_/Downloads/pico-sdk/src/rp2_common/pico_divider/divider.S.obj
                0x100035c4                __wrap___aeabi_idivmod
                0x100035c4                divmod_s32s32
                0x100035c4                div_s32s32
                0x100035c4                __wrap___aeabi_idiv
                0x100035cc                divmod_s32s32_unsafe
                0x100035f8                divmod_s32s32_savestate
 .text.__wrap___aeabi_uidiv
                0x1000361c       0x54 CMakeFiles/rtctime_7seg.dir/D_/Downloads/pico-sdk/src/rp2_common/pico_divider/divider.S.obj
                0x1000361c                __wrap___aeabi_uidiv
                0x1000361c                __wrap___aeabi_uidivmod
                0x1000361c                div_u32u32
                0x1000361c                divmod_u32u32
                0x10003624                divmod_u32u32_unsafe
                0x1000364c                divmod_u32u32_savestate
 .text.__wrap___aeabi_ldiv
                0x10003670      0x430 CMakeFiles/rtctime_7seg.dir/D_/Downloads/pico-sdk/src/rp2_common/pico_divider/divider.S.obj
                0x10003670                div_s64s64
                0x10003670                divmod_s64s64
                0x10003670                __wrap___aeabi_ldivmod
                0x100036a8                divmod_u64u64
                0x100036a8                div_u64u64
                0x100036a8                __wrap___aeabi_uldivmod
                0x100036b8                divmod_u64u64_savestate
                0x100036e0                divmod_s64s64_unsafe
                0x10003768                divmod_u64u64_unsafe
 .text.__wrap___aeabi_darithmetic
                0x10003aa0       0x54 CMakeFiles/rtctime_7seg.dir/D_/Downloads/pico-sdk/src/rp2_common/pico_double/double_aeabi.S.obj
                0x10003aa0                __wrap___aeabi_drsub
                0x10003aa6                __wrap___aeabi_dsub
                0x10003ab8                __wrap___aeabi_dadd
                0x10003aca                __wrap___aeabi_ddiv
                0x10003adc                __wrap___aeabi_dmul
 .text.__wrap___aeabi_cdcmple
                0x10003af4       0x6c CMakeFiles/rtctime_7seg.dir/D_/Downloads/pico-sdk/src/rp2_common/pico_double/double_aeabi.S.obj
                0x10003af4                __wrap___aeabi_cdrcmple
                0x10003b04                __wrap___aeabi_cdcmpeq
                0x10003b04                __wrap___aeabi_cdcmple
 .text.__wrap___aeabi_dcmplt
                0x10003b60        0xc CMakeFiles/rtctime_7seg.dir/D_/Downloads/pico-sdk/src/rp2_common/pico_double/double_aeabi.S.obj
                0x10003b60                __wrap___aeabi_dcmplt
 .text.__wrap___aeabi_dcmple
                0x10003b6c       0x10 CMakeFiles/rtctime_7seg.dir/D_/Downloads/pico-sdk/src/rp2_common/pico_double/double_aeabi.S.obj
                0x10003b6c                __wrap___aeabi_dcmple
 .text.__wrap___aeabi_dcmpge
                0x10003b7c       0x10 CMakeFiles/rtctime_7seg.dir/D_/Downloads/pico-sdk/src/rp2_common/pico_double/double_aeabi.S.obj
                0x10003b7c                __wrap___aeabi_dcmpge
 .text.__wrap___aeabi_dcmpgt
                0x10003b8c        0xa CMakeFiles/rtctime_7seg.dir/D_/Downloads/pico-sdk/src/rp2_common/pico_double/double_aeabi.S.obj
                0x10003b8c                __wrap___aeabi_dcmpgt
 .text.__wrap___aeabi_dcmpun
                0x10003b96       0x1c CMakeFiles/rtctime_7seg.dir/D_/Downloads/pico-sdk/src/rp2_common/pico_double/double_aeabi.S.obj
                0x10003b96                __wrap___aeabi_dcmpun
 *fill*         0x10003bb2        0x2 
 .text.__wrap___aeabi_i2d
                0x10003bb4       0x38 CMakeFiles/rtctime_7seg.dir/D_/Downloads/pico-sdk/src/rp2_common/pico_double/double_aeabi.S.obj
                0x10003bb4                __wrap___aeabi_ui2d
                0x10003bbc                __wrap___aeabi_i2d
 .text.__wrap___aeabi_d2iz
                0x10003bec       0x48 CMakeFiles/rtctime_7seg.dir/D_/Downloads/pico-sdk/src/rp2_common/pico_double/double_aeabi.S.obj
                0x10003bec                double2int_z
                0x10003bec                __wrap___aeabi_d2iz
 .text.__wrap___aeabi_d2uiz
                0x10003c34       0x18 CMakeFiles/rtctime_7seg.dir/D_/Downloads/pico-sdk/src/rp2_common/pico_double/double_aeabi.S.obj
                0x10003c34                __wrap___aeabi_d2uiz
                0x10003c34                double2uint
 .text.__aeabi_double_init
                0x10003c4c       0xb8 CMakeFiles/rtctime_7seg.dir/D_/Downloads/pico-sdk/src/rp2_common/pico_double/double_init_rom.c.obj
                0x10003c4c                __aeabi_double_init
 .text.double_table_shim_on_use_helper
                0x10003d04       0x34 CMakeFiles/rtctime_7seg.dir/D_/Downloads/pico-sdk/src/rp2_common/pico_double/double_v1_rom_shim.S.obj
                0x10003d04                double_table_shim_on_use_helper
 .text.__wrap___aeabi_dsub
                0x10003d38       0x10 CMakeFiles/rtctime_7seg.dir/D_/Downloads/pico-sdk/src/rp2_common/pico_double/double_v1_rom_shim.S.obj
                0x10003d38                drsub_shim
                0x10003d3e                dsub_shim
 .text.dadd_shim
                0x10003d48      0x15c CMakeFiles/rtctime_7seg.dir/D_/Downloads/pico-sdk/src/rp2_common/pico_double/double_v1_rom_shim.S.obj
                0x10003d48                dadd_shim
 .text.dmul_shim
                0x10003ea4      0x15c CMakeFiles/rtctime_7seg.dir/D_/Downloads/pico-sdk/src/rp2_common/pico_double/double_v1_rom_shim.S.obj
                0x10003ea4                dmul_shim
 .text.ddiv_shim
                0x10004000      0x1b0 CMakeFiles/rtctime_7seg.dir/D_/Downloads/pico-sdk/src/rp2_common/pico_double/double_v1_rom_shim.S.obj
                0x10004000                ddiv_shim
 .text.dcordic_rot_step
                0x100041b0       0x7c CMakeFiles/rtctime_7seg.dir/D_/Downloads/pico-sdk/src/rp2_common/pico_double/double_v1_rom_shim.S.obj
                0x100041b0                dcordic_rot_step
 .text.double2uint_shim
                0x1000422c        0xe CMakeFiles/rtctime_7seg.dir/D_/Downloads/pico-sdk/src/rp2_common/pico_double/double_v1_rom_shim.S.obj
                0x1000422c                double2uint_shim
                0x1000422e                double2ufix_shim
 *fill*         0x1000423a        0x2 
 .text.double2uint64_shim
                0x1000423c       0x6c CMakeFiles/rtctime_7seg.dir/D_/Downloads/pico-sdk/src/rp2_common/pico_double/double_v1_rom_shim.S.obj
                0x1000423c                double2uint64_shim
                0x1000423e                double2ufix64_shim
                0x10004258                d2fix_a
 .text.dunpacks
                0x100042a8       0x3c CMakeFiles/rtctime_7seg.dir/D_/Downloads/pico-sdk/src/rp2_common/pico_double/double_v1_rom_shim.S.obj
                0x100042a8                dunpacks
 .text.__aeabi_lmul
                0x100042e4       0x32 CMakeFiles/rtctime_7seg.dir/D_/Downloads/pico-sdk/src/rp2_common/pico_int64_ops/pico_int64_ops_aeabi.S.obj
                0x100042e4                __wrap___aeabi_lmul
 *fill*         0x10004316        0x2 
 .text.__aeabi_float_init
                0x10004318       0xfc CMakeFiles/rtctime_7seg.dir/D_/Downloads/pico-sdk/src/rp2_common/pico_float/float_init_rom.c.obj
                0x10004318                __aeabi_float_init
 .text.float_table_shim_on_use_helper
                0x10004414       0x34 CMakeFiles/rtctime_7seg.dir/D_/Downloads/pico-sdk/src/rp2_common/pico_float/float_v1_rom_shim.S.obj
                0x10004414                float_table_shim_on_use_helper
 .text.__wrap_malloc
                0x10004448        0x8 CMakeFiles/rtctime_7seg.dir/D_/Downloads/pico-sdk/src/rp2_common/pico_malloc/pico_malloc.c.obj
                0x10004448                __wrap_malloc
 .text.__wrap_calloc
                0x10004450        0x8 CMakeFiles/rtctime_7seg.dir/D_/Downloads/pico-sdk/src/rp2_common/pico_malloc/pico_malloc.c.obj
                0x10004450                __wrap_calloc
 .text          0x10004458       0x10 CMakeFiles/rtctime_7seg.dir/D_/Downloads/pico-sdk/src/rp2_common/pico_mem_ops/mem_ops_aeabi.S.obj
                0x10004458                __aeabi_mem_init
 .text.memset   0x10004468        0xc CMakeFiles/rtctime_7seg.dir/D_/Downloads/pico-sdk/src/rp2_common/pico_mem_ops/mem_ops_aeabi.S.obj
                0x10004468                __wrap_memset
 .text.memcpy   0x10004474        0xc CMakeFiles/rtctime_7seg.dir/D_/Downloads/pico-sdk/src/rp2_common/pico_mem_ops/mem_ops_aeabi.S.obj
                0x10004474                __wrap_memcpy
                0x10004474                __wrap___aeabi_memcpy
 .text.stdio_out_chars_crlf
                0x10004480       0x80 CMakeFiles/rtctime_7seg.dir/D_/Downloads/pico-sdk/src/rp2_common/pico_stdio/stdio.c.obj
 .text.stdio_stack_buffer_flush
                0x10004500       0x44 CMakeFiles/rtctime_7seg.dir/D_/Downloads/pico-sdk/src/rp2_common/pico_stdio/stdio.c.obj
 .text.stdio_buffered_printer
                0x10004544       0x20 CMakeFiles/rtctime_7seg.dir/D_/Downloads/pico-sdk/src/rp2_common/pico_stdio/stdio.c.obj
 .text.stdout_serialize_begin
                0x10004564       0x2c CMakeFiles/rtctime_7seg.dir/D_/Downloads/pico-sdk/src/rp2_common/pico_stdio/stdio.c.obj
                0x10004564                stdout_serialize_begin
 .text.stdout_serialize_end
                0x10004590       0x10 CMakeFiles/rtctime_7seg.dir/D_/Downloads/pico-sdk/src/rp2_common/pico_stdio/stdio.c.obj
                0x10004590                stdout_serialize_end
 .text.stdio_put_string
                0x100045a0       0x84 CMakeFiles/rtctime_7seg.dir/D_/Downloads/pico-sdk/src/rp2_common/pico_stdio/stdio.c.obj
 .text.stdio_set_driver_enabled
                0x10004624       0x38 CMakeFiles/rtctime_7seg.dir/D_/Downloads/pico-sdk/src/rp2_common/pico_stdio/stdio.c.obj
                0x10004624                stdio_set_driver_enabled
 .text.stdio_flush
                0x1000465c       0x20 CMakeFiles/rtctime_7seg.dir/D_/Downloads/pico-sdk/src/rp2_common/pico_stdio/stdio.c.obj
                0x1000465c                stdio_flush
 .text.__wrap_puts
                0x1000467c       0x1c CMakeFiles/rtctime_7seg.dir/D_/Downloads/pico-sdk/src/rp2_common/pico_stdio/stdio.c.obj
                0x1000467c                __wrap_puts
 .text.__wrap_vprintf
                0x10004698       0x44 CMakeFiles/rtctime_7seg.dir/D_/Downloads/pico-sdk/src/rp2_common/pico_stdio/stdio.c.obj
                0x10004698                __wrap_vprintf
 .text.__wrap_printf
                0x100046dc       0x18 CMakeFiles/rtctime_7seg.dir/D_/Downloads/pico-sdk/src/rp2_common/pico_stdio/stdio.c.obj
                0x100046dc                __wrap_printf
 .text.stdio_init_all
                0x100046f4        0x8 CMakeFiles/rtctime_7seg.dir/D_/Downloads/pico-sdk/src/rp2_common/pico_stdio/stdio.c.obj
                0x100046f4                stdio_init_all
 .text.stdio_usb_in_chars
                0x100046fc       0x70 CMakeFiles/rtctime_7seg.dir/D_/Downloads/pico-sdk/src/rp2_common/pico_stdio_usb/stdio_usb.c.obj
                0x100046fc                stdio_usb_in_chars
 .text.low_priority_worker_irq
                0x1000476c       0x20 CMakeFiles/rtctime_7seg.dir/D_/Downloads/pico-sdk/src/rp2_common/pico_stdio_usb/stdio_usb.c.obj
 .text.stdio_usb_out_chars
                0x1000478c       0xd4 CMakeFiles/rtctime_7seg.dir/D_/Downloads/pico-sdk/src/rp2_common/pico_stdio_usb/stdio_usb.c.obj
 .text.timer_task
                0x10004860       0x10 CMakeFiles/rtctime_7seg.dir/D_/Downloads/pico-sdk/src/rp2_common/pico_stdio_usb/stdio_usb.c.obj
 .text.stdio_usb_init
                0x10004870       0x90 CMakeFiles/rtctime_7seg.dir/D_/Downloads/pico-sdk/src/rp2_common/pico_stdio_usb/stdio_usb.c.obj
                0x10004870                stdio_usb_init
 .text.tud_descriptor_device_cb
                0x10004900        0x8 CMakeFiles/rtctime_7seg.dir/D_/Downloads/pico-sdk/src/rp2_common/pico_stdio_usb/stdio_usb_descriptors.c.obj
                0x10004900                tud_descriptor_device_cb
 .text.tud_descriptor_configuration_cb
                0x10004908        0x8 CMakeFiles/rtctime_7seg.dir/D_/Downloads/pico-sdk/src/rp2_common/pico_stdio_usb/stdio_usb_descriptors.c.obj
                0x10004908                tud_descriptor_configuration_cb
 .text.tud_descriptor_string_cb
                0x10004910       0x50 CMakeFiles/rtctime_7seg.dir/D_/Downloads/pico-sdk/src/rp2_common/pico_stdio_usb/stdio_usb_descriptors.c.obj
                0x10004910                tud_descriptor_string_cb
 .text.hw_endpoint_get_by_addr
                0x10004960       0x1c CMakeFiles/rtctime_7seg.dir/D_/Downloads/pico-sdk/lib/tinyusb/src/portable/raspberrypi/rp2040/dcd_rp2040.c.obj
 .text.reset_ep0
                0x1000497c       0x2c CMakeFiles/rtctime_7seg.dir/D_/Downloads/pico-sdk/lib/tinyusb/src/portable/raspberrypi/rp2040/dcd_rp2040.c.obj
 .text._hw_endpoint_alloc
                0x100049a8       0x7c CMakeFiles/rtctime_7seg.dir/D_/Downloads/pico-sdk/lib/tinyusb/src/portable/raspberrypi/rp2040/dcd_rp2040.c.obj
 .text._hw_endpoint_init
                0x10004a24       0xbc CMakeFiles/rtctime_7seg.dir/D_/Downloads/pico-sdk/lib/tinyusb/src/portable/raspberrypi/rp2040/dcd_rp2040.c.obj
 .text.hw_endpoint_init
                0x10004ae0       0x18 CMakeFiles/rtctime_7seg.dir/D_/Downloads/pico-sdk/lib/tinyusb/src/portable/raspberrypi/rp2040/dcd_rp2040.c.obj
 .text.hw_handle_buff_status
                0x10004af8       0xb8 CMakeFiles/rtctime_7seg.dir/D_/Downloads/pico-sdk/lib/tinyusb/src/portable/raspberrypi/rp2040/dcd_rp2040.c.obj
 .text.dcd_rp2040_irq
                0x10004bb0       0x8c CMakeFiles/rtctime_7seg.dir/D_/Downloads/pico-sdk/lib/tinyusb/src/portable/raspberrypi/rp2040/dcd_rp2040.c.obj
 .text.hw_endpoint_xfer
                0x10004c3c       0x18 CMakeFiles/rtctime_7seg.dir/D_/Downloads/pico-sdk/lib/tinyusb/src/portable/raspberrypi/rp2040/dcd_rp2040.c.obj
 .text.ep0_0len_status
                0x10004c54       0x14 CMakeFiles/rtctime_7seg.dir/D_/Downloads/pico-sdk/lib/tinyusb/src/portable/raspberrypi/rp2040/dcd_rp2040.c.obj
 .text._hw_endpoint_stall
                0x10004c68       0x54 CMakeFiles/rtctime_7seg.dir/D_/Downloads/pico-sdk/lib/tinyusb/src/portable/raspberrypi/rp2040/dcd_rp2040.c.obj
 .text.hw_endpoint_stall
                0x10004cbc        0xc CMakeFiles/rtctime_7seg.dir/D_/Downloads/pico-sdk/lib/tinyusb/src/portable/raspberrypi/rp2040/dcd_rp2040.c.obj
 .text._hw_endpoint_clear_stall
                0x10004cc8       0x34 CMakeFiles/rtctime_7seg.dir/D_/Downloads/pico-sdk/lib/tinyusb/src/portable/raspberrypi/rp2040/dcd_rp2040.c.obj
 .text.hw_endpoint_clear_stall
                0x10004cfc        0xc CMakeFiles/rtctime_7seg.dir/D_/Downloads/pico-sdk/lib/tinyusb/src/portable/raspberrypi/rp2040/dcd_rp2040.c.obj
 .text.dcd_int_enable
                0x10004d08       0x2c CMakeFiles/rtctime_7seg.dir/D_/Downloads/pico-sdk/lib/tinyusb/src/portable/raspberrypi/rp2040/dcd_rp2040.c.obj
                0x10004d08                dcd_int_enable
 .text.dcd_set_address
                0x10004d34       0x30 CMakeFiles/rtctime_7seg.dir/D_/Downloads/pico-sdk/lib/tinyusb/src/portable/raspberrypi/rp2040/dcd_rp2040.c.obj
                0x10004d34                dcd_set_address
 .text.dcd_connect
                0x10004d64       0x30 CMakeFiles/rtctime_7seg.dir/D_/Downloads/pico-sdk/lib/tinyusb/src/portable/raspberrypi/rp2040/dcd_rp2040.c.obj
                0x10004d64                dcd_connect
 .text.dcd_init
                0x10004d94       0x90 CMakeFiles/rtctime_7seg.dir/D_/Downloads/pico-sdk/lib/tinyusb/src/portable/raspberrypi/rp2040/dcd_rp2040.c.obj
                0x10004d94                dcd_init
 .text.dcd_edpt0_status_complete
                0x10004e24       0x44 CMakeFiles/rtctime_7seg.dir/D_/Downloads/pico-sdk/lib/tinyusb/src/portable/raspberrypi/rp2040/dcd_rp2040.c.obj
                0x10004e24                dcd_edpt0_status_complete
 .text.dcd_edpt_open
                0x10004e68       0x40 CMakeFiles/rtctime_7seg.dir/D_/Downloads/pico-sdk/lib/tinyusb/src/portable/raspberrypi/rp2040/dcd_rp2040.c.obj
                0x10004e68                dcd_edpt_open
 .text.dcd_edpt_xfer
                0x10004ea8       0x34 CMakeFiles/rtctime_7seg.dir/D_/Downloads/pico-sdk/lib/tinyusb/src/portable/raspberrypi/rp2040/dcd_rp2040.c.obj
                0x10004ea8                dcd_edpt_xfer
 .text.dcd_edpt_stall
                0x10004edc       0x28 CMakeFiles/rtctime_7seg.dir/D_/Downloads/pico-sdk/lib/tinyusb/src/portable/raspberrypi/rp2040/dcd_rp2040.c.obj
                0x10004edc                dcd_edpt_stall
 .text.dcd_edpt_clear_stall
                0x10004f04       0x28 CMakeFiles/rtctime_7seg.dir/D_/Downloads/pico-sdk/lib/tinyusb/src/portable/raspberrypi/rp2040/dcd_rp2040.c.obj
                0x10004f04                dcd_edpt_clear_stall
 .text.rp2040_usb_init
                0x10004f2c       0x50 CMakeFiles/rtctime_7seg.dir/D_/Downloads/pico-sdk/lib/tinyusb/src/portable/raspberrypi/rp2040/rp2040_usb.c.obj
                0x10004f2c                rp2040_usb_init
 .text.hw_endpoint_reset_transfer
                0x10004f7c       0x14 CMakeFiles/rtctime_7seg.dir/D_/Downloads/pico-sdk/lib/tinyusb/src/portable/raspberrypi/rp2040/rp2040_usb.c.obj
                0x10004f7c                hw_endpoint_reset_transfer
 .text._hw_endpoint_buffer_control_update32
                0x10004f90       0x54 CMakeFiles/rtctime_7seg.dir/D_/Downloads/pico-sdk/lib/tinyusb/src/portable/raspberrypi/rp2040/rp2040_usb.c.obj
                0x10004f90                _hw_endpoint_buffer_control_update32
 .text._hw_endpoint_start_next_buffer
                0x10004fe4       0x5a CMakeFiles/rtctime_7seg.dir/D_/Downloads/pico-sdk/lib/tinyusb/src/portable/raspberrypi/rp2040/rp2040_usb.c.obj
                0x10004fe4                _hw_endpoint_start_next_buffer
 .text._hw_endpoint_xfer_start
                0x1000503e       0x46 CMakeFiles/rtctime_7seg.dir/D_/Downloads/pico-sdk/lib/tinyusb/src/portable/raspberrypi/rp2040/rp2040_usb.c.obj
                0x1000503e                _hw_endpoint_xfer_start
 .text._hw_endpoint_xfer_sync
                0x10005084       0x74 CMakeFiles/rtctime_7seg.dir/D_/Downloads/pico-sdk/lib/tinyusb/src/portable/raspberrypi/rp2040/rp2040_usb.c.obj
                0x10005084                _hw_endpoint_xfer_sync
 .text._hw_endpoint_xfer_continue
                0x100050f8       0x58 CMakeFiles/rtctime_7seg.dir/D_/Downloads/pico-sdk/lib/tinyusb/src/portable/raspberrypi/rp2040/rp2040_usb.c.obj
                0x100050f8                _hw_endpoint_xfer_continue
 .text._hw_endpoint_xfer
                0x10005150       0x34 CMakeFiles/rtctime_7seg.dir/D_/Downloads/pico-sdk/lib/tinyusb/src/portable/raspberrypi/rp2040/rp2040_usb.c.obj
                0x10005150                _hw_endpoint_xfer
 .text.mark_interface_endpoint
                0x10005184       0x2a CMakeFiles/rtctime_7seg.dir/D_/Downloads/pico-sdk/lib/tinyusb/src/device/usbd.c.obj
 *fill*         0x100051ae        0x2 
 .text.usbd_reset
                0x100051b0       0x88 CMakeFiles/rtctime_7seg.dir/D_/Downloads/pico-sdk/lib/tinyusb/src/device/usbd.c.obj
 .text.invoke_class_control
                0x10005238       0x18 CMakeFiles/rtctime_7seg.dir/D_/Downloads/pico-sdk/lib/tinyusb/src/device/usbd.c.obj
 .text.process_set_config
                0x10005250      0x1d0 CMakeFiles/rtctime_7seg.dir/D_/Downloads/pico-sdk/lib/tinyusb/src/device/usbd.c.obj
 .text.process_get_descriptor
                0x10005420       0xf4 CMakeFiles/rtctime_7seg.dir/D_/Downloads/pico-sdk/lib/tinyusb/src/device/usbd.c.obj
 .text.tud_mounted
                0x10005514       0x10 CMakeFiles/rtctime_7seg.dir/D_/Downloads/pico-sdk/lib/tinyusb/src/device/usbd.c.obj
                0x10005514                tud_mounted
 .text.tud_suspended
                0x10005524       0x10 CMakeFiles/rtctime_7seg.dir/D_/Downloads/pico-sdk/lib/tinyusb/src/device/usbd.c.obj
                0x10005524                tud_suspended
 .text.tud_init
                0x10005534       0xb8 CMakeFiles/rtctime_7seg.dir/D_/Downloads/pico-sdk/lib/tinyusb/src/device/usbd.c.obj
                0x10005534                tud_init
 .text.dcd_event_handler
                0x100055ec      0x1c4 CMakeFiles/rtctime_7seg.dir/D_/Downloads/pico-sdk/lib/tinyusb/src/device/usbd.c.obj
                0x100055ec                dcd_event_handler
 .text.dcd_event_bus_signal
                0x100057b0       0x26 CMakeFiles/rtctime_7seg.dir/D_/Downloads/pico-sdk/lib/tinyusb/src/device/usbd.c.obj
                0x100057b0                dcd_event_bus_signal
 .text.dcd_event_setup_received
                0x100057d6       0x34 CMakeFiles/rtctime_7seg.dir/D_/Downloads/pico-sdk/lib/tinyusb/src/device/usbd.c.obj
                0x100057d6                dcd_event_setup_received
 .text.dcd_event_xfer_complete
                0x1000580a       0x44 CMakeFiles/rtctime_7seg.dir/D_/Downloads/pico-sdk/lib/tinyusb/src/device/usbd.c.obj
                0x1000580a                dcd_event_xfer_complete
 .text.usbd_edpt_open
                0x1000584e        0x8 CMakeFiles/rtctime_7seg.dir/D_/Downloads/pico-sdk/lib/tinyusb/src/device/usbd.c.obj
                0x1000584e                usbd_edpt_open
 *fill*         0x10005856        0x2 
 .text.usbd_open_edpt_pair
                0x10005858       0x8c CMakeFiles/rtctime_7seg.dir/D_/Downloads/pico-sdk/lib/tinyusb/src/device/usbd.c.obj
                0x10005858                usbd_open_edpt_pair
 .text.usbd_edpt_claim
                0x100058e4       0x8c CMakeFiles/rtctime_7seg.dir/D_/Downloads/pico-sdk/lib/tinyusb/src/device/usbd.c.obj
                0x100058e4                usbd_edpt_claim
 .text.usbd_edpt_release
                0x10005970       0x68 CMakeFiles/rtctime_7seg.dir/D_/Downloads/pico-sdk/lib/tinyusb/src/device/usbd.c.obj
                0x10005970                usbd_edpt_release
 .text.usbd_edpt_xfer
                0x100059d8       0x80 CMakeFiles/rtctime_7seg.dir/D_/Downloads/pico-sdk/lib/tinyusb/src/device/usbd.c.obj
                0x100059d8                usbd_edpt_xfer
 .text.usbd_edpt_stall
                0x10005a58       0x2c CMakeFiles/rtctime_7seg.dir/D_/Downloads/pico-sdk/lib/tinyusb/src/device/usbd.c.obj
                0x10005a58                usbd_edpt_stall
 .text.usbd_edpt_clear_stall
                0x10005a84       0x2c CMakeFiles/rtctime_7seg.dir/D_/Downloads/pico-sdk/lib/tinyusb/src/device/usbd.c.obj
                0x10005a84                usbd_edpt_clear_stall
 .text.usbd_edpt_stalled
                0x10005ab0       0x1c CMakeFiles/rtctime_7seg.dir/D_/Downloads/pico-sdk/lib/tinyusb/src/device/usbd.c.obj
                0x10005ab0                usbd_edpt_stalled
 .text.process_control_request
                0x10005acc      0x37c CMakeFiles/rtctime_7seg.dir/D_/Downloads/pico-sdk/lib/tinyusb/src/device/usbd.c.obj
 .text.tud_task
                0x10005e48      0x204 CMakeFiles/rtctime_7seg.dir/D_/Downloads/pico-sdk/lib/tinyusb/src/device/usbd.c.obj
                0x10005e48                tud_task
 .text._data_stage_xact
                0x1000604c       0x58 CMakeFiles/rtctime_7seg.dir/D_/Downloads/pico-sdk/lib/tinyusb/src/device/usbd_control.c.obj
 .text.tud_control_status
                0x100060a4       0x38 CMakeFiles/rtctime_7seg.dir/D_/Downloads/pico-sdk/lib/tinyusb/src/device/usbd_control.c.obj
                0x100060a4                tud_control_status
 .text.tud_control_xfer
                0x100060dc       0xa8 CMakeFiles/rtctime_7seg.dir/D_/Downloads/pico-sdk/lib/tinyusb/src/device/usbd_control.c.obj
                0x100060dc                tud_control_xfer
 .text.usbd_control_reset
                0x10006184       0x14 CMakeFiles/rtctime_7seg.dir/D_/Downloads/pico-sdk/lib/tinyusb/src/device/usbd_control.c.obj
                0x10006184                usbd_control_reset
 .text.usbd_control_set_complete_callback
                0x10006198        0xc CMakeFiles/rtctime_7seg.dir/D_/Downloads/pico-sdk/lib/tinyusb/src/device/usbd_control.c.obj
                0x10006198                usbd_control_set_complete_callback
 .text.usbd_control_set_request
                0x100061a4       0x1c CMakeFiles/rtctime_7seg.dir/D_/Downloads/pico-sdk/lib/tinyusb/src/device/usbd_control.c.obj
                0x100061a4                usbd_control_set_request
 .text.usbd_control_xfer_cb
                0x100061c0       0xe8 CMakeFiles/rtctime_7seg.dir/D_/Downloads/pico-sdk/lib/tinyusb/src/device/usbd_control.c.obj
                0x100061c0                usbd_control_xfer_cb
 .text._prep_out_transaction
                0x100062a8       0x46 CMakeFiles/rtctime_7seg.dir/D_/Downloads/pico-sdk/lib/tinyusb/src/class/cdc/cdc_device.c.obj
 *fill*         0x100062ee        0x2 
 .text.tud_cdc_n_connected
                0x100062f0       0x48 CMakeFiles/rtctime_7seg.dir/D_/Downloads/pico-sdk/lib/tinyusb/src/class/cdc/cdc_device.c.obj
                0x100062f0                tud_cdc_n_connected
 .text.tud_cdc_n_available
                0x10006338       0x20 CMakeFiles/rtctime_7seg.dir/D_/Downloads/pico-sdk/lib/tinyusb/src/class/cdc/cdc_device.c.obj
                0x10006338                tud_cdc_n_available
 .text.tud_cdc_n_read
                0x10006358       0x30 CMakeFiles/rtctime_7seg.dir/D_/Downloads/pico-sdk/lib/tinyusb/src/class/cdc/cdc_device.c.obj
                0x10006358                tud_cdc_n_read
 .text.tud_cdc_n_write_flush
                0x10006388       0xc4 CMakeFiles/rtctime_7seg.dir/D_/Downloads/pico-sdk/lib/tinyusb/src/class/cdc/cdc_device.c.obj
                0x10006388                tud_cdc_n_write_flush
 .text.tud_cdc_n_write
                0x1000644c       0x38 CMakeFiles/rtctime_7seg.dir/D_/Downloads/pico-sdk/lib/tinyusb/src/class/cdc/cdc_device.c.obj
                0x1000644c                tud_cdc_n_write
 .text.tud_cdc_n_write_available
                0x10006484       0x20 CMakeFiles/rtctime_7seg.dir/D_/Downloads/pico-sdk/lib/tinyusb/src/class/cdc/cdc_device.c.obj
                0x10006484                tud_cdc_n_write_available
 .text.cdcd_init
                0x100064a4       0xdc CMakeFiles/rtctime_7seg.dir/D_/Downloads/pico-sdk/lib/tinyusb/src/class/cdc/cdc_device.c.obj
                0x100064a4                cdcd_init
 .text.cdcd_reset
                0x10006580       0x44 CMakeFiles/rtctime_7seg.dir/D_/Downloads/pico-sdk/lib/tinyusb/src/class/cdc/cdc_device.c.obj
                0x10006580                cdcd_reset
 .text.cdcd_open
                0x100065c4      0x118 CMakeFiles/rtctime_7seg.dir/D_/Downloads/pico-sdk/lib/tinyusb/src/class/cdc/cdc_device.c.obj
                0x100065c4                cdcd_open
 .text.cdcd_control_complete
                0x100066dc       0x60 CMakeFiles/rtctime_7seg.dir/D_/Downloads/pico-sdk/lib/tinyusb/src/class/cdc/cdc_device.c.obj
                0x100066dc                cdcd_control_complete
 .text.cdcd_control_request
                0x1000673c       0x9c CMakeFiles/rtctime_7seg.dir/D_/Downloads/pico-sdk/lib/tinyusb/src/class/cdc/cdc_device.c.obj
                0x1000673c                cdcd_control_request
 .text.cdcd_xfer_cb
                0x100067d8      0x130 CMakeFiles/rtctime_7seg.dir/D_/Downloads/pico-sdk/lib/tinyusb/src/class/cdc/cdc_device.c.obj
                0x100067d8                cdcd_xfer_cb
 .text.tusb_init
                0x10006908       0x38 CMakeFiles/rtctime_7seg.dir/D_/Downloads/pico-sdk/lib/tinyusb/src/tusb.c.obj
                0x10006908                tusb_init
 .text.tusb_inited
                0x10006940        0xc CMakeFiles/rtctime_7seg.dir/D_/Downloads/pico-sdk/lib/tinyusb/src/tusb.c.obj
                0x10006940                tusb_inited
 .text.advance_pointer
                0x1000694c       0x1e CMakeFiles/rtctime_7seg.dir/D_/Downloads/pico-sdk/lib/tinyusb/src/common/tusb_fifo.c.obj
 .text.backward_pointer
                0x1000696a       0x1a CMakeFiles/rtctime_7seg.dir/D_/Downloads/pico-sdk/lib/tinyusb/src/common/tusb_fifo.c.obj
 .text.get_relative_pointer
                0x10006984       0x16 CMakeFiles/rtctime_7seg.dir/D_/Downloads/pico-sdk/lib/tinyusb/src/common/tusb_fifo.c.obj
 .text.tu_fifo_lock
                0x1000699a       0x12 CMakeFiles/rtctime_7seg.dir/D_/Downloads/pico-sdk/lib/tinyusb/src/common/tusb_fifo.c.obj
 .text.tu_fifo_unlock
                0x100069ac        0xe CMakeFiles/rtctime_7seg.dir/D_/Downloads/pico-sdk/lib/tinyusb/src/common/tusb_fifo.c.obj
 .text._tu_fifo_peek_at
                0x100069ba       0x66 CMakeFiles/rtctime_7seg.dir/D_/Downloads/pico-sdk/lib/tinyusb/src/common/tusb_fifo.c.obj
 .text._ff_pull_n
                0x10006a20       0x4a CMakeFiles/rtctime_7seg.dir/D_/Downloads/pico-sdk/lib/tinyusb/src/common/tusb_fifo.c.obj
 .text._tu_fifo_peek_at_n
                0x10006a6a       0x72 CMakeFiles/rtctime_7seg.dir/D_/Downloads/pico-sdk/lib/tinyusb/src/common/tusb_fifo.c.obj
 .text._ff_push_n
                0x10006adc       0x4a CMakeFiles/rtctime_7seg.dir/D_/Downloads/pico-sdk/lib/tinyusb/src/common/tusb_fifo.c.obj
 .text.tu_fifo_config
                0x10006b26       0x48 CMakeFiles/rtctime_7seg.dir/D_/Downloads/pico-sdk/lib/tinyusb/src/common/tusb_fifo.c.obj
                0x10006b26                tu_fifo_config
 .text.tu_fifo_count
                0x10006b6e       0x1c CMakeFiles/rtctime_7seg.dir/D_/Downloads/pico-sdk/lib/tinyusb/src/common/tusb_fifo.c.obj
                0x10006b6e                tu_fifo_count
 .text.tu_fifo_remaining
                0x10006b8a       0x20 CMakeFiles/rtctime_7seg.dir/D_/Downloads/pico-sdk/lib/tinyusb/src/common/tusb_fifo.c.obj
                0x10006b8a                tu_fifo_remaining
 .text.tu_fifo_read
                0x10006baa       0x3a CMakeFiles/rtctime_7seg.dir/D_/Downloads/pico-sdk/lib/tinyusb/src/common/tusb_fifo.c.obj
                0x10006baa                tu_fifo_read
 .text.tu_fifo_read_n
                0x10006be4       0x3e CMakeFiles/rtctime_7seg.dir/D_/Downloads/pico-sdk/lib/tinyusb/src/common/tusb_fifo.c.obj
                0x10006be4                tu_fifo_read_n
 .text.tu_fifo_write
                0x10006c22       0x5c CMakeFiles/rtctime_7seg.dir/D_/Downloads/pico-sdk/lib/tinyusb/src/common/tusb_fifo.c.obj
                0x10006c22                tu_fifo_write
 .text.tu_fifo_write_n
                0x10006c7e       0x7c CMakeFiles/rtctime_7seg.dir/D_/Downloads/pico-sdk/lib/tinyusb/src/common/tusb_fifo.c.obj
                0x10006c7e                tu_fifo_write_n
 .text.tu_fifo_clear
                0x10006cfa       0x18 CMakeFiles/rtctime_7seg.dir/D_/Downloads/pico-sdk/lib/tinyusb/src/common/tusb_fifo.c.obj
                0x10006cfa                tu_fifo_clear
 .text.core1_trampoline
                0x10006d12        0x2 CMakeFiles/rtctime_7seg.dir/D_/Downloads/pico-sdk/src/rp2_common/pico_multicore/multicore.c.obj
 .text.core1_wrapper
                0x10006d14        0xc CMakeFiles/rtctime_7seg.dir/D_/Downloads/pico-sdk/src/rp2_common/pico_multicore/multicore.c.obj
                0x10006d14                core1_wrapper
 .text.multicore_fifo_push_blocking
                0x10006d20       0x14 CMakeFiles/rtctime_7seg.dir/D_/Downloads/pico-sdk/src/rp2_common/pico_multicore/multicore.c.obj
                0x10006d20                multicore_fifo_push_blocking
 .text.multicore_fifo_pop_blocking
                0x10006d34       0x16 CMakeFiles/rtctime_7seg.dir/D_/Downloads/pico-sdk/src/rp2_common/pico_multicore/multicore.c.obj
                0x10006d34                multicore_fifo_pop_blocking
 .text.multicore_launch_core1_raw
                0x10006d4a       0x50 CMakeFiles/rtctime_7seg.dir/D_/Downloads/pico-sdk/src/rp2_common/pico_multicore/multicore.c.obj
                0x10006d4a                multicore_launch_core1_raw
 *fill*         0x10006d9a        0x2 
 .text.multicore_launch_core1_with_stack
                0x10006d9c       0x50 CMakeFiles/rtctime_7seg.dir/D_/Downloads/pico-sdk/src/rp2_common/pico_multicore/multicore.c.obj
                0x10006d9c                multicore_launch_core1_with_stack
 .text.multicore_launch_core1
                0x10006dec       0x24 CMakeFiles/rtctime_7seg.dir/D_/Downloads/pico-sdk/src/rp2_common/pico_multicore/multicore.c.obj
                0x10006dec                multicore_launch_core1
 .text.valid_datetime
                0x10006e10       0x5a CMakeFiles/rtctime_7seg.dir/D_/Downloads/pico-sdk/src/rp2_common/hardware_rtc/rtc.c.obj
 *fill*         0x10006e6a        0x2 
 .text.rtc_running
                0x10006e6c       0x10 CMakeFiles/rtctime_7seg.dir/D_/Downloads/pico-sdk/src/rp2_common/hardware_rtc/rtc.c.obj
                0x10006e6c                rtc_running
 .text.rtc_init
                0x10006e7c       0x6c CMakeFiles/rtctime_7seg.dir/D_/Downloads/pico-sdk/src/rp2_common/hardware_rtc/rtc.c.obj
                0x10006e7c                rtc_init
 .text.rtc_set_datetime
                0x10006ee8       0x68 CMakeFiles/rtctime_7seg.dir/D_/Downloads/pico-sdk/src/rp2_common/hardware_rtc/rtc.c.obj
                0x10006ee8                rtc_set_datetime
 .text.rtc_get_datetime
                0x10006f50       0x54 CMakeFiles/rtctime_7seg.dir/D_/Downloads/pico-sdk/src/rp2_common/hardware_rtc/rtc.c.obj
                0x10006f50                rtc_get_datetime
 .text.calloc   0x10006fa4       0x18 c:/progra~2/gnuarm~1/102020~1/bin/../lib/gcc/arm-none-eabi/10.2.1/../../../../arm-none-eabi/lib/thumb/v6-m/nofp\libg.a(lib_a-calloc.o)
                0x10006fa4                calloc
 .text._calloc_r
                0x10006fbc       0x5c c:/progra~2/gnuarm~1/102020~1/bin/../lib/gcc/arm-none-eabi/10.2.1/../../../../arm-none-eabi/lib/thumb/v6-m/nofp\libg.a(lib_a-callocr.o)
                0x10006fbc                _calloc_r
 .text.malloc   0x10007018       0x14 c:/progra~2/gnuarm~1/102020~1/bin/../lib/gcc/arm-none-eabi/10.2.1/../../../../arm-none-eabi/lib/thumb/v6-m/nofp\libg.a(lib_a-malloc.o)
                0x10007018                malloc
 .text._malloc_r
                0x1000702c      0x580 c:/progra~2/gnuarm~1/102020~1/bin/../lib/gcc/arm-none-eabi/10.2.1/../../../../arm-none-eabi/lib/thumb/v6-m/nofp\libg.a(lib_a-mallocr.o)
                0x1000702c                _malloc_r
 .text.__malloc_lock
                0x100075ac       0x10 c:/progra~2/gnuarm~1/102020~1/bin/../lib/gcc/arm-none-eabi/10.2.1/../../../../arm-none-eabi/lib/thumb/v6-m/nofp\libg.a(lib_a-mlock.o)
                0x100075ac                __malloc_lock
 .text.__malloc_unlock
                0x100075bc       0x10 c:/progra~2/gnuarm~1/102020~1/bin/../lib/gcc/arm-none-eabi/10.2.1/../../../../arm-none-eabi/lib/thumb/v6-m/nofp\libg.a(lib_a-mlock.o)
                0x100075bc                __malloc_unlock
 .text._sbrk_r  0x100075cc       0x24 c:/progra~2/gnuarm~1/102020~1/bin/../lib/gcc/arm-none-eabi/10.2.1/../../../../arm-none-eabi/lib/thumb/v6-m/nofp\libg.a(lib_a-sbrkr.o)
                0x100075cc                _sbrk_r
 .text.strlen   0x100075f0       0x5c c:/progra~2/gnuarm~1/102020~1/bin/../lib/gcc/arm-none-eabi/10.2.1/../../../../arm-none-eabi/lib/thumb/v6-m/nofp\libg.a(lib_a-strlen-stub.o)
                0x100075f0                strlen
 .text.strncpy  0x1000764c       0x6c c:/progra~2/gnuarm~1/102020~1/bin/../lib/gcc/arm-none-eabi/10.2.1/../../../../arm-none-eabi/lib/thumb/v6-m/nofp\libg.a(lib_a-strncpy.o)
                0x1000764c                strncpy
 .text.strtok   0x100076b8       0x14 c:/progra~2/gnuarm~1/102020~1/bin/../lib/gcc/arm-none-eabi/10.2.1/../../../../arm-none-eabi/lib/thumb/v6-m/nofp\libg.a(lib_a-strtok.o)
                0x100076b8                strtok
 .text.__strtok_r
                0x100076cc       0x6c c:/progra~2/gnuarm~1/102020~1/bin/../lib/gcc/arm-none-eabi/10.2.1/../../../../arm-none-eabi/lib/thumb/v6-m/nofp\libg.a(lib_a-strtok_r.o)
                0x100076cc                __strtok_r
 .text._malloc_trim_r
                0x10007738       0x9c c:/progra~2/gnuarm~1/102020~1/bin/../lib/gcc/arm-none-eabi/10.2.1/../../../../arm-none-eabi/lib/thumb/v6-m/nofp\libg.a(lib_a-freer.o)
                0x10007738                _malloc_trim_r
 .text._free_r  0x100077d4      0x1c4 c:/progra~2/gnuarm~1/102020~1/bin/../lib/gcc/arm-none-eabi/10.2.1/../../../../arm-none-eabi/lib/thumb/v6-m/nofp\libg.a(lib_a-freer.o)
                0x100077d4                _free_r
 .text.__retarget_lock_acquire_recursive
                0x10007998        0x4 c:/progra~2/gnuarm~1/102020~1/bin/../lib/gcc/arm-none-eabi/10.2.1/../../../../arm-none-eabi/lib/thumb/v6-m/nofp\libg.a(lib_a-lock.o)
                0x10007998                __retarget_lock_acquire_recursive
 .text.__retarget_lock_release_recursive
                0x1000799c        0x4 c:/progra~2/gnuarm~1/102020~1/bin/../lib/gcc/arm-none-eabi/10.2.1/../../../../arm-none-eabi/lib/thumb/v6-m/nofp\libg.a(lib_a-lock.o)
                0x1000799c                __retarget_lock_release_recursive
 *(.fini)
 .fini          0x100079a0        0x4 c:/progra~2/gnuarm~1/102020~1/bin/../lib/gcc/arm-none-eabi/10.2.1/thumb/v6-m/nofp/crti.o
                0x100079a0                _fini
 *fill*         0x100079a4        0x4 
 .fini.__stub   0x100079a8       0x60 linker stubs
 *crtbegin.o(.ctors)
 *crtbegin?.o(.ctors)
 *(EXCLUDE_FILE(*crtend.o *crtend?.o) .ctors)
 *(SORT_BY_NAME(.ctors.*))
 *(.ctors)
 *crtbegin.o(.dtors)
 *crtbegin?.o(.dtors)
 *(EXCLUDE_FILE(*crtend.o *crtend?.o) .dtors)
 *(SORT_BY_NAME(.dtors.*))
 *(.dtors)
 *(.eh_frame*)
 .eh_frame      0x10007a08        0x0 c:/progra~2/gnuarm~1/102020~1/bin/../lib/gcc/arm-none-eabi/10.2.1/thumb/v6-m/nofp/crtbegin.o
                0x10007a08                . = ALIGN (0x4)

.glue_7         0x10007a08        0x0
 .glue_7        0x10007a08        0x0 linker stubs

.glue_7t        0x10007a08        0x0
 .glue_7t       0x10007a08        0x0 linker stubs

.vfp11_veneer   0x10007a08        0x0
 .vfp11_veneer  0x10007a08        0x0 linker stubs

.v4_bx          0x10007a08        0x0
 .v4_bx         0x10007a08        0x0 linker stubs

.iplt           0x10007a08        0x0
 .iplt          0x10007a08        0x0 c:/progra~2/gnuarm~1/102020~1/bin/../lib/gcc/arm-none-eabi/10.2.1/thumb/v6-m/nofp/crtbegin.o

.rodata         0x10007a08     0x1574
 *(EXCLUDE_FILE(*libm.a: *libc.a:*lib_a-mem*.o *libgcc.a:) .rodata*)
 .rodata.core1_code.str1.4
                0x10007a08        0x9 CMakeFiles/rtctime_7seg.dir/main.c.obj
 *fill*         0x10007a11        0x3 
 .rodata.main   0x10007a14       0x28 CMakeFiles/rtctime_7seg.dir/main.c.obj
 .rodata        0x10007a3c        0x8 CMakeFiles/rtctime_7seg.dir/main.c.obj
 .rodata.spin_lock_claim_unused.str1.4
                0x10007a44       0x1b CMakeFiles/rtctime_7seg.dir/D_/Downloads/pico-sdk/src/rp2_common/hardware_sync/sync.c.obj
 *fill*         0x10007a5f        0x1 
 .rodata.alarm_pool_dump_key.str1.4
                0x10007a60       0x67 CMakeFiles/rtctime_7seg.dir/D_/Downloads/pico-sdk/src/common/pico_time/time.c.obj
 *fill*         0x10007ac7        0x1 
 .rodata.ph_add_child_node.str1.4
                0x10007ac8       0x92 CMakeFiles/rtctime_7seg.dir/D_/Downloads/pico-sdk/src/common/pico_time/time.c.obj
 *fill*         0x10007b5a        0x2 
 .rodata.add_alarm_under_lock.str1.4
                0x10007b5c       0x27 CMakeFiles/rtctime_7seg.dir/D_/Downloads/pico-sdk/src/common/pico_time/time.c.obj
 *fill*         0x10007b83        0x1 
 .rodata.alarm_pool_alarm_callback.str1.4
                0x10007b84       0x7d CMakeFiles/rtctime_7seg.dir/D_/Downloads/pico-sdk/src/common/pico_time/time.c.obj
 *fill*         0x10007c01        0x3 
 .rodata.alarm_pool_get_default.str1.4
                0x10007c04       0x13 CMakeFiles/rtctime_7seg.dir/D_/Downloads/pico-sdk/src/common/pico_time/time.c.obj
 *fill*         0x10007c17        0x1 
 .rodata.alarm_pool_cancel_alarm.str1.4
                0x10007c18       0x27 CMakeFiles/rtctime_7seg.dir/D_/Downloads/pico-sdk/src/common/pico_time/time.c.obj
 *fill*         0x10007c3f        0x1 
 .rodata.__func__.0
                0x10007c40       0x18 CMakeFiles/rtctime_7seg.dir/D_/Downloads/pico-sdk/src/common/pico_time/time.c.obj
 .rodata.__func__.10
                0x10007c58       0x17 CMakeFiles/rtctime_7seg.dir/D_/Downloads/pico-sdk/src/common/pico_time/time.c.obj
 *fill*         0x10007c6f        0x1 
 .rodata.__func__.2
                0x10007c70       0x12 CMakeFiles/rtctime_7seg.dir/D_/Downloads/pico-sdk/src/common/pico_time/time.c.obj
 *fill*         0x10007c82        0x2 
 .rodata.__func__.3
                0x10007c84       0x14 CMakeFiles/rtctime_7seg.dir/D_/Downloads/pico-sdk/src/common/pico_time/time.c.obj
 .rodata.__func__.4
                0x10007c98       0x12 CMakeFiles/rtctime_7seg.dir/D_/Downloads/pico-sdk/src/common/pico_time/time.c.obj
 *fill*         0x10007caa        0x2 
 .rodata.__func__.5
                0x10007cac        0xa CMakeFiles/rtctime_7seg.dir/D_/Downloads/pico-sdk/src/common/pico_time/time.c.obj
 *fill*         0x10007cb6        0x2 
 .rodata.__func__.6
                0x10007cb8        0xc CMakeFiles/rtctime_7seg.dir/D_/Downloads/pico-sdk/src/common/pico_time/time.c.obj
 .rodata.__func__.7
                0x10007cc4       0x15 CMakeFiles/rtctime_7seg.dir/D_/Downloads/pico-sdk/src/common/pico_time/time.c.obj
 *fill*         0x10007cd9        0x3 
 .rodata.__func__.8
                0x10007cdc       0x1a CMakeFiles/rtctime_7seg.dir/D_/Downloads/pico-sdk/src/common/pico_time/time.c.obj
 *fill*         0x10007cf6        0x2 
 .rodata.__func__.9
                0x10007cf8        0xa CMakeFiles/rtctime_7seg.dir/D_/Downloads/pico-sdk/src/common/pico_time/time.c.obj
 *fill*         0x10007d02        0x2 
 .rodata.hardware_alarm_claim.str1.4
                0x10007d04       0x22 CMakeFiles/rtctime_7seg.dir/D_/Downloads/pico-sdk/src/rp2_common/hardware_timer/timer.c.obj
 *fill*         0x10007d26        0x2 
 .rodata.hardware_alarm_set_target.str1.4
                0x10007d28       0x60 CMakeFiles/rtctime_7seg.dir/D_/Downloads/pico-sdk/src/rp2_common/hardware_timer/timer.c.obj
 .rodata.__func__.0
                0x10007d88       0x1a CMakeFiles/rtctime_7seg.dir/D_/Downloads/pico-sdk/src/rp2_common/hardware_timer/timer.c.obj
 *fill*         0x10007da2        0x2 
 .rodata.lock_init.str1.4
                0x10007da4       0x63 CMakeFiles/rtctime_7seg.dir/D_/Downloads/pico-sdk/src/common/pico_sync/lock_core.c.obj
 *fill*         0x10007e07        0x1 
 .rodata.__func__.0
                0x10007e08        0xa CMakeFiles/rtctime_7seg.dir/D_/Downloads/pico-sdk/src/common/pico_sync/lock_core.c.obj
 *fill*         0x10007e12        0x2 
 .rodata.str1.4
                0x10007e14       0x58 CMakeFiles/rtctime_7seg.dir/D_/Downloads/pico-sdk/src/common/pico_sync/mutex.c.obj
 .rodata.__func__.0
                0x10007e6c        0xb CMakeFiles/rtctime_7seg.dir/D_/Downloads/pico-sdk/src/common/pico_sync/mutex.c.obj
 *fill*         0x10007e77        0x1 
 .rodata.__func__.1
                0x10007e78       0x18 CMakeFiles/rtctime_7seg.dir/D_/Downloads/pico-sdk/src/common/pico_sync/mutex.c.obj
 .rodata.__func__.2
                0x10007e90       0x15 CMakeFiles/rtctime_7seg.dir/D_/Downloads/pico-sdk/src/common/pico_sync/mutex.c.obj
 *fill*         0x10007ea5        0x3 
 .rodata.datetime_to_str.str1.4
                0x10007ea8       0x19 CMakeFiles/rtctime_7seg.dir/D_/Downloads/pico-sdk/src/common/pico_util/datetime.c.obj
 *fill*         0x10007ec1        0x3 
 .rodata.str1.4
                0x10007ec4       0xad CMakeFiles/rtctime_7seg.dir/D_/Downloads/pico-sdk/src/common/pico_util/datetime.c.obj
 *fill*         0x10007f71        0x3 
 .rodata.DATETIME_DOWS
                0x10007f74       0x1c CMakeFiles/rtctime_7seg.dir/D_/Downloads/pico-sdk/src/common/pico_util/datetime.c.obj
 .rodata.DATETIME_MONTHS
                0x10007f90       0x30 CMakeFiles/rtctime_7seg.dir/D_/Downloads/pico-sdk/src/common/pico_util/datetime.c.obj
 .rodata.ph_add_child_node.str1.4
                0x10007fc0       0x92 CMakeFiles/rtctime_7seg.dir/D_/Downloads/pico-sdk/src/common/pico_util/pheap.c.obj
 .rodata.ph_remove_any_head.str1.4
                0x10007fc0       0x88 CMakeFiles/rtctime_7seg.dir/D_/Downloads/pico-sdk/src/common/pico_util/pheap.c.obj
 .rodata.ph_delete.str1.4
                0x10008048       0x26 CMakeFiles/rtctime_7seg.dir/D_/Downloads/pico-sdk/src/common/pico_util/pheap.c.obj
 *fill*         0x1000806e        0x2 
 .rodata.__func__.0
                0x10008070        0xa CMakeFiles/rtctime_7seg.dir/D_/Downloads/pico-sdk/src/common/pico_util/pheap.c.obj
 *fill*         0x1000807a        0x2 
 .rodata.__func__.1
                0x1000807c       0x13 CMakeFiles/rtctime_7seg.dir/D_/Downloads/pico-sdk/src/common/pico_util/pheap.c.obj
 *fill*         0x1000808f        0x1 
 .rodata.__func__.2
                0x10008090       0x12 CMakeFiles/rtctime_7seg.dir/D_/Downloads/pico-sdk/src/common/pico_util/pheap.c.obj
 *fill*         0x100080a2        0x2 
 .rodata.__func__.3
                0x100080a4        0xc CMakeFiles/rtctime_7seg.dir/D_/Downloads/pico-sdk/src/common/pico_util/pheap.c.obj
 .rodata.__assert_func.str1.4
                0x100080b0       0x3f CMakeFiles/rtctime_7seg.dir/D_/Downloads/pico-sdk/src/rp2_common/pico_runtime/runtime.c.obj
                                 0x43 (size before relaxing)
 *fill*         0x100080ef        0x1 
 .rodata.panic.str1.4
                0x100080f0       0x12 CMakeFiles/rtctime_7seg.dir/D_/Downloads/pico-sdk/src/rp2_common/pico_runtime/runtime.c.obj
 *fill*         0x10008102        0x2 
 .rodata.clock_configure.str1.4
                0x10008104       0x52 CMakeFiles/rtctime_7seg.dir/D_/Downloads/pico-sdk/src/rp2_common/hardware_clocks/clocks.c.obj
 *fill*         0x10008156        0x2 
 .rodata.__func__.1
                0x10008158       0x10 CMakeFiles/rtctime_7seg.dir/D_/Downloads/pico-sdk/src/rp2_common/hardware_clocks/clocks.c.obj
 .rodata.pll_init.str1.4
                0x10008168       0xd3 CMakeFiles/rtctime_7seg.dir/D_/Downloads/pico-sdk/src/rp2_common/hardware_pll/pll.c.obj
 *fill*         0x1000823b        0x1 
 .rodata.__func__.0
                0x1000823c        0x9 CMakeFiles/rtctime_7seg.dir/D_/Downloads/pico-sdk/src/rp2_common/hardware_pll/pll.c.obj
 *fill*         0x10008245        0x3 
 .rodata.make_branch.str1.4
                0x10008248       0x48 CMakeFiles/rtctime_7seg.dir/D_/Downloads/pico-sdk/src/rp2_common/hardware_irq/irq.c.obj
 .rodata.irq_set_exclusive_handler.str1.4
                0x10008290       0x36 CMakeFiles/rtctime_7seg.dir/D_/Downloads/pico-sdk/src/rp2_common/hardware_irq/irq.c.obj
 *fill*         0x100082c6        0x2 
 .rodata.irq_add_shared_handler.str1.4
                0x100082c8       0xd9 CMakeFiles/rtctime_7seg.dir/D_/Downloads/pico-sdk/src/rp2_common/hardware_irq/irq.c.obj
 *fill*         0x100083a1        0x3 
 .rodata.irq_remove_handler.str1.4
                0x100083a4       0x2a CMakeFiles/rtctime_7seg.dir/D_/Downloads/pico-sdk/src/rp2_common/hardware_irq/irq.c.obj
 *fill*         0x100083ce        0x2 
 .rodata.irq_add_tail_to_free_list.str1.4
                0x100083d0       0x32 CMakeFiles/rtctime_7seg.dir/D_/Downloads/pico-sdk/src/rp2_common/hardware_irq/irq.c.obj
                                 0x3a (size before relaxing)
 *fill*         0x10008402        0x2 
 .rodata.__func__.0
                0x10008404       0x1a CMakeFiles/rtctime_7seg.dir/D_/Downloads/pico-sdk/src/rp2_common/hardware_irq/irq.c.obj
 *fill*         0x1000841e        0x2 
 .rodata.__func__.1
                0x10008420       0x17 CMakeFiles/rtctime_7seg.dir/D_/Downloads/pico-sdk/src/rp2_common/hardware_irq/irq.c.obj
 *fill*         0x10008437        0x1 
 .rodata.__func__.2
                0x10008438       0x13 CMakeFiles/rtctime_7seg.dir/D_/Downloads/pico-sdk/src/rp2_common/hardware_irq/irq.c.obj
 *fill*         0x1000844b        0x1 
 .rodata.__func__.3
                0x1000844c        0xc CMakeFiles/rtctime_7seg.dir/D_/Downloads/pico-sdk/src/rp2_common/hardware_irq/irq.c.obj
 .rodata.__func__.4
                0x10008458        0xf CMakeFiles/rtctime_7seg.dir/D_/Downloads/pico-sdk/src/rp2_common/hardware_irq/irq.c.obj
 *fill*         0x10008467        0x1 
 .rodata.__func__.6
                0x10008468       0x1a CMakeFiles/rtctime_7seg.dir/D_/Downloads/pico-sdk/src/rp2_common/hardware_irq/irq.c.obj
 *fill*         0x10008482        0x2 
 .rodata._ftoa.str1.4
                0x10008484       0x15 CMakeFiles/rtctime_7seg.dir/D_/Downloads/pico-sdk/src/rp2_common/pico_printf/printf.c.obj
 *fill*         0x10008499        0x3 
 .rodata._vsnprintf
                0x1000849c      0x1e0 CMakeFiles/rtctime_7seg.dir/D_/Downloads/pico-sdk/src/rp2_common/pico_printf/printf.c.obj
 *fill*         0x1000867c        0x4 
 .rodata.pow10.0
                0x10008680       0x50 CMakeFiles/rtctime_7seg.dir/D_/Downloads/pico-sdk/src/rp2_common/pico_printf/printf.c.obj
 .rodata.__aeabi_double_init.str1.4
                0x100086d0       0xa3 CMakeFiles/rtctime_7seg.dir/D_/Downloads/pico-sdk/src/rp2_common/pico_double/double_init_rom.c.obj
 *fill*         0x10008773        0x1 
 .rodata.__func__.0
                0x10008774       0x14 CMakeFiles/rtctime_7seg.dir/D_/Downloads/pico-sdk/src/rp2_common/pico_double/double_init_rom.c.obj
 .rodata.__aeabi_float_init.str1.4
                0x10008788       0x75 CMakeFiles/rtctime_7seg.dir/D_/Downloads/pico-sdk/src/rp2_common/pico_float/float_init_rom.c.obj
                                 0x79 (size before relaxing)
 *fill*         0x100087fd        0x3 
 .rodata.__func__.0
                0x10008800       0x13 CMakeFiles/rtctime_7seg.dir/D_/Downloads/pico-sdk/src/rp2_common/pico_float/float_init_rom.c.obj
 *fill*         0x10008813        0x1 
 .rodata.str1.4
                0x10008814       0x34 CMakeFiles/rtctime_7seg.dir/D_/Downloads/pico-sdk/src/rp2_common/pico_standard_link/binary_info.c.obj
 .rodata.__bi_40
                0x10008848        0xc CMakeFiles/rtctime_7seg.dir/D_/Downloads/pico-sdk/src/rp2_common/pico_standard_link/binary_info.c.obj
 .rodata.__bi_71
                0x10008854        0xc CMakeFiles/rtctime_7seg.dir/D_/Downloads/pico-sdk/src/rp2_common/pico_standard_link/binary_info.c.obj
 .rodata.crlf_str.1
                0x10008860        0x2 CMakeFiles/rtctime_7seg.dir/D_/Downloads/pico-sdk/src/rp2_common/pico_stdio/stdio.c.obj
 *fill*         0x10008862        0x2 
 .rodata.str1.4
                0x10008864       0x13 CMakeFiles/rtctime_7seg.dir/D_/Downloads/pico-sdk/src/rp2_common/pico_stdio_usb/stdio_usb.c.obj
 *fill*         0x10008877        0x1 
 .rodata.__bi_93.0
                0x10008878        0xc CMakeFiles/rtctime_7seg.dir/D_/Downloads/pico-sdk/src/rp2_common/pico_stdio_usb/stdio_usb.c.obj
 .rodata.str1.4
                0x10008884       0x32 CMakeFiles/rtctime_7seg.dir/D_/Downloads/pico-sdk/src/rp2_common/pico_stdio_usb/stdio_usb_descriptors.c.obj
 *fill*         0x100088b6        0x2 
 .rodata.usbd_desc_cfg
                0x100088b8       0x4b CMakeFiles/rtctime_7seg.dir/D_/Downloads/pico-sdk/src/rp2_common/pico_stdio_usb/stdio_usb_descriptors.c.obj
 *fill*         0x10008903        0x1 
 .rodata.usbd_desc_device
                0x10008904       0x12 CMakeFiles/rtctime_7seg.dir/D_/Downloads/pico-sdk/src/rp2_common/pico_stdio_usb/stdio_usb_descriptors.c.obj
 *fill*         0x10008916        0x2 
 .rodata.usbd_desc_str
                0x10008918       0x14 CMakeFiles/rtctime_7seg.dir/D_/Downloads/pico-sdk/src/rp2_common/pico_stdio_usb/stdio_usb_descriptors.c.obj
 .rodata._hw_endpoint_alloc.str1.4
                0x1000892c       0xb1 CMakeFiles/rtctime_7seg.dir/D_/Downloads/pico-sdk/lib/tinyusb/src/portable/raspberrypi/rp2040/dcd_rp2040.c.obj
 *fill*         0x100089dd        0x3 
 .rodata._hw_endpoint_init.str1.4
                0x100089e0       0x28 CMakeFiles/rtctime_7seg.dir/D_/Downloads/pico-sdk/lib/tinyusb/src/portable/raspberrypi/rp2040/dcd_rp2040.c.obj
 .rodata.hw_handle_buff_status.str1.4
                0x10008a08        0xb CMakeFiles/rtctime_7seg.dir/D_/Downloads/pico-sdk/lib/tinyusb/src/portable/raspberrypi/rp2040/dcd_rp2040.c.obj
 *fill*         0x10008a13        0x1 
 .rodata.dcd_rp2040_irq.str1.4
                0x10008a14       0x14 CMakeFiles/rtctime_7seg.dir/D_/Downloads/pico-sdk/lib/tinyusb/src/portable/raspberrypi/rp2040/dcd_rp2040.c.obj
 .rodata._hw_endpoint_stall.str1.4
                0x10008a28        0xd CMakeFiles/rtctime_7seg.dir/D_/Downloads/pico-sdk/lib/tinyusb/src/portable/raspberrypi/rp2040/dcd_rp2040.c.obj
 *fill*         0x10008a35        0x3 
 .rodata.dcd_int_enable.str1.4
                0x10008a38        0xc CMakeFiles/rtctime_7seg.dir/D_/Downloads/pico-sdk/lib/tinyusb/src/portable/raspberrypi/rp2040/dcd_rp2040.c.obj
 .rodata.__func__.0
                0x10008a44       0x15 CMakeFiles/rtctime_7seg.dir/D_/Downloads/pico-sdk/lib/tinyusb/src/portable/raspberrypi/rp2040/dcd_rp2040.c.obj
 *fill*         0x10008a59        0x3 
 .rodata.__func__.1
                0x10008a5c       0x13 CMakeFiles/rtctime_7seg.dir/D_/Downloads/pico-sdk/lib/tinyusb/src/portable/raspberrypi/rp2040/dcd_rp2040.c.obj
 *fill*         0x10008a6f        0x1 
 .rodata.__func__.10
                0x10008a70        0xf CMakeFiles/rtctime_7seg.dir/D_/Downloads/pico-sdk/lib/tinyusb/src/portable/raspberrypi/rp2040/dcd_rp2040.c.obj
 *fill*         0x10008a7f        0x1 
 .rodata.__func__.11
                0x10008a80       0x13 CMakeFiles/rtctime_7seg.dir/D_/Downloads/pico-sdk/lib/tinyusb/src/portable/raspberrypi/rp2040/dcd_rp2040.c.obj
 *fill*         0x10008a93        0x1 
 .rodata.__func__.12
                0x10008a94       0x16 CMakeFiles/rtctime_7seg.dir/D_/Downloads/pico-sdk/lib/tinyusb/src/portable/raspberrypi/rp2040/dcd_rp2040.c.obj
 *fill*         0x10008aaa        0x2 
 .rodata.__func__.13
                0x10008aac        0x9 CMakeFiles/rtctime_7seg.dir/D_/Downloads/pico-sdk/lib/tinyusb/src/portable/raspberrypi/rp2040/dcd_rp2040.c.obj
 *fill*         0x10008ab5        0x3 
 .rodata.__func__.2
                0x10008ab8        0xf CMakeFiles/rtctime_7seg.dir/D_/Downloads/pico-sdk/lib/tinyusb/src/portable/raspberrypi/rp2040/dcd_rp2040.c.obj
 *fill*         0x10008ac7        0x1 
 .rodata.__func__.3
                0x10008ac8        0xe CMakeFiles/rtctime_7seg.dir/D_/Downloads/pico-sdk/lib/tinyusb/src/portable/raspberrypi/rp2040/dcd_rp2040.c.obj
 *fill*         0x10008ad6        0x2 
 .rodata.__func__.4
                0x10008ad8        0xe CMakeFiles/rtctime_7seg.dir/D_/Downloads/pico-sdk/lib/tinyusb/src/portable/raspberrypi/rp2040/dcd_rp2040.c.obj
 *fill*         0x10008ae6        0x2 
 .rodata.__func__.5
                0x10008ae8       0x1a CMakeFiles/rtctime_7seg.dir/D_/Downloads/pico-sdk/lib/tinyusb/src/portable/raspberrypi/rp2040/dcd_rp2040.c.obj
 *fill*         0x10008b02        0x2 
 .rodata.__func__.6
                0x10008b04        0xc CMakeFiles/rtctime_7seg.dir/D_/Downloads/pico-sdk/lib/tinyusb/src/portable/raspberrypi/rp2040/dcd_rp2040.c.obj
 .rodata.__func__.8
                0x10008b10       0x10 CMakeFiles/rtctime_7seg.dir/D_/Downloads/pico-sdk/lib/tinyusb/src/portable/raspberrypi/rp2040/dcd_rp2040.c.obj
 .rodata._hw_endpoint_buffer_control_update32.str1.4
                0x10008b20       0x1f CMakeFiles/rtctime_7seg.dir/D_/Downloads/pico-sdk/lib/tinyusb/src/portable/raspberrypi/rp2040/rp2040_usb.c.obj
 *fill*         0x10008b3f        0x1 
 .rodata._hw_endpoint_xfer_sync.str1.4
                0x10008b40       0x8d CMakeFiles/rtctime_7seg.dir/D_/Downloads/pico-sdk/lib/tinyusb/src/portable/raspberrypi/rp2040/rp2040_usb.c.obj
 *fill*         0x10008bcd        0x3 
 .rodata._hw_endpoint_xfer_continue.str1.4
                0x10008bd0       0x50 CMakeFiles/rtctime_7seg.dir/D_/Downloads/pico-sdk/lib/tinyusb/src/portable/raspberrypi/rp2040/rp2040_usb.c.obj
 .rodata._hw_endpoint_xfer.str1.4
                0x10008c20        0xf CMakeFiles/rtctime_7seg.dir/D_/Downloads/pico-sdk/lib/tinyusb/src/portable/raspberrypi/rp2040/rp2040_usb.c.obj
 *fill*         0x10008c2f        0x1 
 .rodata.str1.4
                0x10008c30        0x7 CMakeFiles/rtctime_7seg.dir/D_/Downloads/pico-sdk/lib/tinyusb/src/portable/raspberrypi/rp2040/rp2040_usb.c.obj
 *fill*         0x10008c37        0x1 
 .rodata.__func__.0
                0x10008c38       0x12 CMakeFiles/rtctime_7seg.dir/D_/Downloads/pico-sdk/lib/tinyusb/src/portable/raspberrypi/rp2040/rp2040_usb.c.obj
 *fill*         0x10008c4a        0x2 
 .rodata.__func__.1
                0x10008c4c       0x17 CMakeFiles/rtctime_7seg.dir/D_/Downloads/pico-sdk/lib/tinyusb/src/portable/raspberrypi/rp2040/rp2040_usb.c.obj
 *fill*         0x10008c63        0x1 
 .rodata.process_set_config.str1.4
                0x10008c64       0x17 CMakeFiles/rtctime_7seg.dir/D_/Downloads/pico-sdk/lib/tinyusb/src/device/usbd.c.obj
 *fill*         0x10008c7b        0x1 
 .rodata.process_get_descriptor
                0x10008c7c       0x40 CMakeFiles/rtctime_7seg.dir/D_/Downloads/pico-sdk/lib/tinyusb/src/device/usbd.c.obj
 .rodata.dcd_event_handler.str1.4
                0x10008cbc       0x47 CMakeFiles/rtctime_7seg.dir/D_/Downloads/pico-sdk/lib/tinyusb/src/device/usbd.c.obj
 *fill*         0x10008d03        0x1 
 .rodata.process_control_request
                0x10008d04       0x28 CMakeFiles/rtctime_7seg.dir/D_/Downloads/pico-sdk/lib/tinyusb/src/device/usbd.c.obj
 .rodata.tud_task
                0x10008d2c       0x24 CMakeFiles/rtctime_7seg.dir/D_/Downloads/pico-sdk/lib/tinyusb/src/device/usbd.c.obj
 .rodata.__func__.1
                0x10008d50        0xf CMakeFiles/rtctime_7seg.dir/D_/Downloads/pico-sdk/lib/tinyusb/src/device/usbd.c.obj
 *fill*         0x10008d5f        0x1 
 .rodata.__func__.2
                0x10008d60       0x14 CMakeFiles/rtctime_7seg.dir/D_/Downloads/pico-sdk/lib/tinyusb/src/device/usbd.c.obj
 .rodata.__func__.3
                0x10008d74       0x10 CMakeFiles/rtctime_7seg.dir/D_/Downloads/pico-sdk/lib/tinyusb/src/device/usbd.c.obj
 .rodata.__func__.4
                0x10008d84       0x17 CMakeFiles/rtctime_7seg.dir/D_/Downloads/pico-sdk/lib/tinyusb/src/device/usbd.c.obj
 *fill*         0x10008d9b        0x1 
 .rodata.__func__.5
                0x10008d9c       0x13 CMakeFiles/rtctime_7seg.dir/D_/Downloads/pico-sdk/lib/tinyusb/src/device/usbd.c.obj
 *fill*         0x10008daf        0x1 
 .rodata.__func__.6
                0x10008db0       0x18 CMakeFiles/rtctime_7seg.dir/D_/Downloads/pico-sdk/lib/tinyusb/src/device/usbd.c.obj
 .rodata.__func__.7
                0x10008dc8       0x13 CMakeFiles/rtctime_7seg.dir/D_/Downloads/pico-sdk/lib/tinyusb/src/device/usbd.c.obj
 *fill*         0x10008ddb        0x1 
 .rodata.__func__.8
                0x10008ddc        0x9 CMakeFiles/rtctime_7seg.dir/D_/Downloads/pico-sdk/lib/tinyusb/src/device/usbd.c.obj
 *fill*         0x10008de5        0x3 
 .rodata._usbd_driver
                0x10008de8       0x1c CMakeFiles/rtctime_7seg.dir/D_/Downloads/pico-sdk/lib/tinyusb/src/device/usbd.c.obj
 .rodata.tud_control_xfer.str1.4
                0x10008e04       0x17 CMakeFiles/rtctime_7seg.dir/D_/Downloads/pico-sdk/lib/tinyusb/src/device/usbd_control.c.obj
 .rodata.__func__.0
                0x10008e04       0x15 CMakeFiles/rtctime_7seg.dir/D_/Downloads/pico-sdk/lib/tinyusb/src/device/usbd_control.c.obj
 *fill*         0x10008e19        0x3 
 .rodata.__func__.1
                0x10008e1c       0x11 CMakeFiles/rtctime_7seg.dir/D_/Downloads/pico-sdk/lib/tinyusb/src/device/usbd_control.c.obj
 .rodata.tud_cdc_n_write_flush.str1.4
                0x10008e2d       0x17 CMakeFiles/rtctime_7seg.dir/D_/Downloads/pico-sdk/lib/tinyusb/src/class/cdc/cdc_device.c.obj
 *fill*         0x10008e2d        0x3 
 .rodata.__func__.0
                0x10008e30        0xd CMakeFiles/rtctime_7seg.dir/D_/Downloads/pico-sdk/lib/tinyusb/src/class/cdc/cdc_device.c.obj
 *fill*         0x10008e3d        0x3 
 .rodata.__func__.1
                0x10008e40        0xa CMakeFiles/rtctime_7seg.dir/D_/Downloads/pico-sdk/lib/tinyusb/src/class/cdc/cdc_device.c.obj
 *fill*         0x10008e4a        0x2 
 .rodata.__func__.2
                0x10008e4c       0x16 CMakeFiles/rtctime_7seg.dir/D_/Downloads/pico-sdk/lib/tinyusb/src/class/cdc/cdc_device.c.obj
 .rodata.tusb_init.str1.4
                0x10008e62       0x17 CMakeFiles/rtctime_7seg.dir/D_/Downloads/pico-sdk/lib/tinyusb/src/tusb.c.obj
 *fill*         0x10008e62        0x2 
 .rodata.__func__.0
                0x10008e64        0xa CMakeFiles/rtctime_7seg.dir/D_/Downloads/pico-sdk/lib/tinyusb/src/tusb.c.obj
 *fill*         0x10008e6e        0x2 
 .rodata.multicore_lockout_start_block_until.str1.4
                0x10008e70       0x58 CMakeFiles/rtctime_7seg.dir/D_/Downloads/pico-sdk/src/rp2_common/pico_multicore/multicore.c.obj
 .rodata.multicore_launch_core1_with_stack.str1.4
                0x10008ec8       0x19 CMakeFiles/rtctime_7seg.dir/D_/Downloads/pico-sdk/src/rp2_common/pico_multicore/multicore.c.obj
 *fill*         0x10008ee1        0x3 
 .rodata.__func__.2
                0x10008ee4       0x22 CMakeFiles/rtctime_7seg.dir/D_/Downloads/pico-sdk/src/rp2_common/pico_multicore/multicore.c.obj
 *fill*         0x10008f06        0x2 
 .rodata.rtc_init.str1.4
                0x10008f08       0x67 CMakeFiles/rtctime_7seg.dir/D_/Downloads/pico-sdk/src/rp2_common/hardware_rtc/rtc.c.obj
 *fill*         0x10008f6f        0x1 
 .rodata.__func__.0
                0x10008f70        0x9 CMakeFiles/rtctime_7seg.dir/D_/Downloads/pico-sdk/src/rp2_common/hardware_rtc/rtc.c.obj
                0x10008f7c                . = ALIGN (0x4)
 *fill*         0x10008f79        0x3 
 *(SORT_BY_ALIGNMENT(SORT_BY_NAME(.flashdata*)))
                0x10008f7c                . = ALIGN (0x4)

.rel.dyn        0x10008f7c        0x0
 .rel.iplt      0x10008f7c        0x0 c:/progra~2/gnuarm~1/102020~1/bin/../lib/gcc/arm-none-eabi/10.2.1/thumb/v6-m/nofp/crtbegin.o

.ARM.extab
 *(.ARM.extab* .gnu.linkonce.armextab.*)
                0x10008f7c                __exidx_start = .

.ARM.exidx
 *(.ARM.exidx* .gnu.linkonce.armexidx.*)
                0x10008f7c                __exidx_end = .
                0x10008f7c                . = ALIGN (0x4)
                0x10008f7c                __binary_info_start = .

.binary_info    0x10008f7c       0x1c
 *(.binary_info.keep.*)
 .binary_info.keep.__bi_ptr18
                0x10008f7c        0x4 CMakeFiles/rtctime_7seg.dir/D_/Downloads/pico-sdk/src/rp2_common/pico_standard_link/binary_info.c.obj
 .binary_info.keep.__bi_ptr26
                0x10008f80        0x4 CMakeFiles/rtctime_7seg.dir/D_/Downloads/pico-sdk/src/rp2_common/pico_standard_link/binary_info.c.obj
 .binary_info.keep.__bi_ptr34
                0x10008f84        0x4 CMakeFiles/rtctime_7seg.dir/D_/Downloads/pico-sdk/src/rp2_common/pico_standard_link/binary_info.c.obj
 .binary_info.keep.__bi_ptr40
                0x10008f88        0x4 CMakeFiles/rtctime_7seg.dir/D_/Downloads/pico-sdk/src/rp2_common/pico_standard_link/binary_info.c.obj
 .binary_info.keep.__bi_ptr46
                0x10008f8c        0x4 CMakeFiles/rtctime_7seg.dir/D_/Downloads/pico-sdk/src/rp2_common/pico_standard_link/binary_info.c.obj
 .binary_info.keep.__bi_ptr71
                0x10008f90        0x4 CMakeFiles/rtctime_7seg.dir/D_/Downloads/pico-sdk/src/rp2_common/pico_standard_link/binary_info.c.obj
 *(.binary_info.*)
 .binary_info.__bi_ptr93
                0x10008f94        0x4 CMakeFiles/rtctime_7seg.dir/D_/Downloads/pico-sdk/src/rp2_common/pico_stdio_usb/stdio_usb.c.obj
                0x10008f98                __binary_info_end = .
                0x10008f98                . = ALIGN (0x4)
                0x10008f98                __etext = .

.ram_vector_table
                0x20000000       0xc0
 *(.ram_vector_table)
 .ram_vector_table
                0x20000000       0xc0 CMakeFiles/rtctime_7seg.dir/D_/Downloads/pico-sdk/src/rp2_common/pico_runtime/runtime.c.obj
                0x20000000                ram_vector_table

.data           0x200000c0      0xb14 load address 0x10008f98
                0x200000c0                __data_start__ = .
 *(vtable)
 *(.time_critical*)
 .time_critical.mutex_enter_blocking
                0x200000c0       0x64 CMakeFiles/rtctime_7seg.dir/D_/Downloads/pico-sdk/src/common/pico_sync/mutex.c.obj
                0x200000c0                mutex_enter_blocking
 .time_critical.mutex_try_enter
                0x20000124       0x44 CMakeFiles/rtctime_7seg.dir/D_/Downloads/pico-sdk/src/common/pico_sync/mutex.c.obj
                0x20000124                mutex_try_enter
 .time_critical.mutex_enter_block_until
                0x20000168       0x78 CMakeFiles/rtctime_7seg.dir/D_/Downloads/pico-sdk/src/common/pico_sync/mutex.c.obj
                0x20000168                mutex_enter_block_until
 .time_critical.mutex_enter_timeout_ms
                0x200001e0       0x4a CMakeFiles/rtctime_7seg.dir/D_/Downloads/pico-sdk/src/common/pico_sync/mutex.c.obj
                0x200001e0                mutex_enter_timeout_ms
 *fill*         0x2000022a        0x2 
 .time_critical.mutex_exit
                0x2000022c       0x4c CMakeFiles/rtctime_7seg.dir/D_/Downloads/pico-sdk/src/common/pico_sync/mutex.c.obj
                0x2000022c                mutex_exit
 *(.text*)
 .text          0x20000278        0x4 c:/progra~2/gnuarm~1/102020~1/bin/../lib/gcc/arm-none-eabi/10.2.1/thumb/v6-m/nofp\libgcc.a(_dvmd_tls.o)
                0x20000278                __aeabi_idiv0
                0x20000278                __aeabi_ldiv0
 *fill*         0x2000027c        0x4 
 .text.__stub   0x20000280       0x40 linker stubs
                0x200002c0                . = ALIGN (0x4)
 *(.rodata*)
                0x200002c0                . = ALIGN (0x4)
 *(.data*)
 .data.displays
                0x200002c0       0x10 CMakeFiles/rtctime_7seg.dir/main.c.obj
                0x200002c0                displays
 .data.striped_spin_lock_num
                0x200002d0        0x1 CMakeFiles/rtctime_7seg.dir/D_/Downloads/pico-sdk/src/rp2_common/hardware_sync/sync.c.obj
 *fill*         0x200002d1        0x3 
 .data          0x200002d4       0x48 CMakeFiles/rtctime_7seg.dir/D_/Downloads/pico-sdk/src/rp2_common/hardware_irq/irq_handler_chain.S.obj
                0x200002d4                irq_handler_chain_slots
                0x20000304                irq_handler_chain_first_slot
                0x2000030e                irq_handler_chain_remove_tail
 *fill*         0x2000031c        0x4 
 .data.aeabi_bits_funcs
                0x20000320       0x10 CMakeFiles/rtctime_7seg.dir/D_/Downloads/pico-sdk/src/rp2_common/pico_bit_ops/bit_ops_aeabi.S.obj
                0x20000320                aeabi_bits_funcs
                0x20000330                aeabi_bits_funcs_end
 .data.aeabi_mem_funcs
                0x20000330       0x10 CMakeFiles/rtctime_7seg.dir/D_/Downloads/pico-sdk/src/rp2_common/pico_mem_ops/mem_ops_aeabi.S.obj
                0x20000330                aeabi_mem_funcs
                0x20000340                aeabi_mem_funcs_end
 .data.stdio_usb
                0x20000340       0x14 CMakeFiles/rtctime_7seg.dir/D_/Downloads/pico-sdk/src/rp2_common/pico_stdio_usb/stdio_usb.c.obj
                0x20000340                stdio_usb
 .data.ep_dir_string
                0x20000354        0x8 CMakeFiles/rtctime_7seg.dir/D_/Downloads/pico-sdk/lib/tinyusb/src/portable/raspberrypi/rp2040/rp2040_usb.c.obj
                0x20000354                ep_dir_string
 .data._usbd_qdef
                0x2000035c       0x20 CMakeFiles/rtctime_7seg.dir/D_/Downloads/pico-sdk/lib/tinyusb/src/device/usbd.c.obj
                0x2000035c                _usbd_qdef
 .data._impure_ptr
                0x2000037c        0x4 c:/progra~2/gnuarm~1/102020~1/bin/../lib/gcc/arm-none-eabi/10.2.1/../../../../arm-none-eabi/lib/thumb/v6-m/nofp\libg.a(lib_a-impure.o)
                0x2000037c                _impure_ptr
 .data.impure_data
                0x20000380      0x428 c:/progra~2/gnuarm~1/102020~1/bin/../lib/gcc/arm-none-eabi/10.2.1/../../../../arm-none-eabi/lib/thumb/v6-m/nofp\libg.a(lib_a-impure.o)
 .data.__malloc_av_
                0x200007a8      0x408 c:/progra~2/gnuarm~1/102020~1/bin/../lib/gcc/arm-none-eabi/10.2.1/../../../../arm-none-eabi/lib/thumb/v6-m/nofp\libg.a(lib_a-mallocr.o)
                0x200007a8                __malloc_av_
 .data.__malloc_sbrk_base
                0x20000bb0        0x4 c:/progra~2/gnuarm~1/102020~1/bin/../lib/gcc/arm-none-eabi/10.2.1/../../../../arm-none-eabi/lib/thumb/v6-m/nofp\libg.a(lib_a-mallocr.o)
                0x20000bb0                __malloc_sbrk_base
 .data.__malloc_trim_threshold
                0x20000bb4        0x4 c:/progra~2/gnuarm~1/102020~1/bin/../lib/gcc/arm-none-eabi/10.2.1/../../../../arm-none-eabi/lib/thumb/v6-m/nofp\libg.a(lib_a-mallocr.o)
                0x20000bb4                __malloc_trim_threshold
                0x20000bb8                . = ALIGN (0x4)
 *(.after_data.*)
                0x20000bb8                . = ALIGN (0x4)
                0x20000bb8                PROVIDE (__mutex_array_start = .)
 *(SORT_BY_NAME(.mutex_array.*))
 *(.mutex_array)
 .mutex_array   0x20000bb8        0x8 CMakeFiles/rtctime_7seg.dir/D_/Downloads/pico-sdk/src/rp2_common/pico_stdio/stdio.c.obj
                0x20000bc0                PROVIDE (__mutex_array_end = .)
                0x20000bc0                . = ALIGN (0x4)
                0x20000bc0                PROVIDE (__preinit_array_start = .)
 *(SORT_BY_NAME(.preinit_array.*))
 .preinit_array.00001
                0x20000bc0        0x4 CMakeFiles/rtctime_7seg.dir/D_/Downloads/pico-sdk/src/rp2_common/pico_mem_ops/mem_ops_aeabi.S.obj
 .preinit_array.00010
                0x20000bc4        0x4 CMakeFiles/rtctime_7seg.dir/D_/Downloads/pico-sdk/src/rp2_common/pico_bit_ops/bit_ops_aeabi.S.obj
 .preinit_array.00020
                0x20000bc8        0x4 CMakeFiles/rtctime_7seg.dir/D_/Downloads/pico-sdk/src/rp2_common/pico_double/double_aeabi.S.obj
 .preinit_array.00020
                0x20000bcc        0x4 CMakeFiles/rtctime_7seg.dir/D_/Downloads/pico-sdk/src/rp2_common/pico_float/float_aeabi.S.obj
 *(.preinit_array)
                0x20000bd0                PROVIDE (__preinit_array_end = .)
                0x20000bd0                . = ALIGN (0x4)
                0x20000bd0                PROVIDE (__init_array_start = .)
 *(SORT_BY_NAME(.init_array.*))
 *(.init_array)
 .init_array    0x20000bd0        0x4 c:/progra~2/gnuarm~1/102020~1/bin/../lib/gcc/arm-none-eabi/10.2.1/thumb/v6-m/nofp/crtbegin.o
                0x20000bd4                PROVIDE (__init_array_end = .)
                0x20000bd4                . = ALIGN (0x4)
                [!provide]                PROVIDE (__fini_array_start = .)
 *(SORT_BY_NAME(.fini_array.*))
 *(.fini_array)
                [!provide]                PROVIDE (__fini_array_end = .)
 *(.jcr)
                0x20000bd4                . = ALIGN (0x4)
                0x20000bd4                __data_end__ = .

.igot.plt       0x20000bd4        0x0 load address 0x10009aac
 .igot.plt      0x20000bd4        0x0 c:/progra~2/gnuarm~1/102020~1/bin/../lib/gcc/arm-none-eabi/10.2.1/thumb/v6-m/nofp/crtbegin.o

.uninitialized_data
                0x20000bd4        0x0 load address 0x10009aac