Archive member included to satisfy reference by file (symbol)

c:/progra~2/gnuarm~1/102020~1/bin/../lib/gcc/arm-none-eabi/10.2.1/thumb/v6-m/nofp\libgcc.a(_dvmd_tls.o)
                              CMakeFiles/dht.dir/D_/Downloads/pico-sdk/src/rp2_common/pico_divider/divider.S.obj (__aeabi_idiv0)
c:/progra~2/gnuarm~1/102020~1/bin/../lib/gcc/arm-none-eabi/10.2.1/../../../../arm-none-eabi/lib/thumb/v6-m/nofp\libg.a(lib_a-calloc.o)
                              CMakeFiles/dht.dir/D_/Downloads/pico-sdk/src/rp2_common/pico_malloc/pico_malloc.c.obj (calloc)
c:/progra~2/gnuarm~1/102020~1/bin/../lib/gcc/arm-none-eabi/10.2.1/../../../../arm-none-eabi/lib/thumb/v6-m/nofp\libg.a(lib_a-callocr.o)
                              c:/progra~2/gnuarm~1/102020~1/bin/../lib/gcc/arm-none-eabi/10.2.1/../../../../arm-none-eabi/lib/thumb/v6-m/nofp\libg.a(lib_a-calloc.o) (_calloc_r)
c:/progra~2/gnuarm~1/102020~1/bin/../lib/gcc/arm-none-eabi/10.2.1/../../../../arm-none-eabi/lib/thumb/v6-m/nofp\libg.a(lib_a-ctype_.o)
                              CMakeFiles/dht.dir/D_/Downloads/pico-sdk/lib/tinyusb/src/tusb.c.obj (_ctype_)
c:/progra~2/gnuarm~1/102020~1/bin/../lib/gcc/arm-none-eabi/10.2.1/../../../../arm-none-eabi/lib/thumb/v6-m/nofp\libg.a(lib_a-impure.o)
                              c:/progra~2/gnuarm~1/102020~1/bin/../lib/gcc/arm-none-eabi/10.2.1/../../../../arm-none-eabi/lib/thumb/v6-m/nofp\libg.a(lib_a-calloc.o) (_impure_ptr)
c:/progra~2/gnuarm~1/102020~1/bin/../lib/gcc/arm-none-eabi/10.2.1/../../../../arm-none-eabi/lib/thumb/v6-m/nofp\libg.a(lib_a-init.o)
                              c:/progra~2/gnuarm~1/102020~1/bin/../lib/gcc/arm-none-eabi/10.2.1/../../../../arm-none-eabi/lib/thumb/v6-m/nofp/crt0.o (__libc_init_array)
c:/progra~2/gnuarm~1/102020~1/bin/../lib/gcc/arm-none-eabi/10.2.1/../../../../arm-none-eabi/lib/thumb/v6-m/nofp\libg.a(lib_a-malloc.o)
                              CMakeFiles/dht.dir/D_/Downloads/pico-sdk/src/rp2_common/pico_malloc/pico_malloc.c.obj (malloc)
c:/progra~2/gnuarm~1/102020~1/bin/../lib/gcc/arm-none-eabi/10.2.1/../../../../arm-none-eabi/lib/thumb/v6-m/nofp\libg.a(lib_a-mallocr.o)
                              c:/progra~2/gnuarm~1/102020~1/bin/../lib/gcc/arm-none-eabi/10.2.1/../../../../arm-none-eabi/lib/thumb/v6-m/nofp\libg.a(lib_a-callocr.o) (_malloc_r)
c:/progra~2/gnuarm~1/102020~1/bin/../lib/gcc/arm-none-eabi/10.2.1/../../../../arm-none-eabi/lib/thumb/v6-m/nofp\libg.a(lib_a-mlock.o)
                              c:/progra~2/gnuarm~1/102020~1/bin/../lib/gcc/arm-none-eabi/10.2.1/../../../../arm-none-eabi/lib/thumb/v6-m/nofp\libg.a(lib_a-mallocr.o) (__malloc_lock)
c:/progra~2/gnuarm~1/102020~1/bin/../lib/gcc/arm-none-eabi/10.2.1/../../../../arm-none-eabi/lib/thumb/v6-m/nofp\libg.a(lib_a-sbrkr.o)
                              c:/progra~2/gnuarm~1/102020~1/bin/../lib/gcc/arm-none-eabi/10.2.1/../../../../arm-none-eabi/lib/thumb/v6-m/nofp\libg.a(lib_a-mallocr.o) (_sbrk_r)
c:/progra~2/gnuarm~1/102020~1/bin/../lib/gcc/arm-none-eabi/10.2.1/../../../../arm-none-eabi/lib/thumb/v6-m/nofp\libg.a(lib_a-strlen-stub.o)
                              CMakeFiles/dht.dir/D_/Downloads/pico-sdk/src/rp2_common/pico_stdio/stdio.c.obj (strlen)
c:/progra~2/gnuarm~1/102020~1/bin/../lib/gcc/arm-none-eabi/10.2.1/../../../../arm-none-eabi/lib/thumb/v6-m/nofp\libg.a(lib_a-freer.o)
                              c:/progra~2/gnuarm~1/102020~1/bin/../lib/gcc/arm-none-eabi/10.2.1/../../../../arm-none-eabi/lib/thumb/v6-m/nofp\libg.a(lib_a-malloc.o) (_free_r)
c:/progra~2/gnuarm~1/102020~1/bin/../lib/gcc/arm-none-eabi/10.2.1/../../../../arm-none-eabi/lib/thumb/v6-m/nofp\libg.a(lib_a-lock.o)
                              c:/progra~2/gnuarm~1/102020~1/bin/../lib/gcc/arm-none-eabi/10.2.1/../../../../arm-none-eabi/lib/thumb/v6-m/nofp\libg.a(lib_a-mlock.o) (__retarget_lock_acquire_recursive)
c:/progra~2/gnuarm~1/102020~1/bin/../lib/gcc/arm-none-eabi/10.2.1/../../../../arm-none-eabi/lib/thumb/v6-m/nofp\libg.a(lib_a-reent.o)
                              c:/progra~2/gnuarm~1/102020~1/bin/../lib/gcc/arm-none-eabi/10.2.1/../../../../arm-none-eabi/lib/thumb/v6-m/nofp\libg.a(lib_a-sbrkr.o) (errno)

Discarded input sections

 .text          0x00000000        0x0 c:/progra~2/gnuarm~1/102020~1/bin/../lib/gcc/arm-none-eabi/10.2.1/thumb/v6-m/nofp/crti.o
 .data          0x00000000        0x0 c:/progra~2/gnuarm~1/102020~1/bin/../lib/gcc/arm-none-eabi/10.2.1/thumb/v6-m/nofp/crti.o
 .bss           0x00000000        0x0 c:/progra~2/gnuarm~1/102020~1/bin/../lib/gcc/arm-none-eabi/10.2.1/thumb/v6-m/nofp/crti.o
 .data          0x00000000        0x4 c:/progra~2/gnuarm~1/102020~1/bin/../lib/gcc/arm-none-eabi/10.2.1/thumb/v6-m/nofp/crtbegin.o
 .rodata        0x00000000       0x24 c:/progra~2/gnuarm~1/102020~1/bin/../lib/gcc/arm-none-eabi/10.2.1/thumb/v6-m/nofp/crtbegin.o
 .fini_array    0x00000000        0x4 c:/progra~2/gnuarm~1/102020~1/bin/../lib/gcc/arm-none-eabi/10.2.1/thumb/v6-m/nofp/crtbegin.o
[...]
Memory Configuration

Name             Origin             Length             Attributes
FLASH            0x10000000         0x00200000         xr
RAM              0x20000000         0x00040000         xrw
SCRATCH_X        0x20040000         0x00001000         xrw
SCRATCH_Y        0x20041000         0x00001000         xrw
*default*        0x00000000         0xffffffff

Linker script and memory map

LOAD c:/progra~2/gnuarm~1/102020~1/bin/../lib/gcc/arm-none-eabi/10.2.1/thumb/v6-m/nofp/crti.o
LOAD c:/progra~2/gnuarm~1/102020~1/bin/../lib/gcc/arm-none-eabi/10.2.1/thumb/v6-m/nofp/crtbegin.o
LOAD c:/progra~2/gnuarm~1/102020~1/bin/../lib/gcc/arm-none-eabi/10.2.1/../../../../arm-none-eabi/lib/thumb/v6-m/nofp/crt0.o

.flash_begin    0x10000000        0x0
                0x10000000                __flash_binary_start = .

.boot2          0x10000000      0x100
                0x10000000                __boot2_start__ = .
 *(.boot2)
 .boot2         0x10000000      0x100 C:\Users\ANDREC~1\AppData\Local\Temp\ccyOk1Gk.o
                0x10000100                __boot2_end__ = .
                0x00000001                ASSERT (((__boot2_end__ - __boot2_start__) == 0x100), ERROR: Pico second stage bootloader must be 256 bytes in size)

.text           0x10000100     0x6b38
                0x10000100                __logical_binary_start = .
 *(.vectors)
 .vectors       0x10000100       0xd4 CMakeFiles/dht.dir/D_/Downloads/pico-sdk/src/rp2_common/pico_standard_link/crt0.S.obj
                0x10000100                __vectors
                0x100001c0                isr_invalid
                0x100001c2                isr_nmi
                0x100001c4                isr_hardfault
                0x100001c6                isr_svcall
                0x100001c8                isr_pendsv
                0x100001ca                isr_systick
                0x100001cc                isr_irq11
                0x100001cc                isr_irq5
                0x100001cc                isr_irq23
                0x100001cc                isr_irq18
                0x100001cc                isr_irq31
                0x100001cc                isr_irq28
                0x100001cc                isr_irq19
                0x100001cc                isr_irq0
                0x100001cc                isr_irq6
                0x100001cc                isr_irq27
                0x100001cc                isr_irq12
                0x100001cc                isr_irq22
                0x100001cc                isr_irq13
                0x100001cc                isr_irq17
                0x100001cc                isr_irq14
                0x100001cc                isr_irq2
                0x100001cc                isr_irq10
                0x100001cc                isr_irq8
                0x100001cc                isr_irq24
                0x100001cc                isr_irq1
                0x100001cc                isr_irq7
                0x100001cc                isr_irq21
                0x100001cc                isr_irq20
                0x100001cc                isr_irq15
                0x100001cc                isr_irq25
                0x100001cc                __unhandled_user_irq
                0x100001cc                isr_irq4
                0x100001cc                isr_irq16
                0x100001cc                isr_irq29
                0x100001cc                isr_irq26
                0x100001cc                isr_irq3
                0x100001cc                isr_irq30
                0x100001cc                isr_irq9
                0x100001d2                unhandled_user_irq_num_in_r0
 *(.binary_info_header)
 .binary_info_header
                0x100001d4       0x14 CMakeFiles/dht.dir/D_/Downloads/pico-sdk/src/rp2_common/pico_standard_link/crt0.S.obj
                0x100001e8                __binary_info_header_end = .
 *(.reset)
 .reset         0x100001e8       0xa8 CMakeFiles/dht.dir/D_/Downloads/pico-sdk/src/rp2_common/pico_standard_link/crt0.S.obj
                0x100001e8                _entry_point
                0x10000266                __get_current_exception
 .reset         0x10000290       0x30 CMakeFiles/dht.dir/D_/Downloads/pico-sdk/src/rp2_common/pico_standard_link/binary_info.c.obj
 *(.init)
 .init          0x100002c0        0x4 c:/progra~2/gnuarm~1/102020~1/bin/../lib/gcc/arm-none-eabi/10.2.1/thumb/v6-m/nofp/crti.o
                0x100002c0                _init
 *(EXCLUDE_FILE(*libm.a: *libc.a:*lib_a-mem*.o *libgcc.a:) .text*)
 .text          0x100002c4       0x48 c:/progra~2/gnuarm~1/102020~1/bin/../lib/gcc/arm-none-eabi/10.2.1/thumb/v6-m/nofp/crtbegin.o
 .text.read_from_dht
                0x1000030c      0x144 CMakeFiles/dht.dir/dht.c.obj
                0x1000030c                read_from_dht
 .text.main     0x10000450       0x7c CMakeFiles/dht.dir/dht.c.obj
                0x10000450                main
 .text.gpio_set_function
                0x100004cc       0x30 CMakeFiles/dht.dir/D_/Downloads/pico-sdk/src/rp2_common/hardware_gpio/gpio.c.obj
                0x100004cc                gpio_set_function
 .text.gpio_init
                0x100004fc       0x16 CMakeFiles/dht.dir/D_/Downloads/pico-sdk/src/rp2_common/hardware_gpio/gpio.c.obj
                0x100004fc                gpio_init
 *fill*         0x10000512        0x2 
 .text.hw_claim_lock
                0x10000514       0x18 CMakeFiles/dht.dir/D_/Downloads/pico-sdk/src/rp2_common/hardware_claim/claim.c.obj
                0x10000514                hw_claim_lock
 .text.hw_claim_unlock
                0x1000052c       0x14 CMakeFiles/dht.dir/D_/Downloads/pico-sdk/src/rp2_common/hardware_claim/claim.c.obj
                0x1000052c                hw_claim_unlock
 .text.hw_claim_or_assert
                0x10000540       0x36 CMakeFiles/dht.dir/D_/Downloads/pico-sdk/src/rp2_common/hardware_claim/claim.c.obj
                0x10000540                hw_claim_or_assert
 .text.hw_claim_unused_from_range
                0x10000576       0x58 CMakeFiles/dht.dir/D_/Downloads/pico-sdk/src/rp2_common/hardware_claim/claim.c.obj
                0x10000576                hw_claim_unused_from_range
 *fill*         0x100005ce        0x2 
 .text.spin_locks_reset
                0x100005d0       0x20 CMakeFiles/dht.dir/D_/Downloads/pico-sdk/src/rp2_common/hardware_sync/sync.c.obj
                0x100005d0                spin_locks_reset
 .text.next_striped_spin_lock_num
                0x100005f0       0x1c CMakeFiles/dht.dir/D_/Downloads/pico-sdk/src/rp2_common/hardware_sync/sync.c.obj
                0x100005f0                next_striped_spin_lock_num
 .text.spin_lock_claim_unused
                0x1000060c       0x20 CMakeFiles/dht.dir/D_/Downloads/pico-sdk/src/rp2_common/hardware_sync/sync.c.obj
                0x1000060c                spin_lock_claim_unused
 .text.running_on_fpga
                0x1000062c       0x14 CMakeFiles/dht.dir/D_/Downloads/pico-sdk/src/rp2_common/pico_platform/platform.c.obj
                0x1000062c                running_on_fpga
 .text.sev_callback
                0x10000640        0x8 CMakeFiles/dht.dir/D_/Downloads/pico-sdk/src/common/pico_time/time.c.obj
 .text.alarm_pool_post_alloc_init
                0x10000648       0x40 CMakeFiles/dht.dir/D_/Downloads/pico-sdk/src/common/pico_time/time.c.obj
 .text.timer_pool_entry_comparator
                0x10000688       0x78 CMakeFiles/dht.dir/D_/Downloads/pico-sdk/src/common/pico_time/time.c.obj
                0x10000688                timer_pool_entry_comparator
 .text.ph_add_child_node
                0x10000700       0xa4 CMakeFiles/dht.dir/D_/Downloads/pico-sdk/src/common/pico_time/time.c.obj
 .text.ph_merge_nodes
                0x100007a4       0x3e CMakeFiles/dht.dir/D_/Downloads/pico-sdk/src/common/pico_time/time.c.obj
 *fill*         0x100007e2        0x2 
 .text.add_alarm_under_lock
                0x100007e4      0x174 CMakeFiles/dht.dir/D_/Downloads/pico-sdk/src/common/pico_time/time.c.obj
 .text.alarm_pool_alarm_callback
                0x10000958      0x308 CMakeFiles/dht.dir/D_/Downloads/pico-sdk/src/common/pico_time/time.c.obj
 .text.alarm_pool_init_default
                0x10000c60       0x2c CMakeFiles/dht.dir/D_/Downloads/pico-sdk/src/common/pico_time/time.c.obj
                0x10000c60                alarm_pool_init_default
 .text.alarm_pool_get_default
                0x10000c8c       0x2c CMakeFiles/dht.dir/D_/Downloads/pico-sdk/src/common/pico_time/time.c.obj
                0x10000c8c                alarm_pool_get_default
 .text.alarm_pool_add_alarm_at
                0x10000cb8      0x140 CMakeFiles/dht.dir/D_/Downloads/pico-sdk/src/common/pico_time/time.c.obj
                0x10000cb8                alarm_pool_add_alarm_at
 .text.alarm_pool_cancel_alarm
                0x10000df8       0xec CMakeFiles/dht.dir/D_/Downloads/pico-sdk/src/common/pico_time/time.c.obj
                0x10000df8                alarm_pool_cancel_alarm
 .text.sleep_until
                0x10000ee4       0xa0 CMakeFiles/dht.dir/D_/Downloads/pico-sdk/src/common/pico_time/time.c.obj
                0x10000ee4                sleep_until
 .text.sleep_us
                0x10000f84       0x2e CMakeFiles/dht.dir/D_/Downloads/pico-sdk/src/common/pico_time/time.c.obj
                0x10000f84                sleep_us
 .text.sleep_ms
                0x10000fb2       0x14 CMakeFiles/dht.dir/D_/Downloads/pico-sdk/src/common/pico_time/time.c.obj
                0x10000fb2                sleep_ms
 *fill*         0x10000fc6        0x2 
 .text.best_effort_wfe_or_timeout
                0x10000fc8       0x80 CMakeFiles/dht.dir/D_/Downloads/pico-sdk/src/common/pico_time/time.c.obj
                0x10000fc8                best_effort_wfe_or_timeout
 .text.hardware_alarm_irq_handler
                0x10001048       0x8c CMakeFiles/dht.dir/D_/Downloads/pico-sdk/src/rp2_common/hardware_timer/timer.c.obj
 .text.hardware_alarm_claim
                0x100010d4       0x18 CMakeFiles/dht.dir/D_/Downloads/pico-sdk/src/rp2_common/hardware_timer/timer.c.obj
                0x100010d4                hardware_alarm_claim
 .text.time_us_64
                0x100010ec       0x18 CMakeFiles/dht.dir/D_/Downloads/pico-sdk/src/rp2_common/hardware_timer/timer.c.obj
                0x100010ec                time_us_64
 .text.busy_wait_until
                0x10001104       0x28 CMakeFiles/dht.dir/D_/Downloads/pico-sdk/src/rp2_common/hardware_timer/timer.c.obj
                0x10001104                busy_wait_until
 .text.hardware_alarm_set_callback
                0x1000112c       0x90 CMakeFiles/dht.dir/D_/Downloads/pico-sdk/src/rp2_common/hardware_timer/timer.c.obj
                0x1000112c                hardware_alarm_set_callback
 .text.hardware_alarm_set_target
                0x100011bc       0xc8 CMakeFiles/dht.dir/D_/Downloads/pico-sdk/src/rp2_common/hardware_timer/timer.c.obj
                0x100011bc                hardware_alarm_set_target
 .text.hardware_alarm_cancel
                0x10001284       0x40 CMakeFiles/dht.dir/D_/Downloads/pico-sdk/src/rp2_common/hardware_timer/timer.c.obj
                0x10001284                hardware_alarm_cancel
 .text.lock_init
                0x100012c4       0x10 CMakeFiles/dht.dir/D_/Downloads/pico-sdk/src/common/pico_sync/lock_core.c.obj
                0x100012c4                lock_init
 .text.mutex_init
                0x100012d4       0x1a CMakeFiles/dht.dir/D_/Downloads/pico-sdk/src/common/pico_sync/mutex.c.obj
                0x100012d4                mutex_init
 .text.critical_section_init_with_lock_num
                0x100012ee        0xc CMakeFiles/dht.dir/D_/Downloads/pico-sdk/src/common/pico_sync/critical_section.c.obj
                0x100012ee                critical_section_init_with_lock_num
 .text.critical_section_init
                0x100012fa       0x14 CMakeFiles/dht.dir/D_/Downloads/pico-sdk/src/common/pico_sync/critical_section.c.obj
                0x100012fa                critical_section_init
 *fill*         0x1000130e        0x2 
 .text.ph_add_child_node
                0x10001310       0xa4 CMakeFiles/dht.dir/D_/Downloads/pico-sdk/src/common/pico_util/pheap.c.obj
 .text.ph_merge_nodes
                0x100013b4       0x3e CMakeFiles/dht.dir/D_/Downloads/pico-sdk/src/common/pico_util/pheap.c.obj
 *fill*         0x100013f2        0x2 
 .text.ph_clear
                0x100013f4       0x70 CMakeFiles/dht.dir/D_/Downloads/pico-sdk/src/common/pico_util/pheap.c.obj
                0x100013f4                ph_clear
 .text.ph_post_alloc_init
                0x10001464        0xe CMakeFiles/dht.dir/D_/Downloads/pico-sdk/src/common/pico_util/pheap.c.obj
                0x10001464                ph_post_alloc_init
 *fill*         0x10001472        0x2 
 .text.ph_merge_two_pass
                0x10001474       0xa8 CMakeFiles/dht.dir/D_/Downloads/pico-sdk/src/common/pico_util/pheap.c.obj
                0x10001474                ph_merge_two_pass
 .text.ph_remove_any_head
                0x1000151c      0x108 CMakeFiles/dht.dir/D_/Downloads/pico-sdk/src/common/pico_util/pheap.c.obj
 .text.ph_remove_head
                0x10001624       0x14 CMakeFiles/dht.dir/D_/Downloads/pico-sdk/src/common/pico_util/pheap.c.obj
                0x10001624                ph_remove_head
 .text.ph_remove_and_free_node
                0x10001638       0xf8 CMakeFiles/dht.dir/D_/Downloads/pico-sdk/src/common/pico_util/pheap.c.obj
                0x10001638                ph_remove_and_free_node
 .text.runtime_init
                0x10001730       0xcc CMakeFiles/dht.dir/D_/Downloads/pico-sdk/src/rp2_common/pico_runtime/runtime.c.obj
                0x10001730                runtime_init
 .text._exit    0x100017fc        0x4 CMakeFiles/dht.dir/D_/Downloads/pico-sdk/src/rp2_common/pico_runtime/runtime.c.obj
                0x100017fc                _exit
 .text.exit     0x10001800        0x6 CMakeFiles/dht.dir/D_/Downloads/pico-sdk/src/rp2_common/pico_runtime/runtime.c.obj
                0x10001800                exit
 *fill*         0x10001806        0x2 
 .text.__assert_func
                0x10001808       0x3c CMakeFiles/dht.dir/D_/Downloads/pico-sdk/src/rp2_common/pico_runtime/runtime.c.obj
                0x10001808                __assert_func
 .text.panic    0x10001844       0x30 CMakeFiles/dht.dir/D_/Downloads/pico-sdk/src/rp2_common/pico_runtime/runtime.c.obj
                0x10001844                panic
 .text.clock_configure
                0x10001874       0xe8 CMakeFiles/dht.dir/D_/Downloads/pico-sdk/src/rp2_common/hardware_clocks/clocks.c.obj
                0x10001874                clock_configure
 .text.clocks_init
                0x1000195c      0x124 CMakeFiles/dht.dir/D_/Downloads/pico-sdk/src/rp2_common/hardware_clocks/clocks.c.obj
                0x1000195c                clocks_init
 .text.watchdog_start_tick
                0x10001a80       0x10 CMakeFiles/dht.dir/D_/Downloads/pico-sdk/src/rp2_common/hardware_watchdog/watchdog.c.obj
                0x10001a80                watchdog_start_tick
 .text.watchdog_update
                0x10001a90       0x14 CMakeFiles/dht.dir/D_/Downloads/pico-sdk/src/rp2_common/hardware_watchdog/watchdog.c.obj
                0x10001a90                watchdog_update
 .text._watchdog_enable
                0x10001aa4       0x70 CMakeFiles/dht.dir/D_/Downloads/pico-sdk/src/rp2_common/hardware_watchdog/watchdog.c.obj
                0x10001aa4                _watchdog_enable
 .text.watchdog_reboot
                0x10001b14       0x48 CMakeFiles/dht.dir/D_/Downloads/pico-sdk/src/rp2_common/hardware_watchdog/watchdog.c.obj
                0x10001b14                watchdog_reboot
 .text.xosc_init
                0x10001b5c       0x28 CMakeFiles/dht.dir/D_/Downloads/pico-sdk/src/rp2_common/hardware_xosc/xosc.c.obj
                0x10001b5c                xosc_init
 .text.pll_init
                0x10001b84       0xd0 CMakeFiles/dht.dir/D_/Downloads/pico-sdk/src/rp2_common/hardware_pll/pll.c.obj
                0x10001b84                pll_init
 .text.set_raw_irq_handler_and_unlock
                0x10001c54       0x28 CMakeFiles/dht.dir/D_/Downloads/pico-sdk/src/rp2_common/hardware_irq/irq.c.obj
 .text.make_branch
                0x10001c7c       0x34 CMakeFiles/dht.dir/D_/Downloads/pico-sdk/src/rp2_common/hardware_irq/irq.c.obj
 .text.insert_branch_and_link
                0x10001cb0       0x40 CMakeFiles/dht.dir/D_/Downloads/pico-sdk/src/rp2_common/hardware_irq/irq.c.obj
 .text.irq_is_enabled
                0x10001cf0       0x18 CMakeFiles/dht.dir/D_/Downloads/pico-sdk/src/rp2_common/hardware_irq/irq.c.obj
                0x10001cf0                irq_is_enabled
 .text.irq_set_mask_enabled
                0x10001d08       0x20 CMakeFiles/dht.dir/D_/Downloads/pico-sdk/src/rp2_common/hardware_irq/irq.c.obj
                0x10001d08                irq_set_mask_enabled
 .text.irq_set_enabled
                0x10001d28        0xe CMakeFiles/dht.dir/D_/Downloads/pico-sdk/src/rp2_common/hardware_irq/irq.c.obj
                0x10001d28                irq_set_enabled
 *fill*         0x10001d36        0x2 
 .text.irq_set_pending
                0x10001d38       0x10 CMakeFiles/dht.dir/D_/Downloads/pico-sdk/src/rp2_common/hardware_irq/irq.c.obj
                0x10001d38                irq_set_pending
 .text.irq_get_vtable_handler
                0x10001d48       0x10 CMakeFiles/dht.dir/D_/Downloads/pico-sdk/src/rp2_common/hardware_irq/irq.c.obj
                0x10001d48                irq_get_vtable_handler
 .text.irq_set_exclusive_handler
                0x10001d58       0x54 CMakeFiles/dht.dir/D_/Downloads/pico-sdk/src/rp2_common/hardware_irq/irq.c.obj
                0x10001d58                irq_set_exclusive_handler
 .text.irq_remove_handler
                0x10001dac      0x1ac CMakeFiles/dht.dir/D_/Downloads/pico-sdk/src/rp2_common/hardware_irq/irq.c.obj
                0x10001dac                irq_remove_handler
 .text.irq_set_priority
                0x10001f58       0x28 CMakeFiles/dht.dir/D_/Downloads/pico-sdk/src/rp2_common/hardware_irq/irq.c.obj
                0x10001f58                irq_set_priority
 .text.irq_add_tail_to_free_list
                0x10001f80       0xf0 CMakeFiles/dht.dir/D_/Downloads/pico-sdk/src/rp2_common/hardware_irq/irq.c.obj
                0x10001f80                irq_add_tail_to_free_list
 .text.irq_init_priorities
                0x10002070       0x16 CMakeFiles/dht.dir/D_/Downloads/pico-sdk/src/rp2_common/hardware_irq/irq.c.obj
                0x10002070                irq_init_priorities
 .text._out_null
                0x10002086        0x2 CMakeFiles/dht.dir/D_/Downloads/pico-sdk/src/rp2_common/pico_printf/printf.c.obj
 .text._out_fct
                0x10002088        0xe CMakeFiles/dht.dir/D_/Downloads/pico-sdk/src/rp2_common/pico_printf/printf.c.obj
 .text._atoi    0x10002096       0x24 CMakeFiles/dht.dir/D_/Downloads/pico-sdk/src/rp2_common/pico_printf/printf.c.obj
 .text._out_rev
                0x100020ba       0xae CMakeFiles/dht.dir/D_/Downloads/pico-sdk/src/rp2_common/pico_printf/printf.c.obj
 .text._ntoa_format
                0x10002168      0x112 CMakeFiles/dht.dir/D_/Downloads/pico-sdk/src/rp2_common/pico_printf/printf.c.obj
 .text._ntoa_long
                0x1000227a       0xbc CMakeFiles/dht.dir/D_/Downloads/pico-sdk/src/rp2_common/pico_printf/printf.c.obj
 .text._ntoa_long_long
                0x10002336       0xe2 CMakeFiles/dht.dir/D_/Downloads/pico-sdk/src/rp2_common/pico_printf/printf.c.obj
 .text._etoa    0x10002418      0x414 CMakeFiles/dht.dir/D_/Downloads/pico-sdk/src/rp2_common/pico_printf/printf.c.obj
 .text._ftoa    0x1000282c      0x354 CMakeFiles/dht.dir/D_/Downloads/pico-sdk/src/rp2_common/pico_printf/printf.c.obj
 .text._vsnprintf
                0x10002b80      0x624 CMakeFiles/dht.dir/D_/Downloads/pico-sdk/src/rp2_common/pico_printf/printf.c.obj
 .text.vfctprintf
                0x100031a4       0x20 CMakeFiles/dht.dir/D_/Downloads/pico-sdk/src/rp2_common/pico_printf/printf.c.obj
                0x100031a4                vfctprintf
 .text          0x100031c4       0x10 CMakeFiles/dht.dir/D_/Downloads/pico-sdk/src/rp2_common/pico_bit_ops/bit_ops_aeabi.S.obj
 .text.rom_func_lookup
                0x100031d4       0x10 CMakeFiles/dht.dir/D_/Downloads/pico-sdk/src/rp2_common/pico_bootrom/bootrom.c.obj
                0x100031d4                rom_func_lookup
 .text.rom_data_lookup
                0x100031e4       0x10 CMakeFiles/dht.dir/D_/Downloads/pico-sdk/src/rp2_common/pico_bootrom/bootrom.c.obj
                0x100031e4                rom_data_lookup
 .text.rom_funcs_lookup
                0x100031f4       0x36 CMakeFiles/dht.dir/D_/Downloads/pico-sdk/src/rp2_common/pico_bootrom/bootrom.c.obj
                0x100031f4                rom_funcs_lookup
 *fill*         0x1000322a        0x2 
 .text.__wrap___aeabi_idiv
                0x1000322c       0x58 CMakeFiles/dht.dir/D_/Downloads/pico-sdk/src/rp2_common/pico_divider/divider.S.obj
                0x1000322c                __wrap___aeabi_idivmod
                0x1000322c                divmod_s32s32
                0x1000322c                div_s32s32
                0x1000322c                __wrap___aeabi_idiv
                0x10003234                divmod_s32s32_unsafe
                0x10003260                divmod_s32s32_savestate
 .text.__wrap___aeabi_uidiv
                0x10003284       0x54 CMakeFiles/dht.dir/D_/Downloads/pico-sdk/src/rp2_common/pico_divider/divider.S.obj
                0x10003284                __wrap___aeabi_uidiv
                0x10003284                __wrap___aeabi_uidivmod
                0x10003284                div_u32u32
                0x10003284                divmod_u32u32
                0x1000328c                divmod_u32u32_unsafe
                0x100032b4                divmod_u32u32_savestate
 .text.__wrap___aeabi_ldiv
                0x100032d8      0x430 CMakeFiles/dht.dir/D_/Downloads/pico-sdk/src/rp2_common/pico_divider/divider.S.obj
                0x100032d8                div_s64s64
                0x100032d8                divmod_s64s64
                0x100032d8                __wrap___aeabi_ldivmod
                0x10003310                divmod_u64u64
                0x10003310                div_u64u64
                0x10003310                __wrap___aeabi_uldivmod
                0x10003320                divmod_u64u64_savestate
                0x10003348                divmod_s64s64_unsafe
                0x100033d0                divmod_u64u64_unsafe
 .text.__wrap___aeabi_darithmetic
                0x10003708       0x54 CMakeFiles/dht.dir/D_/Downloads/pico-sdk/src/rp2_common/pico_double/double_aeabi.S.obj
                0x10003708                __wrap___aeabi_drsub
                0x1000370e                __wrap___aeabi_dsub
                0x10003720                __wrap___aeabi_dadd
                0x10003732                __wrap___aeabi_ddiv
                0x10003744                __wrap___aeabi_dmul
 .text.__wrap___aeabi_cdcmple
                0x1000375c       0x6c CMakeFiles/dht.dir/D_/Downloads/pico-sdk/src/rp2_common/pico_double/double_aeabi.S.obj
                0x1000375c                __wrap___aeabi_cdrcmple
                0x1000376c                __wrap___aeabi_cdcmpeq
                0x1000376c                __wrap___aeabi_cdcmple
 .text.__wrap___aeabi_dcmplt
                0x100037c8        0xc CMakeFiles/dht.dir/D_/Downloads/pico-sdk/src/rp2_common/pico_double/double_aeabi.S.obj
                0x100037c8                __wrap___aeabi_dcmplt
 .text.__wrap___aeabi_dcmple
                0x100037d4       0x10 CMakeFiles/dht.dir/D_/Downloads/pico-sdk/src/rp2_common/pico_double/double_aeabi.S.obj
                0x100037d4                __wrap___aeabi_dcmple
 .text.__wrap___aeabi_dcmpge
                0x100037e4       0x10 CMakeFiles/dht.dir/D_/Downloads/pico-sdk/src/rp2_common/pico_double/double_aeabi.S.obj
                0x100037e4                __wrap___aeabi_dcmpge
 .text.__wrap___aeabi_dcmpgt
                0x100037f4        0xa CMakeFiles/dht.dir/D_/Downloads/pico-sdk/src/rp2_common/pico_double/double_aeabi.S.obj
                0x100037f4                __wrap___aeabi_dcmpgt
 .text.__wrap___aeabi_dcmpun
                0x100037fe       0x1c CMakeFiles/dht.dir/D_/Downloads/pico-sdk/src/rp2_common/pico_double/double_aeabi.S.obj
                0x100037fe                __wrap___aeabi_dcmpun
 *fill*         0x1000381a        0x2 
 .text.__wrap___aeabi_i2d
                0x1000381c       0x38 CMakeFiles/dht.dir/D_/Downloads/pico-sdk/src/rp2_common/pico_double/double_aeabi.S.obj
                0x1000381c                __wrap___aeabi_ui2d
                0x10003824                __wrap___aeabi_i2d
 .text.__wrap___aeabi_d2iz
                0x10003854       0x48 CMakeFiles/dht.dir/D_/Downloads/pico-sdk/src/rp2_common/pico_double/double_aeabi.S.obj
                0x10003854                double2int_z
                0x10003854                __wrap___aeabi_d2iz
 .text.__wrap___aeabi_d2uiz
                0x1000389c       0x18 CMakeFiles/dht.dir/D_/Downloads/pico-sdk/src/rp2_common/pico_double/double_aeabi.S.obj
                0x1000389c                __wrap___aeabi_d2uiz
                0x1000389c                double2uint
 .text.__aeabi_double_init
                0x100038b4       0xb8 CMakeFiles/dht.dir/D_/Downloads/pico-sdk/src/rp2_common/pico_double/double_init_rom.c.obj
                0x100038b4                __aeabi_double_init
 .text.double_table_shim_on_use_helper
                0x1000396c       0x34 CMakeFiles/dht.dir/D_/Downloads/pico-sdk/src/rp2_common/pico_double/double_v1_rom_shim.S.obj
                0x1000396c                double_table_shim_on_use_helper
 .text.__wrap___aeabi_dsub
                0x100039a0       0x10 CMakeFiles/dht.dir/D_/Downloads/pico-sdk/src/rp2_common/pico_double/double_v1_rom_shim.S.obj
                0x100039a0                drsub_shim
                0x100039a6                dsub_shim
 .text.dadd_shim
                0x100039b0      0x15c CMakeFiles/dht.dir/D_/Downloads/pico-sdk/src/rp2_common/pico_double/double_v1_rom_shim.S.obj
                0x100039b0                dadd_shim
 .text.dmul_shim
                0x10003b0c      0x15c CMakeFiles/dht.dir/D_/Downloads/pico-sdk/src/rp2_common/pico_double/double_v1_rom_shim.S.obj
                0x10003b0c                dmul_shim
 .text.ddiv_shim
                0x10003c68      0x1b0 CMakeFiles/dht.dir/D_/Downloads/pico-sdk/src/rp2_common/pico_double/double_v1_rom_shim.S.obj
                0x10003c68                ddiv_shim
 .text.dcordic_rot_step
                0x10003e18       0x7c CMakeFiles/dht.dir/D_/Downloads/pico-sdk/src/rp2_common/pico_double/double_v1_rom_shim.S.obj
                0x10003e18                dcordic_rot_step
 .text.double2uint_shim
                0x10003e94        0xe CMakeFiles/dht.dir/D_/Downloads/pico-sdk/src/rp2_common/pico_double/double_v1_rom_shim.S.obj
                0x10003e94                double2uint_shim
                0x10003e96                double2ufix_shim
 *fill*         0x10003ea2        0x2 
 .text.double2uint64_shim
                0x10003ea4       0x6c CMakeFiles/dht.dir/D_/Downloads/pico-sdk/src/rp2_common/pico_double/double_v1_rom_shim.S.obj
                0x10003ea4                double2uint64_shim
                0x10003ea6                double2ufix64_shim
                0x10003ec0                d2fix_a
 .text.dunpacks
                0x10003f10       0x3c CMakeFiles/dht.dir/D_/Downloads/pico-sdk/src/rp2_common/pico_double/double_v1_rom_shim.S.obj
                0x10003f10                dunpacks
 .text.__aeabi_lmul
                0x10003f4c       0x32 CMakeFiles/dht.dir/D_/Downloads/pico-sdk/src/rp2_common/pico_int64_ops/pico_int64_ops_aeabi.S.obj
                0x10003f4c                __wrap___aeabi_lmul
 *fill*         0x10003f7e        0x2 
 .text.__wrap___aeabi_farithmetic
                0x10003f80       0x34 CMakeFiles/dht.dir/D_/Downloads/pico-sdk/src/rp2_common/pico_float/float_aeabi.S.obj
                0x10003f80                __wrap___aeabi_frsub
                0x10003f86                __wrap___aeabi_fsub
                0x10003f90                __wrap___aeabi_fadd
                0x10003f9a                __wrap___aeabi_fdiv
                0x10003fa4                __wrap___aeabi_fmul
 .text.__wrap___aeabi_cfcmple
                0x10003fb4       0x50 CMakeFiles/dht.dir/D_/Downloads/pico-sdk/src/rp2_common/pico_float/float_aeabi.S.obj
                0x10003fb4                __wrap___aeabi_cfrcmple
                0x10003fc0                __wrap___aeabi_cfcmple
                0x10003fc0                __wrap___aeabi_cfcmpeq
 .text.__wrap___aeabi_fcmpgt
                0x10004004        0xa CMakeFiles/dht.dir/D_/Downloads/pico-sdk/src/rp2_common/pico_float/float_aeabi.S.obj
                0x10004004                __wrap___aeabi_fcmpgt
 *fill*         0x1000400e        0x2 
 .text.__wrap___aeabi_i2f
                0x10004010       0x44 CMakeFiles/dht.dir/D_/Downloads/pico-sdk/src/rp2_common/pico_float/float_aeabi.S.obj
                0x10004010                __wrap___aeabi_i2f
 .text.__wrap___aeabi_f2d
                0x10004054       0x14 CMakeFiles/dht.dir/D_/Downloads/pico-sdk/src/rp2_common/pico_float/float_aeabi.S.obj
                0x10004054                __wrap___aeabi_f2d
 .text.__aeabi_float_init
                0x10004068       0xfc CMakeFiles/dht.dir/D_/Downloads/pico-sdk/src/rp2_common/pico_float/float_init_rom.c.obj
                0x10004068                __aeabi_float_init
 .text.float_table_shim_on_use_helper
                0x10004164       0x34 CMakeFiles/dht.dir/D_/Downloads/pico-sdk/src/rp2_common/pico_float/float_v1_rom_shim.S.obj
                0x10004164                float_table_shim_on_use_helper
 .text.float2double_shim
                0x10004198       0x30 CMakeFiles/dht.dir/D_/Downloads/pico-sdk/src/rp2_common/pico_float/float_v1_rom_shim.S.obj
                0x10004198                float2double_shim
 .text          0x100041c8       0x10 CMakeFiles/dht.dir/D_/Downloads/pico-sdk/src/rp2_common/pico_mem_ops/mem_ops_aeabi.S.obj
                0x100041c8                __aeabi_mem_init
 .text.memset   0x100041d8        0xc CMakeFiles/dht.dir/D_/Downloads/pico-sdk/src/rp2_common/pico_mem_ops/mem_ops_aeabi.S.obj
                0x100041d8                __wrap_memset
 .text.memcpy   0x100041e4        0xc CMakeFiles/dht.dir/D_/Downloads/pico-sdk/src/rp2_common/pico_mem_ops/mem_ops_aeabi.S.obj
                0x100041e4                __wrap_memcpy
                0x100041e4                __wrap___aeabi_memcpy
 .text.stdio_out_chars_crlf
                0x100041f0       0x80 CMakeFiles/dht.dir/D_/Downloads/pico-sdk/src/rp2_common/pico_stdio/stdio.c.obj
 .text.stdio_stack_buffer_flush
                0x10004270       0x44 CMakeFiles/dht.dir/D_/Downloads/pico-sdk/src/rp2_common/pico_stdio/stdio.c.obj
 .text.stdio_buffered_printer
                0x100042b4       0x20 CMakeFiles/dht.dir/D_/Downloads/pico-sdk/src/rp2_common/pico_stdio/stdio.c.obj
 .text.stdout_serialize_begin
                0x100042d4       0x2c CMakeFiles/dht.dir/D_/Downloads/pico-sdk/src/rp2_common/pico_stdio/stdio.c.obj
                0x100042d4                stdout_serialize_begin
 .text.stdout_serialize_end
                0x10004300       0x10 CMakeFiles/dht.dir/D_/Downloads/pico-sdk/src/rp2_common/pico_stdio/stdio.c.obj
                0x10004300                stdout_serialize_end
 .text.stdio_put_string
                0x10004310       0x84 CMakeFiles/dht.dir/D_/Downloads/pico-sdk/src/rp2_common/pico_stdio/stdio.c.obj
 .text.stdio_set_driver_enabled
                0x10004394       0x38 CMakeFiles/dht.dir/D_/Downloads/pico-sdk/src/rp2_common/pico_stdio/stdio.c.obj
                0x10004394                stdio_set_driver_enabled
 .text.stdio_flush
                0x100043cc       0x20 CMakeFiles/dht.dir/D_/Downloads/pico-sdk/src/rp2_common/pico_stdio/stdio.c.obj
                0x100043cc                stdio_flush
 .text.__wrap_puts
                0x100043ec       0x1c CMakeFiles/dht.dir/D_/Downloads/pico-sdk/src/rp2_common/pico_stdio/stdio.c.obj
                0x100043ec                __wrap_puts
 .text.__wrap_vprintf
                0x10004408       0x44 CMakeFiles/dht.dir/D_/Downloads/pico-sdk/src/rp2_common/pico_stdio/stdio.c.obj
                0x10004408                __wrap_vprintf
 .text.__wrap_printf
                0x1000444c       0x18 CMakeFiles/dht.dir/D_/Downloads/pico-sdk/src/rp2_common/pico_stdio/stdio.c.obj
                0x1000444c                __wrap_printf
 .text.stdio_init_all
                0x10004464        0x8 CMakeFiles/dht.dir/D_/Downloads/pico-sdk/src/rp2_common/pico_stdio/stdio.c.obj
                0x10004464                stdio_init_all
 .text.resetd_init
                0x1000446c        0x2 CMakeFiles/dht.dir/D_/Downloads/pico-sdk/src/rp2_common/pico_stdio_usb/reset_interface.c.obj
 *fill*         0x1000446e        0x2 
 .text.resetd_reset
                0x10004470        0xc CMakeFiles/dht.dir/D_/Downloads/pico-sdk/src/rp2_common/pico_stdio_usb/reset_interface.c.obj
 .text.resetd_open
                0x1000447c       0x34 CMakeFiles/dht.dir/D_/Downloads/pico-sdk/src/rp2_common/pico_stdio_usb/reset_interface.c.obj
 .text.resetd_control_complete_cb
                0x100044b0        0x4 CMakeFiles/dht.dir/D_/Downloads/pico-sdk/src/rp2_common/pico_stdio_usb/reset_interface.c.obj
 .text.resetd_xfer_cb
                0x100044b4        0x4 CMakeFiles/dht.dir/D_/Downloads/pico-sdk/src/rp2_common/pico_stdio_usb/reset_interface.c.obj
 .text.reset_usb_boot
                0x100044b8       0x18 CMakeFiles/dht.dir/D_/Downloads/pico-sdk/src/rp2_common/pico_stdio_usb/reset_interface.c.obj
 .text.resetd_control_request_cb
                0x100044d0       0x5c CMakeFiles/dht.dir/D_/Downloads/pico-sdk/src/rp2_common/pico_stdio_usb/reset_interface.c.obj
 .text.usbd_app_driver_get_cb
                0x1000452c        0xc CMakeFiles/dht.dir/D_/Downloads/pico-sdk/src/rp2_common/pico_stdio_usb/reset_interface.c.obj
                0x1000452c                usbd_app_driver_get_cb
 .text.tud_cdc_line_coding_cb
                0x10004538       0x28 CMakeFiles/dht.dir/D_/Downloads/pico-sdk/src/rp2_common/pico_stdio_usb/reset_interface.c.obj
                0x10004538                tud_cdc_line_coding_cb
 .text.stdio_usb_in_chars
                0x10004560       0x70 CMakeFiles/dht.dir/D_/Downloads/pico-sdk/src/rp2_common/pico_stdio_usb/stdio_usb.c.obj
                0x10004560                stdio_usb_in_chars
 .text.low_priority_worker_irq
                0x100045d0       0x20 CMakeFiles/dht.dir/D_/Downloads/pico-sdk/src/rp2_common/pico_stdio_usb/stdio_usb.c.obj
 .text.stdio_usb_out_chars
                0x100045f0       0xd4 CMakeFiles/dht.dir/D_/Downloads/pico-sdk/src/rp2_common/pico_stdio_usb/stdio_usb.c.obj
 .text.timer_task
                0x100046c4       0x10 CMakeFiles/dht.dir/D_/Downloads/pico-sdk/src/rp2_common/pico_stdio_usb/stdio_usb.c.obj
 .text.stdio_usb_init
                0x100046d4       0x90 CMakeFiles/dht.dir/D_/Downloads/pico-sdk/src/rp2_common/pico_stdio_usb/stdio_usb.c.obj
                0x100046d4                stdio_usb_init
 .text.tud_descriptor_device_cb
                0x10004764        0x8 CMakeFiles/dht.dir/D_/Downloads/pico-sdk/src/rp2_common/pico_stdio_usb/stdio_usb_descriptors.c.obj
                0x10004764                tud_descriptor_device_cb
 .text.tud_descriptor_configuration_cb
                0x1000476c        0x8 CMakeFiles/dht.dir/D_/Downloads/pico-sdk/src/rp2_common/pico_stdio_usb/stdio_usb_descriptors.c.obj
                0x1000476c                tud_descriptor_configuration_cb
 .text.tud_descriptor_string_cb
                0x10004774       0x50 CMakeFiles/dht.dir/D_/Downloads/pico-sdk/src/rp2_common/pico_stdio_usb/stdio_usb_descriptors.c.obj
                0x10004774                tud_descriptor_string_cb
 .text.hw_endpoint_get_by_addr
                0x100047c4       0x1c CMakeFiles/dht.dir/D_/Downloads/pico-sdk/lib/tinyusb/src/portable/raspberrypi/rp2040/dcd_rp2040.c.obj
 .text.reset_ep0
                0x100047e0       0x2c CMakeFiles/dht.dir/D_/Downloads/pico-sdk/lib/tinyusb/src/portable/raspberrypi/rp2040/dcd_rp2040.c.obj
 .text._hw_endpoint_alloc
                0x1000480c       0x7c CMakeFiles/dht.dir/D_/Downloads/pico-sdk/lib/tinyusb/src/portable/raspberrypi/rp2040/dcd_rp2040.c.obj
 .text._hw_endpoint_init
                0x10004888       0xbc CMakeFiles/dht.dir/D_/Downloads/pico-sdk/lib/tinyusb/src/portable/raspberrypi/rp2040/dcd_rp2040.c.obj
 .text.hw_endpoint_init
                0x10004944       0x18 CMakeFiles/dht.dir/D_/Downloads/pico-sdk/lib/tinyusb/src/portable/raspberrypi/rp2040/dcd_rp2040.c.obj
 .text.hw_handle_buff_status
                0x1000495c       0xb8 CMakeFiles/dht.dir/D_/Downloads/pico-sdk/lib/tinyusb/src/portable/raspberrypi/rp2040/dcd_rp2040.c.obj
 .text.dcd_rp2040_irq
                0x10004a14       0x8c CMakeFiles/dht.dir/D_/Downloads/pico-sdk/lib/tinyusb/src/portable/raspberrypi/rp2040/dcd_rp2040.c.obj
 .text.hw_endpoint_xfer
                0x10004aa0       0x18 CMakeFiles/dht.dir/D_/Downloads/pico-sdk/lib/tinyusb/src/portable/raspberrypi/rp2040/dcd_rp2040.c.obj
 .text.ep0_0len_status
                0x10004ab8       0x14 CMakeFiles/dht.dir/D_/Downloads/pico-sdk/lib/tinyusb/src/portable/raspberrypi/rp2040/dcd_rp2040.c.obj
 .text._hw_endpoint_stall
                0x10004acc       0x54 CMakeFiles/dht.dir/D_/Downloads/pico-sdk/lib/tinyusb/src/portable/raspberrypi/rp2040/dcd_rp2040.c.obj
 .text.hw_endpoint_stall
                0x10004b20        0xc CMakeFiles/dht.dir/D_/Downloads/pico-sdk/lib/tinyusb/src/portable/raspberrypi/rp2040/dcd_rp2040.c.obj
 .text._hw_endpoint_clear_stall
                0x10004b2c       0x34 CMakeFiles/dht.dir/D_/Downloads/pico-sdk/lib/tinyusb/src/portable/raspberrypi/rp2040/dcd_rp2040.c.obj
 .text.hw_endpoint_clear_stall
                0x10004b60        0xc CMakeFiles/dht.dir/D_/Downloads/pico-sdk/lib/tinyusb/src/portable/raspberrypi/rp2040/dcd_rp2040.c.obj
 .text.dcd_int_enable
                0x10004b6c       0x2c CMakeFiles/dht.dir/D_/Downloads/pico-sdk/lib/tinyusb/src/portable/raspberrypi/rp2040/dcd_rp2040.c.obj
                0x10004b6c                dcd_int_enable
 .text.dcd_set_address
                0x10004b98       0x30 CMakeFiles/dht.dir/D_/Downloads/pico-sdk/lib/tinyusb/src/portable/raspberrypi/rp2040/dcd_rp2040.c.obj
                0x10004b98                dcd_set_address
 .text.dcd_connect
                0x10004bc8       0x30 CMakeFiles/dht.dir/D_/Downloads/pico-sdk/lib/tinyusb/src/portable/raspberrypi/rp2040/dcd_rp2040.c.obj
                0x10004bc8                dcd_connect
 .text.dcd_init
                0x10004bf8       0x90 CMakeFiles/dht.dir/D_/Downloads/pico-sdk/lib/tinyusb/src/portable/raspberrypi/rp2040/dcd_rp2040.c.obj
                0x10004bf8                dcd_init
 .text.dcd_edpt0_status_complete
                0x10004c88       0x44 CMakeFiles/dht.dir/D_/Downloads/pico-sdk/lib/tinyusb/src/portable/raspberrypi/rp2040/dcd_rp2040.c.obj
                0x10004c88                dcd_edpt0_status_complete
 .text.dcd_edpt_open
                0x10004ccc       0x40 CMakeFiles/dht.dir/D_/Downloads/pico-sdk/lib/tinyusb/src/portable/raspberrypi/rp2040/dcd_rp2040.c.obj
                0x10004ccc                dcd_edpt_open
 .text.dcd_edpt_xfer
                0x10004d0c       0x34 CMakeFiles/dht.dir/D_/Downloads/pico-sdk/lib/tinyusb/src/portable/raspberrypi/rp2040/dcd_rp2040.c.obj
                0x10004d0c                dcd_edpt_xfer
 .text.dcd_edpt_stall
                0x10004d40       0x28 CMakeFiles/dht.dir/D_/Downloads/pico-sdk/lib/tinyusb/src/portable/raspberrypi/rp2040/dcd_rp2040.c.obj
                0x10004d40                dcd_edpt_stall
 .text.dcd_edpt_clear_stall
                0x10004d68       0x28 CMakeFiles/dht.dir/D_/Downloads/pico-sdk/lib/tinyusb/src/portable/raspberrypi/rp2040/dcd_rp2040.c.obj
                0x10004d68                dcd_edpt_clear_stall
 .text.rp2040_usb_init
                0x10004d90       0x50 CMakeFiles/dht.dir/D_/Downloads/pico-sdk/lib/tinyusb/src/portable/raspberrypi/rp2040/rp2040_usb.c.obj
                0x10004d90                rp2040_usb_init
 .text.hw_endpoint_reset_transfer
                0x10004de0       0x14 CMakeFiles/dht.dir/D_/Downloads/pico-sdk/lib/tinyusb/src/portable/raspberrypi/rp2040/rp2040_usb.c.obj
                0x10004de0                hw_endpoint_reset_transfer
 .text._hw_endpoint_buffer_control_update32
                0x10004df4       0x54 CMakeFiles/dht.dir/D_/Downloads/pico-sdk/lib/tinyusb/src/portable/raspberrypi/rp2040/rp2040_usb.c.obj
                0x10004df4                _hw_endpoint_buffer_control_update32
 .text._hw_endpoint_start_next_buffer
                0x10004e48       0x5a CMakeFiles/dht.dir/D_/Downloads/pico-sdk/lib/tinyusb/src/portable/raspberrypi/rp2040/rp2040_usb.c.obj
                0x10004e48                _hw_endpoint_start_next_buffer
 .text._hw_endpoint_xfer_start
                0x10004ea2       0x46 CMakeFiles/dht.dir/D_/Downloads/pico-sdk/lib/tinyusb/src/portable/raspberrypi/rp2040/rp2040_usb.c.obj
                0x10004ea2                _hw_endpoint_xfer_start
 .text._hw_endpoint_xfer_sync
                0x10004ee8       0x74 CMakeFiles/dht.dir/D_/Downloads/pico-sdk/lib/tinyusb/src/portable/raspberrypi/rp2040/rp2040_usb.c.obj
                0x10004ee8                _hw_endpoint_xfer_sync
 .text._hw_endpoint_xfer_continue
                0x10004f5c       0x58 CMakeFiles/dht.dir/D_/Downloads/pico-sdk/lib/tinyusb/src/portable/raspberrypi/rp2040/rp2040_usb.c.obj
                0x10004f5c                _hw_endpoint_xfer_continue
 .text._hw_endpoint_xfer
                0x10004fb4       0x34 CMakeFiles/dht.dir/D_/Downloads/pico-sdk/lib/tinyusb/src/portable/raspberrypi/rp2040/rp2040_usb.c.obj
                0x10004fb4                _hw_endpoint_xfer
 .text.mark_interface_endpoint
                0x10004fe8       0x2a CMakeFiles/dht.dir/D_/Downloads/pico-sdk/lib/tinyusb/src/device/usbd.c.obj
 *fill*         0x10005012        0x2 
 .text.usbd_reset
                0x10005014       0x88 CMakeFiles/dht.dir/D_/Downloads/pico-sdk/lib/tinyusb/src/device/usbd.c.obj
 .text.invoke_class_control
                0x1000509c       0x18 CMakeFiles/dht.dir/D_/Downloads/pico-sdk/lib/tinyusb/src/device/usbd.c.obj
 .text.process_set_config
                0x100050b4      0x1d0 CMakeFiles/dht.dir/D_/Downloads/pico-sdk/lib/tinyusb/src/device/usbd.c.obj
 .text.process_get_descriptor
                0x10005284       0xf4 CMakeFiles/dht.dir/D_/Downloads/pico-sdk/lib/tinyusb/src/device/usbd.c.obj
 .text.tud_mounted
                0x10005378       0x10 CMakeFiles/dht.dir/D_/Downloads/pico-sdk/lib/tinyusb/src/device/usbd.c.obj
                0x10005378                tud_mounted
 .text.tud_suspended
                0x10005388       0x10 CMakeFiles/dht.dir/D_/Downloads/pico-sdk/lib/tinyusb/src/device/usbd.c.obj
                0x10005388                tud_suspended
 .text.tud_init
                0x10005398       0xb8 CMakeFiles/dht.dir/D_/Downloads/pico-sdk/lib/tinyusb/src/device/usbd.c.obj
                0x10005398                tud_init
 .text.dcd_event_handler
                0x10005450      0x1c4 CMakeFiles/dht.dir/D_/Downloads/pico-sdk/lib/tinyusb/src/device/usbd.c.obj
                0x10005450                dcd_event_handler
 .text.dcd_event_bus_signal
                0x10005614       0x26 CMakeFiles/dht.dir/D_/Downloads/pico-sdk/lib/tinyusb/src/device/usbd.c.obj
                0x10005614                dcd_event_bus_signal
 .text.dcd_event_setup_received
                0x1000563a       0x34 CMakeFiles/dht.dir/D_/Downloads/pico-sdk/lib/tinyusb/src/device/usbd.c.obj
                0x1000563a                dcd_event_setup_received
 .text.dcd_event_xfer_complete
                0x1000566e       0x44 CMakeFiles/dht.dir/D_/Downloads/pico-sdk/lib/tinyusb/src/device/usbd.c.obj
                0x1000566e                dcd_event_xfer_complete
 .text.usbd_edpt_open
                0x100056b2        0x8 CMakeFiles/dht.dir/D_/Downloads/pico-sdk/lib/tinyusb/src/device/usbd.c.obj
                0x100056b2                usbd_edpt_open
 *fill*         0x100056ba        0x2 
 .text.usbd_open_edpt_pair
                0x100056bc       0x8c CMakeFiles/dht.dir/D_/Downloads/pico-sdk/lib/tinyusb/src/device/usbd.c.obj
                0x100056bc                usbd_open_edpt_pair
 .text.usbd_edpt_claim
                0x10005748       0x8c CMakeFiles/dht.dir/D_/Downloads/pico-sdk/lib/tinyusb/src/device/usbd.c.obj
                0x10005748                usbd_edpt_claim
 .text.usbd_edpt_release
                0x100057d4       0x68 CMakeFiles/dht.dir/D_/Downloads/pico-sdk/lib/tinyusb/src/device/usbd.c.obj
                0x100057d4                usbd_edpt_release
 .text.usbd_edpt_xfer
                0x1000583c       0x80 CMakeFiles/dht.dir/D_/Downloads/pico-sdk/lib/tinyusb/src/device/usbd.c.obj
                0x1000583c                usbd_edpt_xfer
 .text.usbd_edpt_stall
                0x100058bc       0x2c CMakeFiles/dht.dir/D_/Downloads/pico-sdk/lib/tinyusb/src/device/usbd.c.obj
                0x100058bc                usbd_edpt_stall
 .text.usbd_edpt_clear_stall
                0x100058e8       0x2c CMakeFiles/dht.dir/D_/Downloads/pico-sdk/lib/tinyusb/src/device/usbd.c.obj
                0x100058e8                usbd_edpt_clear_stall
 .text.usbd_edpt_stalled
                0x10005914       0x1c CMakeFiles/dht.dir/D_/Downloads/pico-sdk/lib/tinyusb/src/device/usbd.c.obj
                0x10005914                usbd_edpt_stalled
 .text.process_control_request
                0x10005930      0x37c CMakeFiles/dht.dir/D_/Downloads/pico-sdk/lib/tinyusb/src/device/usbd.c.obj
 .text.tud_task
                0x10005cac      0x204 CMakeFiles/dht.dir/D_/Downloads/pico-sdk/lib/tinyusb/src/device/usbd.c.obj
                0x10005cac                tud_task
 .text._data_stage_xact
                0x10005eb0       0x58 CMakeFiles/dht.dir/D_/Downloads/pico-sdk/lib/tinyusb/src/device/usbd_control.c.obj
 .text.tud_control_status
                0x10005f08       0x38 CMakeFiles/dht.dir/D_/Downloads/pico-sdk/lib/tinyusb/src/device/usbd_control.c.obj
                0x10005f08                tud_control_status
 .text.tud_control_xfer
                0x10005f40       0xa8 CMakeFiles/dht.dir/D_/Downloads/pico-sdk/lib/tinyusb/src/device/usbd_control.c.obj
                0x10005f40                tud_control_xfer
 .text.usbd_control_reset
                0x10005fe8       0x14 CMakeFiles/dht.dir/D_/Downloads/pico-sdk/lib/tinyusb/src/device/usbd_control.c.obj
                0x10005fe8                usbd_control_reset
 .text.usbd_control_set_complete_callback
                0x10005ffc        0xc CMakeFiles/dht.dir/D_/Downloads/pico-sdk/lib/tinyusb/src/device/usbd_control.c.obj
                0x10005ffc                usbd_control_set_complete_callback
 .text.usbd_control_set_request
                0x10006008       0x1c CMakeFiles/dht.dir/D_/Downloads/pico-sdk/lib/tinyusb/src/device/usbd_control.c.obj
                0x10006008                usbd_control_set_request
 .text.usbd_control_xfer_cb
                0x10006024       0xe8 CMakeFiles/dht.dir/D_/Downloads/pico-sdk/lib/tinyusb/src/device/usbd_control.c.obj
                0x10006024                usbd_control_xfer_cb
 .text._prep_out_transaction
                0x1000610c       0x46 CMakeFiles/dht.dir/D_/Downloads/pico-sdk/lib/tinyusb/src/class/cdc/cdc_device.c.obj
 *fill*         0x10006152        0x2 
 .text.tud_cdc_n_connected
                0x10006154       0x48 CMakeFiles/dht.dir/D_/Downloads/pico-sdk/lib/tinyusb/src/class/cdc/cdc_device.c.obj
                0x10006154                tud_cdc_n_connected
 .text.tud_cdc_n_available
                0x1000619c       0x20 CMakeFiles/dht.dir/D_/Downloads/pico-sdk/lib/tinyusb/src/class/cdc/cdc_device.c.obj
                0x1000619c                tud_cdc_n_available
 .text.tud_cdc_n_read
                0x100061bc       0x30 CMakeFiles/dht.dir/D_/Downloads/pico-sdk/lib/tinyusb/src/class/cdc/cdc_device.c.obj
                0x100061bc                tud_cdc_n_read
 .text.tud_cdc_n_write_flush
                0x100061ec       0xc4 CMakeFiles/dht.dir/D_/Downloads/pico-sdk/lib/tinyusb/src/class/cdc/cdc_device.c.obj
                0x100061ec                tud_cdc_n_write_flush
 .text.tud_cdc_n_write
                0x100062b0       0x38 CMakeFiles/dht.dir/D_/Downloads/pico-sdk/lib/tinyusb/src/class/cdc/cdc_device.c.obj
                0x100062b0                tud_cdc_n_write
 .text.tud_cdc_n_write_available
                0x100062e8       0x20 CMakeFiles/dht.dir/D_/Downloads/pico-sdk/lib/tinyusb/src/class/cdc/cdc_device.c.obj
                0x100062e8                tud_cdc_n_write_available
 .text.cdcd_init
                0x10006308       0xdc CMakeFiles/dht.dir/D_/Downloads/pico-sdk/lib/tinyusb/src/class/cdc/cdc_device.c.obj
                0x10006308                cdcd_init
 .text.cdcd_reset
                0x100063e4       0x44 CMakeFiles/dht.dir/D_/Downloads/pico-sdk/lib/tinyusb/src/class/cdc/cdc_device.c.obj
                0x100063e4                cdcd_reset
 .text.cdcd_open
                0x10006428      0x118 CMakeFiles/dht.dir/D_/Downloads/pico-sdk/lib/tinyusb/src/class/cdc/cdc_device.c.obj
                0x10006428                cdcd_open
 .text.cdcd_control_complete
                0x10006540       0x60 CMakeFiles/dht.dir/D_/Downloads/pico-sdk/lib/tinyusb/src/class/cdc/cdc_device.c.obj
                0x10006540                cdcd_control_complete
 .text.cdcd_control_request
                0x100065a0       0x9c CMakeFiles/dht.dir/D_/Downloads/pico-sdk/lib/tinyusb/src/class/cdc/cdc_device.c.obj
                0x100065a0                cdcd_control_request
 .text.cdcd_xfer_cb
                0x1000663c      0x130 CMakeFiles/dht.dir/D_/Downloads/pico-sdk/lib/tinyusb/src/class/cdc/cdc_device.c.obj
                0x1000663c                cdcd_xfer_cb
 .text.tusb_init
                0x1000676c       0x38 CMakeFiles/dht.dir/D_/Downloads/pico-sdk/lib/tinyusb/src/tusb.c.obj
                0x1000676c                tusb_init
 .text.tusb_inited
                0x100067a4        0xc CMakeFiles/dht.dir/D_/Downloads/pico-sdk/lib/tinyusb/src/tusb.c.obj
                0x100067a4                tusb_inited
 .text.advance_pointer
                0x100067b0       0x1e CMakeFiles/dht.dir/D_/Downloads/pico-sdk/lib/tinyusb/src/common/tusb_fifo.c.obj
 .text.backward_pointer
                0x100067ce       0x1a CMakeFiles/dht.dir/D_/Downloads/pico-sdk/lib/tinyusb/src/common/tusb_fifo.c.obj
 .text.get_relative_pointer
                0x100067e8       0x16 CMakeFiles/dht.dir/D_/Downloads/pico-sdk/lib/tinyusb/src/common/tusb_fifo.c.obj
 .text.tu_fifo_lock
                0x100067fe       0x12 CMakeFiles/dht.dir/D_/Downloads/pico-sdk/lib/tinyusb/src/common/tusb_fifo.c.obj
 .text.tu_fifo_unlock
                0x10006810        0xe CMakeFiles/dht.dir/D_/Downloads/pico-sdk/lib/tinyusb/src/common/tusb_fifo.c.obj
 .text._tu_fifo_peek_at
                0x1000681e       0x66 CMakeFiles/dht.dir/D_/Downloads/pico-sdk/lib/tinyusb/src/common/tusb_fifo.c.obj
 .text._ff_pull_n
                0x10006884       0x4a CMakeFiles/dht.dir/D_/Downloads/pico-sdk/lib/tinyusb/src/common/tusb_fifo.c.obj
 .text._tu_fifo_peek_at_n
                0x100068ce       0x72 CMakeFiles/dht.dir/D_/Downloads/pico-sdk/lib/tinyusb/src/common/tusb_fifo.c.obj
 .text._ff_push_n
                0x10006940       0x4a CMakeFiles/dht.dir/D_/Downloads/pico-sdk/lib/tinyusb/src/common/tusb_fifo.c.obj
 .text.tu_fifo_config
                0x1000698a       0x48 CMakeFiles/dht.dir/D_/Downloads/pico-sdk/lib/tinyusb/src/common/tusb_fifo.c.obj
                0x1000698a                tu_fifo_config
 .text.tu_fifo_count
                0x100069d2       0x1c CMakeFiles/dht.dir/D_/Downloads/pico-sdk/lib/tinyusb/src/common/tusb_fifo.c.obj
                0x100069d2                tu_fifo_count
 .text.tu_fifo_remaining
                0x100069ee       0x20 CMakeFiles/dht.dir/D_/Downloads/pico-sdk/lib/tinyusb/src/common/tusb_fifo.c.obj
                0x100069ee                tu_fifo_remaining
 .text.tu_fifo_read
                0x10006a0e       0x3a CMakeFiles/dht.dir/D_/Downloads/pico-sdk/lib/tinyusb/src/common/tusb_fifo.c.obj
                0x10006a0e                tu_fifo_read
 .text.tu_fifo_read_n
                0x10006a48       0x3e CMakeFiles/dht.dir/D_/Downloads/pico-sdk/lib/tinyusb/src/common/tusb_fifo.c.obj
                0x10006a48                tu_fifo_read_n
 .text.tu_fifo_write
                0x10006a86       0x5c CMakeFiles/dht.dir/D_/Downloads/pico-sdk/lib/tinyusb/src/common/tusb_fifo.c.obj
                0x10006a86                tu_fifo_write
 .text.tu_fifo_write_n
                0x10006ae2       0x7c CMakeFiles/dht.dir/D_/Downloads/pico-sdk/lib/tinyusb/src/common/tusb_fifo.c.obj
                0x10006ae2                tu_fifo_write_n
 .text.tu_fifo_clear
                0x10006b5e       0x18 CMakeFiles/dht.dir/D_/Downloads/pico-sdk/lib/tinyusb/src/common/tusb_fifo.c.obj
                0x10006b5e                tu_fifo_clear
 *fill*         0x10006b76        0x2 
 .text.strlen   0x10006b78       0x5c c:/progra~2/gnuarm~1/102020~1/bin/../lib/gcc/arm-none-eabi/10.2.1/../../../../arm-none-eabi/lib/thumb/v6-m/nofp\libg.a(lib_a-strlen-stub.o)
                0x10006b78                strlen
 *(.fini)
 .fini          0x10006bd4        0x4 c:/progra~2/gnuarm~1/102020~1/bin/../lib/gcc/arm-none-eabi/10.2.1/thumb/v6-m/nofp/crti.o
                0x10006bd4                _fini
 .fini.__stub   0x10006bd8       0x60 linker stubs
 *crtbegin.o(.ctors)
 *crtbegin?.o(.ctors)
 *(EXCLUDE_FILE(*crtend.o *crtend?.o) .ctors)
 *(SORT_BY_NAME(.ctors.*))
 *(.ctors)
 *crtbegin.o(.dtors)
 *crtbegin?.o(.dtors)
 *(EXCLUDE_FILE(*crtend.o *crtend?.o) .dtors)
 *(SORT_BY_NAME(.dtors.*))
 *(.dtors)
 *(.eh_frame*)
 .eh_frame      0x10006c38        0x0 c:/progra~2/gnuarm~1/102020~1/bin/../lib/gcc/arm-none-eabi/10.2.1/thumb/v6-m/nofp/crtbegin.o
                0x10006c38                . = ALIGN (0x4)

.glue_7         0x10006c38        0x0
 .glue_7        0x10006c38        0x0 linker stubs

.glue_7t        0x10006c38        0x0
 .glue_7t       0x10006c38        0x0 linker stubs

.vfp11_veneer   0x10006c38        0x0
 .vfp11_veneer  0x10006c38        0x0 linker stubs

.v4_bx          0x10006c38        0x0
 .v4_bx         0x10006c38        0x0 linker stubs

.iplt           0x10006c38        0x0
 .iplt          0x10006c38        0x0 c:/progra~2/gnuarm~1/102020~1/bin/../lib/gcc/arm-none-eabi/10.2.1/thumb/v6-m/nofp/crtbegin.o

.rodata         0x10006c38     0x1390
 *(EXCLUDE_FILE(*libm.a: *libc.a:*lib_a-mem*.o *libgcc.a:) .rodata*)
 .rodata.read_from_dht.str1.4
                0x10006c38        0x9 CMakeFiles/dht.dir/dht.c.obj
 *fill*         0x10006c41        0x3 
 .rodata.main.str1.4
                0x10006c44       0x30 CMakeFiles/dht.dir/dht.c.obj
 .rodata.spin_lock_claim_unused.str1.4
                0x10006c74       0x1b CMakeFiles/dht.dir/D_/Downloads/pico-sdk/src/rp2_common/hardware_sync/sync.c.obj
 *fill*         0x10006c8f        0x1 
 .rodata.repeating_timer_callback.str1.4
                0x10006c90       0x46 CMakeFiles/dht.dir/D_/Downloads/pico-sdk/src/common/pico_time/time.c.obj
 *fill*         0x10006cd6        0x2 
 .rodata.timer_pool_entry_comparator.str1.4
                0x10006cd8       0x22 CMakeFiles/dht.dir/D_/Downloads/pico-sdk/src/common/pico_time/time.c.obj
 *fill*         0x10006cfa        0x2 
 .rodata.ph_add_child_node.str1.4
                0x10006cfc       0x92 CMakeFiles/dht.dir/D_/Downloads/pico-sdk/src/common/pico_time/time.c.obj
 *fill*         0x10006d8e        0x2 
 .rodata.add_alarm_under_lock.str1.4
                0x10006d90       0x28 CMakeFiles/dht.dir/D_/Downloads/pico-sdk/src/common/pico_time/time.c.obj
                                 0x2b (size before relaxing)
 .rodata.alarm_pool_alarm_callback.str1.4
                0x10006db8       0x82 CMakeFiles/dht.dir/D_/Downloads/pico-sdk/src/common/pico_time/time.c.obj
 *fill*         0x10006e3a        0x2 
 .rodata.alarm_pool_get_default.str1.4
                0x10006e3c       0x21 CMakeFiles/dht.dir/D_/Downloads/pico-sdk/src/common/pico_time/time.c.obj
 *fill*         0x10006e5d        0x3 
 .rodata.alarm_pool_cancel_alarm.str1.4
                0x10006e60       0x27 CMakeFiles/dht.dir/D_/Downloads/pico-sdk/src/common/pico_time/time.c.obj
 *fill*         0x10006e87        0x1 
 .rodata.sleep_until.str1.4
                0x10006e88       0x4d CMakeFiles/dht.dir/D_/Downloads/pico-sdk/src/common/pico_time/time.c.obj
 *fill*         0x10006ed5        0x3 
 .rodata.__func__.1
                0x10006ed8       0x18 CMakeFiles/dht.dir/D_/Downloads/pico-sdk/src/common/pico_time/time.c.obj
 .rodata.__func__.10
                0x10006ef0       0x1a CMakeFiles/dht.dir/D_/Downloads/pico-sdk/src/common/pico_time/time.c.obj
 *fill*         0x10006f0a        0x2 
 .rodata.__func__.11
                0x10006f0c        0xa CMakeFiles/dht.dir/D_/Downloads/pico-sdk/src/common/pico_time/time.c.obj
 *fill*         0x10006f16        0x2 
 .rodata.__func__.3
                0x10006f18       0x17 CMakeFiles/dht.dir/D_/Downloads/pico-sdk/src/common/pico_time/time.c.obj
 *fill*         0x10006f2f        0x1 
 .rodata.__func__.4
                0x10006f30       0x12 CMakeFiles/dht.dir/D_/Downloads/pico-sdk/src/common/pico_time/time.c.obj
 *fill*         0x10006f42        0x2 
 .rodata.__func__.5
                0x10006f44        0xd CMakeFiles/dht.dir/D_/Downloads/pico-sdk/src/common/pico_time/time.c.obj
 *fill*         0x10006f51        0x3 
 .rodata.__func__.6
                0x10006f54       0x12 CMakeFiles/dht.dir/D_/Downloads/pico-sdk/src/common/pico_time/time.c.obj
 *fill*         0x10006f66        0x2 
 .rodata.__func__.7
                0x10006f68        0xf CMakeFiles/dht.dir/D_/Downloads/pico-sdk/src/common/pico_time/time.c.obj
 *fill*         0x10006f77        0x1 
 .rodata.__func__.8
                0x10006f78        0xc CMakeFiles/dht.dir/D_/Downloads/pico-sdk/src/common/pico_time/time.c.obj
 .rodata.__func__.9
                0x10006f84       0x15 CMakeFiles/dht.dir/D_/Downloads/pico-sdk/src/common/pico_time/time.c.obj
 *fill*         0x10006f99        0x3 
 .rodata.hardware_alarm_claim.str1.4
                0x10006f9c       0x22 CMakeFiles/dht.dir/D_/Downloads/pico-sdk/src/rp2_common/hardware_timer/timer.c.obj
 *fill*         0x10006fbe        0x2 
 .rodata.hardware_alarm_set_target.str1.4
                0x10006fc0       0x60 CMakeFiles/dht.dir/D_/Downloads/pico-sdk/src/rp2_common/hardware_timer/timer.c.obj
 .rodata.__func__.0
                0x10007020       0x1a CMakeFiles/dht.dir/D_/Downloads/pico-sdk/src/rp2_common/hardware_timer/timer.c.obj
 *fill*         0x1000703a        0x2 
 .rodata.str1.4
                0x1000703c       0x58 CMakeFiles/dht.dir/D_/Downloads/pico-sdk/src/common/pico_sync/mutex.c.obj
 .rodata.__func__.0
                0x10007094        0xb CMakeFiles/dht.dir/D_/Downloads/pico-sdk/src/common/pico_sync/mutex.c.obj
 *fill*         0x1000709f        0x1 
 .rodata.__func__.1
                0x100070a0       0x18 CMakeFiles/dht.dir/D_/Downloads/pico-sdk/src/common/pico_sync/mutex.c.obj
 .rodata.__func__.2
                0x100070b8       0x15 CMakeFiles/dht.dir/D_/Downloads/pico-sdk/src/common/pico_sync/mutex.c.obj
 .rodata.ph_add_child_node.str1.4
                0x100070cd       0x92 CMakeFiles/dht.dir/D_/Downloads/pico-sdk/src/common/pico_util/pheap.c.obj
 *fill*         0x100070cd        0x3 
 .rodata.ph_remove_any_head.str1.4
                0x100070d0       0x88 CMakeFiles/dht.dir/D_/Downloads/pico-sdk/src/common/pico_util/pheap.c.obj
 .rodata.ph_remove_and_free_node.str1.4
                0x10007158       0x26 CMakeFiles/dht.dir/D_/Downloads/pico-sdk/src/common/pico_util/pheap.c.obj
 *fill*         0x1000717e        0x2 
 .rodata.__func__.0
                0x10007180       0x18 CMakeFiles/dht.dir/D_/Downloads/pico-sdk/src/common/pico_util/pheap.c.obj
 .rodata.__func__.1
                0x10007198       0x13 CMakeFiles/dht.dir/D_/Downloads/pico-sdk/src/common/pico_util/pheap.c.obj
 *fill*         0x100071ab        0x1 
 .rodata.__func__.2
                0x100071ac       0x12 CMakeFiles/dht.dir/D_/Downloads/pico-sdk/src/common/pico_util/pheap.c.obj
 *fill*         0x100071be        0x2 
 .rodata.__func__.3
                0x100071c0        0xc CMakeFiles/dht.dir/D_/Downloads/pico-sdk/src/common/pico_util/pheap.c.obj
 .rodata.__assert_func.str1.4
                0x100071cc       0x3f CMakeFiles/dht.dir/D_/Downloads/pico-sdk/src/rp2_common/pico_runtime/runtime.c.obj
                                 0x43 (size before relaxing)
 *fill*         0x1000720b        0x1 
 .rodata.panic.str1.4
                0x1000720c       0x12 CMakeFiles/dht.dir/D_/Downloads/pico-sdk/src/rp2_common/pico_runtime/runtime.c.obj
 *fill*         0x1000721e        0x2 
 .rodata.clock_configure.str1.4
                0x10007220       0x52 CMakeFiles/dht.dir/D_/Downloads/pico-sdk/src/rp2_common/hardware_clocks/clocks.c.obj
 *fill*         0x10007272        0x2 
 .rodata.__func__.1
                0x10007274       0x10 CMakeFiles/dht.dir/D_/Downloads/pico-sdk/src/rp2_common/hardware_clocks/clocks.c.obj
 .rodata.pll_init.str1.4
                0x10007284       0xd3 CMakeFiles/dht.dir/D_/Downloads/pico-sdk/src/rp2_common/hardware_pll/pll.c.obj
 *fill*         0x10007357        0x1 
 .rodata.__func__.0
                0x10007358        0x9 CMakeFiles/dht.dir/D_/Downloads/pico-sdk/src/rp2_common/hardware_pll/pll.c.obj
 *fill*         0x10007361        0x3 
 .rodata.make_branch.str1.4
                0x10007364       0x48 CMakeFiles/dht.dir/D_/Downloads/pico-sdk/src/rp2_common/hardware_irq/irq.c.obj
 .rodata.irq_set_exclusive_handler.str1.4
                0x100073ac       0x36 CMakeFiles/dht.dir/D_/Downloads/pico-sdk/src/rp2_common/hardware_irq/irq.c.obj
 *fill*         0x100073e2        0x2 
 .rodata.irq_add_shared_handler.str1.4
                0x100073e4       0xd9 CMakeFiles/dht.dir/D_/Downloads/pico-sdk/src/rp2_common/hardware_irq/irq.c.obj
 *fill*         0x100074bd        0x3 
 .rodata.irq_remove_handler.str1.4
                0x100074c0       0x2a CMakeFiles/dht.dir/D_/Downloads/pico-sdk/src/rp2_common/hardware_irq/irq.c.obj
 *fill*         0x100074ea        0x2 
 .rodata.irq_add_tail_to_free_list.str1.4
                0x100074ec       0x32 CMakeFiles/dht.dir/D_/Downloads/pico-sdk/src/rp2_common/hardware_irq/irq.c.obj
                                 0x3a (size before relaxing)
 *fill*         0x1000751e        0x2 
 .rodata.__func__.0
                0x10007520       0x1a CMakeFiles/dht.dir/D_/Downloads/pico-sdk/src/rp2_common/hardware_irq/irq.c.obj
 *fill*         0x1000753a        0x2 
 .rodata.__func__.1
                0x1000753c       0x17 CMakeFiles/dht.dir/D_/Downloads/pico-sdk/src/rp2_common/hardware_irq/irq.c.obj
 *fill*         0x10007553        0x1 
 .rodata.__func__.2
                0x10007554       0x13 CMakeFiles/dht.dir/D_/Downloads/pico-sdk/src/rp2_common/hardware_irq/irq.c.obj
 *fill*         0x10007567        0x1 
 .rodata.__func__.3
                0x10007568        0xc CMakeFiles/dht.dir/D_/Downloads/pico-sdk/src/rp2_common/hardware_irq/irq.c.obj
 .rodata.__func__.4
                0x10007574        0xf CMakeFiles/dht.dir/D_/Downloads/pico-sdk/src/rp2_common/hardware_irq/irq.c.obj
 *fill*         0x10007583        0x1 
 .rodata.__func__.6
                0x10007584       0x1a CMakeFiles/dht.dir/D_/Downloads/pico-sdk/src/rp2_common/hardware_irq/irq.c.obj
 *fill*         0x1000759e        0x2 
 .rodata._ftoa.str1.4
                0x100075a0       0x15 CMakeFiles/dht.dir/D_/Downloads/pico-sdk/src/rp2_common/pico_printf/printf.c.obj
 *fill*         0x100075b5        0x3 
 .rodata._vsnprintf
                0x100075b8      0x1e0 CMakeFiles/dht.dir/D_/Downloads/pico-sdk/src/rp2_common/pico_printf/printf.c.obj
 .rodata.pow10.0
                0x10007798       0x50 CMakeFiles/dht.dir/D_/Downloads/pico-sdk/src/rp2_common/pico_printf/printf.c.obj
 .rodata.__aeabi_double_init.str1.4
                0x100077e8       0xa3 CMakeFiles/dht.dir/D_/Downloads/pico-sdk/src/rp2_common/pico_double/double_init_rom.c.obj
 *fill*         0x1000788b        0x1 
 .rodata.__func__.0
                0x1000788c       0x14 CMakeFiles/dht.dir/D_/Downloads/pico-sdk/src/rp2_common/pico_double/double_init_rom.c.obj
 .rodata.__aeabi_float_init.str1.4
                0x100078a0       0x75 CMakeFiles/dht.dir/D_/Downloads/pico-sdk/src/rp2_common/pico_float/float_init_rom.c.obj
                                 0x79 (size before relaxing)
 *fill*         0x10007915        0x3 
 .rodata.__func__.0
                0x10007918       0x13 CMakeFiles/dht.dir/D_/Downloads/pico-sdk/src/rp2_common/pico_float/float_init_rom.c.obj
 *fill*         0x1000792b        0x1 
 .rodata.str1.4
                0x1000792c       0x38 CMakeFiles/dht.dir/D_/Downloads/pico-sdk/src/rp2_common/pico_standard_link/binary_info.c.obj
 .rodata.__bi_40
                0x10007964        0xc CMakeFiles/dht.dir/D_/Downloads/pico-sdk/src/rp2_common/pico_standard_link/binary_info.c.obj
 .rodata.__bi_71
                0x10007970        0xc CMakeFiles/dht.dir/D_/Downloads/pico-sdk/src/rp2_common/pico_standard_link/binary_info.c.obj
 .rodata.__bi_77
                0x1000797c        0xc CMakeFiles/dht.dir/D_/Downloads/pico-sdk/src/rp2_common/pico_standard_link/binary_info.c.obj
 .rodata.crlf_str.1
                0x10007988        0x2 CMakeFiles/dht.dir/D_/Downloads/pico-sdk/src/rp2_common/pico_stdio/stdio.c.obj
 *fill*         0x1000798a        0x2 
 .rodata._resetd_driver
                0x1000798c       0x1c CMakeFiles/dht.dir/D_/Downloads/pico-sdk/src/rp2_common/pico_stdio_usb/reset_interface.c.obj
 .rodata.str1.4
                0x100079a8       0x13 CMakeFiles/dht.dir/D_/Downloads/pico-sdk/src/rp2_common/pico_stdio_usb/stdio_usb.c.obj
 *fill*         0x100079bb        0x1 
 .rodata.__bi_92.0
                0x100079bc        0xc CMakeFiles/dht.dir/D_/Downloads/pico-sdk/src/rp2_common/pico_stdio_usb/stdio_usb.c.obj
 .rodata.str1.4
                0x100079c8       0x3a CMakeFiles/dht.dir/D_/Downloads/pico-sdk/src/rp2_common/pico_stdio_usb/stdio_usb_descriptors.c.obj
 *fill*         0x10007a02        0x2 
 .rodata.usbd_desc_cfg
                0x10007a04       0x54 CMakeFiles/dht.dir/D_/Downloads/pico-sdk/src/rp2_common/pico_stdio_usb/stdio_usb_descriptors.c.obj
 .rodata.usbd_desc_device
                0x10007a58       0x12 CMakeFiles/dht.dir/D_/Downloads/pico-sdk/src/rp2_common/pico_stdio_usb/stdio_usb_descriptors.c.obj
 *fill*         0x10007a6a        0x2 
 .rodata.usbd_desc_str
                0x10007a6c       0x18 CMakeFiles/dht.dir/D_/Downloads/pico-sdk/src/rp2_common/pico_stdio_usb/stdio_usb_descriptors.c.obj
 .rodata._hw_endpoint_alloc.str1.4
                0x10007a84       0xb1 CMakeFiles/dht.dir/D_/Downloads/pico-sdk/lib/tinyusb/src/portable/raspberrypi/rp2040/dcd_rp2040.c.obj
 *fill*         0x10007b35        0x3 
 .rodata._hw_endpoint_init.str1.4
                0x10007b38       0x28 CMakeFiles/dht.dir/D_/Downloads/pico-sdk/lib/tinyusb/src/portable/raspberrypi/rp2040/dcd_rp2040.c.obj
 .rodata.hw_handle_buff_status.str1.4
                0x10007b60        0xb CMakeFiles/dht.dir/D_/Downloads/pico-sdk/lib/tinyusb/src/portable/raspberrypi/rp2040/dcd_rp2040.c.obj
 *fill*         0x10007b6b        0x1 
 .rodata.dcd_rp2040_irq.str1.4
                0x10007b6c       0x14 CMakeFiles/dht.dir/D_/Downloads/pico-sdk/lib/tinyusb/src/portable/raspberrypi/rp2040/dcd_rp2040.c.obj
 .rodata._hw_endpoint_stall.str1.4
                0x10007b80        0xd CMakeFiles/dht.dir/D_/Downloads/pico-sdk/lib/tinyusb/src/portable/raspberrypi/rp2040/dcd_rp2040.c.obj
 *fill*         0x10007b8d        0x3 
 .rodata.dcd_int_enable.str1.4
                0x10007b90        0xc CMakeFiles/dht.dir/D_/Downloads/pico-sdk/lib/tinyusb/src/portable/raspberrypi/rp2040/dcd_rp2040.c.obj
 .rodata.__func__.0
                0x10007b9c       0x15 CMakeFiles/dht.dir/D_/Downloads/pico-sdk/lib/tinyusb/src/portable/raspberrypi/rp2040/dcd_rp2040.c.obj
 *fill*         0x10007bb1        0x3 
 .rodata.__func__.1
                0x10007bb4       0x13 CMakeFiles/dht.dir/D_/Downloads/pico-sdk/lib/tinyusb/src/portable/raspberrypi/rp2040/dcd_rp2040.c.obj
 *fill*         0x10007bc7        0x1 
 .rodata.__func__.10
                0x10007bc8        0xf CMakeFiles/dht.dir/D_/Downloads/pico-sdk/lib/tinyusb/src/portable/raspberrypi/rp2040/dcd_rp2040.c.obj
 *fill*         0x10007bd7        0x1 
 .rodata.__func__.11
                0x10007bd8       0x13 CMakeFiles/dht.dir/D_/Downloads/pico-sdk/lib/tinyusb/src/portable/raspberrypi/rp2040/dcd_rp2040.c.obj
 *fill*         0x10007beb        0x1 
 .rodata.__func__.12
                0x10007bec       0x16 CMakeFiles/dht.dir/D_/Downloads/pico-sdk/lib/tinyusb/src/portable/raspberrypi/rp2040/dcd_rp2040.c.obj
 *fill*         0x10007c02        0x2 
 .rodata.__func__.13
                0x10007c04        0x9 CMakeFiles/dht.dir/D_/Downloads/pico-sdk/lib/tinyusb/src/portable/raspberrypi/rp2040/dcd_rp2040.c.obj
 *fill*         0x10007c0d        0x3 
 .rodata.__func__.2
                0x10007c10        0xf CMakeFiles/dht.dir/D_/Downloads/pico-sdk/lib/tinyusb/src/portable/raspberrypi/rp2040/dcd_rp2040.c.obj
 *fill*         0x10007c1f        0x1 
 .rodata.__func__.3
                0x10007c20        0xe CMakeFiles/dht.dir/D_/Downloads/pico-sdk/lib/tinyusb/src/portable/raspberrypi/rp2040/dcd_rp2040.c.obj
 *fill*         0x10007c2e        0x2 
 .rodata.__func__.4
                0x10007c30        0xe CMakeFiles/dht.dir/D_/Downloads/pico-sdk/lib/tinyusb/src/portable/raspberrypi/rp2040/dcd_rp2040.c.obj
 *fill*         0x10007c3e        0x2 
 .rodata.__func__.5
                0x10007c40       0x1a CMakeFiles/dht.dir/D_/Downloads/pico-sdk/lib/tinyusb/src/portable/raspberrypi/rp2040/dcd_rp2040.c.obj
 *fill*         0x10007c5a        0x2 
 .rodata.__func__.6
                0x10007c5c        0xc CMakeFiles/dht.dir/D_/Downloads/pico-sdk/lib/tinyusb/src/portable/raspberrypi/rp2040/dcd_rp2040.c.obj
 .rodata.__func__.8
                0x10007c68       0x10 CMakeFiles/dht.dir/D_/Downloads/pico-sdk/lib/tinyusb/src/portable/raspberrypi/rp2040/dcd_rp2040.c.obj
 .rodata._hw_endpoint_buffer_control_update32.str1.4
                0x10007c78       0x1f CMakeFiles/dht.dir/D_/Downloads/pico-sdk/lib/tinyusb/src/portable/raspberrypi/rp2040/rp2040_usb.c.obj
 *fill*         0x10007c97        0x1 
 .rodata._hw_endpoint_xfer_sync.str1.4
                0x10007c98       0x8d CMakeFiles/dht.dir/D_/Downloads/pico-sdk/lib/tinyusb/src/portable/raspberrypi/rp2040/rp2040_usb.c.obj
 *fill*         0x10007d25        0x3 
 .rodata._hw_endpoint_xfer_continue.str1.4
                0x10007d28       0x50 CMakeFiles/dht.dir/D_/Downloads/pico-sdk/lib/tinyusb/src/portable/raspberrypi/rp2040/rp2040_usb.c.obj
 .rodata._hw_endpoint_xfer.str1.4
                0x10007d78        0xf CMakeFiles/dht.dir/D_/Downloads/pico-sdk/lib/tinyusb/src/portable/raspberrypi/rp2040/rp2040_usb.c.obj
 *fill*         0x10007d87        0x1 
 .rodata.str1.4
                0x10007d88        0x7 CMakeFiles/dht.dir/D_/Downloads/pico-sdk/lib/tinyusb/src/portable/raspberrypi/rp2040/rp2040_usb.c.obj
 *fill*         0x10007d8f        0x1 
 .rodata.__func__.0
                0x10007d90       0x12 CMakeFiles/dht.dir/D_/Downloads/pico-sdk/lib/tinyusb/src/portable/raspberrypi/rp2040/rp2040_usb.c.obj
 *fill*         0x10007da2        0x2 
 .rodata.__func__.1
                0x10007da4       0x17 CMakeFiles/dht.dir/D_/Downloads/pico-sdk/lib/tinyusb/src/portable/raspberrypi/rp2040/rp2040_usb.c.obj
 *fill*         0x10007dbb        0x1 
 .rodata.process_set_config.str1.4
                0x10007dbc       0x17 CMakeFiles/dht.dir/D_/Downloads/pico-sdk/lib/tinyusb/src/device/usbd.c.obj
 *fill*         0x10007dd3        0x1 
 .rodata.process_get_descriptor
                0x10007dd4       0x40 CMakeFiles/dht.dir/D_/Downloads/pico-sdk/lib/tinyusb/src/device/usbd.c.obj
 .rodata.dcd_event_handler.str1.4
                0x10007e14       0x47 CMakeFiles/dht.dir/D_/Downloads/pico-sdk/lib/tinyusb/src/device/usbd.c.obj
 *fill*         0x10007e5b        0x1 
 .rodata.process_control_request
                0x10007e5c       0x28 CMakeFiles/dht.dir/D_/Downloads/pico-sdk/lib/tinyusb/src/device/usbd.c.obj
 .rodata.tud_task
                0x10007e84       0x24 CMakeFiles/dht.dir/D_/Downloads/pico-sdk/lib/tinyusb/src/device/usbd.c.obj
 .rodata.__func__.1
                0x10007ea8        0xf CMakeFiles/dht.dir/D_/Downloads/pico-sdk/lib/tinyusb/src/device/usbd.c.obj
 *fill*         0x10007eb7        0x1 
 .rodata.__func__.2
                0x10007eb8       0x14 CMakeFiles/dht.dir/D_/Downloads/pico-sdk/lib/tinyusb/src/device/usbd.c.obj
 .rodata.__func__.3
                0x10007ecc       0x10 CMakeFiles/dht.dir/D_/Downloads/pico-sdk/lib/tinyusb/src/device/usbd.c.obj
 .rodata.__func__.4
                0x10007edc       0x17 CMakeFiles/dht.dir/D_/Downloads/pico-sdk/lib/tinyusb/src/device/usbd.c.obj
 *fill*         0x10007ef3        0x1 
 .rodata.__func__.5
                0x10007ef4       0x13 CMakeFiles/dht.dir/D_/Downloads/pico-sdk/lib/tinyusb/src/device/usbd.c.obj
 *fill*         0x10007f07        0x1 
 .rodata.__func__.6
                0x10007f08       0x18 CMakeFiles/dht.dir/D_/Downloads/pico-sdk/lib/tinyusb/src/device/usbd.c.obj
 .rodata.__func__.7
                0x10007f20       0x13 CMakeFiles/dht.dir/D_/Downloads/pico-sdk/lib/tinyusb/src/device/usbd.c.obj
 *fill*         0x10007f33        0x1 
 .rodata.__func__.8
                0x10007f34        0x9 CMakeFiles/dht.dir/D_/Downloads/pico-sdk/lib/tinyusb/src/device/usbd.c.obj
 *fill*         0x10007f3d        0x3 
 .rodata._usbd_driver
                0x10007f40       0x1c CMakeFiles/dht.dir/D_/Downloads/pico-sdk/lib/tinyusb/src/device/usbd.c.obj
 .rodata.tud_control_xfer.str1.4
                0x10007f5c       0x17 CMakeFiles/dht.dir/D_/Downloads/pico-sdk/lib/tinyusb/src/device/usbd_control.c.obj
 .rodata.__func__.0
                0x10007f5c       0x15 CMakeFiles/dht.dir/D_/Downloads/pico-sdk/lib/tinyusb/src/device/usbd_control.c.obj
 *fill*         0x10007f71        0x3 
 .rodata.__func__.1
                0x10007f74       0x11 CMakeFiles/dht.dir/D_/Downloads/pico-sdk/lib/tinyusb/src/device/usbd_control.c.obj
 .rodata.tud_cdc_n_write_flush.str1.4
                0x10007f85       0x17 CMakeFiles/dht.dir/D_/Downloads/pico-sdk/lib/tinyusb/src/class/cdc/cdc_device.c.obj
 *fill*         0x10007f85        0x3 
 .rodata.__func__.0
                0x10007f88        0xd CMakeFiles/dht.dir/D_/Downloads/pico-sdk/lib/tinyusb/src/class/cdc/cdc_device.c.obj
 *fill*         0x10007f95        0x3 
 .rodata.__func__.1
                0x10007f98        0xa CMakeFiles/dht.dir/D_/Downloads/pico-sdk/lib/tinyusb/src/class/cdc/cdc_device.c.obj
 *fill*         0x10007fa2        0x2 
 .rodata.__func__.2
                0x10007fa4       0x16 CMakeFiles/dht.dir/D_/Downloads/pico-sdk/lib/tinyusb/src/class/cdc/cdc_device.c.obj
 .rodata.tusb_init.str1.4
                0x10007fba       0x17 CMakeFiles/dht.dir/D_/Downloads/pico-sdk/lib/tinyusb/src/tusb.c.obj
 *fill*         0x10007fba        0x2 
 .rodata.__func__.0
                0x10007fbc        0xa CMakeFiles/dht.dir/D_/Downloads/pico-sdk/lib/tinyusb/src/tusb.c.obj
                0x10007fc8                . = ALIGN (0x4)
 *fill*         0x10007fc6        0x2 
 *(SORT_BY_ALIGNMENT(SORT_BY_NAME(.flashdata*)))
                0x10007fc8                . = ALIGN (0x4)

.rel.dyn        0x10007fc8        0x0
 .rel.iplt      0x10007fc8        0x0 c:/progra~2/gnuarm~1/102020~1/bin/../lib/gcc/arm-none-eabi/10.2.1/thumb/v6-m/nofp/crtbegin.o

.ARM.extab
 *(.ARM.extab* .gnu.linkonce.armextab.*)
                0x10007fc8                __exidx_start = .

.ARM.exidx
 *(.ARM.exidx* .gnu.linkonce.armexidx.*)
                0x10007fc8                __exidx_end = .
                0x10007fc8                . = ALIGN (0x4)
                0x10007fc8                __binary_info_start = .

.binary_info    0x10007fc8       0x20
 *(.binary_info.keep.*)
 .binary_info.keep.__bi_ptr18
                0x10007fc8        0x4 CMakeFiles/dht.dir/D_/Downloads/pico-sdk/src/rp2_common/pico_standard_link/binary_info.c.obj
 .binary_info.keep.__bi_ptr26
                0x10007fcc        0x4 CMakeFiles/dht.dir/D_/Downloads/pico-sdk/src/rp2_common/pico_standard_link/binary_info.c.obj
 .binary_info.keep.__bi_ptr34
                0x10007fd0        0x4 CMakeFiles/dht.dir/D_/Downloads/pico-sdk/src/rp2_common/pico_standard_link/binary_info.c.obj
 .binary_info.keep.__bi_ptr40
                0x10007fd4        0x4 CMakeFiles/dht.dir/D_/Downloads/pico-sdk/src/rp2_common/pico_standard_link/binary_info.c.obj
 .binary_info.keep.__bi_ptr46
                0x10007fd8        0x4 CMakeFiles/dht.dir/D_/Downloads/pico-sdk/src/rp2_common/pico_standard_link/binary_info.c.obj
 .binary_info.keep.__bi_ptr71
                0x10007fdc        0x4 CMakeFiles/dht.dir/D_/Downloads/pico-sdk/src/rp2_common/pico_standard_link/binary_info.c.obj
 .binary_info.keep.__bi_ptr77
                0x10007fe0        0x4 CMakeFiles/dht.dir/D_/Downloads/pico-sdk/src/rp2_common/pico_standard_link/binary_info.c.obj
 *(.binary_info.*)
 .binary_info.__bi_ptr92
                0x10007fe4        0x4 CMakeFiles/dht.dir/D_/Downloads/pico-sdk/src/rp2_common/pico_stdio_usb/stdio_usb.c.obj
                0x10007fe8                __binary_info_end = .
                0x10007fe8                . = ALIGN (0x4)
                0x10007fe8                __etext = .

.ram_vector_table
                0x20000000       0xc0
 *(.ram_vector_table)
 .ram_vector_table
                0x20000000       0xc0 CMakeFiles/dht.dir/D_/Downloads/pico-sdk/src/rp2_common/pico_runtime/runtime.c.obj
                0x20000000                ram_vector_table

.data           0x200000c0      0x2e8 load address 0x10007fe8
                0x200000c0                __data_start__ = .
 *(vtable)
 *(.time_critical*)
 .time_critical.mutex_enter_blocking
                0x200000c0       0x64 CMakeFiles/dht.dir/D_/Downloads/pico-sdk/src/common/pico_sync/mutex.c.obj
                0x200000c0                mutex_enter_blocking
 .time_critical.mutex_try_enter
                0x20000124       0x46 CMakeFiles/dht.dir/D_/Downloads/pico-sdk/src/common/pico_sync/mutex.c.obj
                0x20000124                mutex_try_enter
 *fill*         0x2000016a        0x2 
 .time_critical.mutex_enter_block_until
                0x2000016c       0x7c CMakeFiles/dht.dir/D_/Downloads/pico-sdk/src/common/pico_sync/mutex.c.obj
                0x2000016c                mutex_enter_block_until
 .time_critical.mutex_enter_timeout_ms
                0x200001e8       0x3e CMakeFiles/dht.dir/D_/Downloads/pico-sdk/src/common/pico_sync/mutex.c.obj
                0x200001e8                mutex_enter_timeout_ms
 *fill*         0x20000226        0x2 
 .time_critical.mutex_exit
                0x20000228       0x4c CMakeFiles/dht.dir/D_/Downloads/pico-sdk/src/common/pico_sync/mutex.c.obj
                0x20000228                mutex_exit
 *(.text*)
 .text          0x20000274        0x4 c:/progra~2/gnuarm~1/102020~1/bin/../lib/gcc/arm-none-eabi/10.2.1/thumb/v6-m/nofp\libgcc.a(_dvmd_tls.o)
                0x20000274                __aeabi_idiv0
                0x20000274                __aeabi_ldiv0
 .text.__stub   0x20000278       0x40 linker stubs
                0x200002b8                . = ALIGN (0x4)
 *(.rodata*)
                0x200002b8                . = ALIGN (0x4)
 *(.data*)
 .data.striped_spin_lock_num
                0x200002b8        0x1 CMakeFiles/dht.dir/D_/Downloads/pico-sdk/src/rp2_common/hardware_sync/sync.c.obj
 *fill*         0x200002b9        0x3 
 .data.default_alarm_pool
                0x200002bc       0x18 CMakeFiles/dht.dir/D_/Downloads/pico-sdk/src/common/pico_time/time.c.obj
 .data.default_alarm_pool_heap
                0x200002d4       0x10 CMakeFiles/dht.dir/D_/Downloads/pico-sdk/src/common/pico_time/time.c.obj
 .data          0x200002e4       0x48 CMakeFiles/dht.dir/D_/Downloads/pico-sdk/src/rp2_common/hardware_irq/irq_handler_chain.S.obj
                0x200002e4                irq_handler_chain_slots
                0x20000314                irq_handler_chain_first_slot
                0x2000031e                irq_handler_chain_remove_tail
 *fill*         0x2000032c        0x4 
 .data.aeabi_bits_funcs
                0x20000330       0x10 CMakeFiles/dht.dir/D_/Downloads/pico-sdk/src/rp2_common/pico_bit_ops/bit_ops_aeabi.S.obj
                0x20000330                aeabi_bits_funcs
                0x20000340                aeabi_bits_funcs_end
 .data.aeabi_mem_funcs
                0x20000340       0x10 CMakeFiles/dht.dir/D_/Downloads/pico-sdk/src/rp2_common/pico_mem_ops/mem_ops_aeabi.S.obj
                0x20000340                aeabi_mem_funcs
                0x20000350                aeabi_mem_funcs_end
 .data.stdio_usb
                0x20000350       0x14 CMakeFiles/dht.dir/D_/Downloads/pico-sdk/src/rp2_common/pico_stdio_usb/stdio_usb.c.obj
                0x20000350                stdio_usb
 .data.ep_dir_string
                0x20000364        0x8 CMakeFiles/dht.dir/D_/Downloads/pico-sdk/lib/tinyusb/src/portable/raspberrypi/rp2040/rp2040_usb.c.obj
                0x20000364                ep_dir_string
 .data._usbd_qdef
                0x2000036c       0x20 CMakeFiles/dht.dir/D_/Downloads/pico-sdk/lib/tinyusb/src/device/usbd.c.obj
                0x2000036c                _usbd_qdef
                0x2000038c                . = ALIGN (0x4)
 *(.after_data.*)
                0x2000038c                . = ALIGN (0x4)
                0x2000038c                PROVIDE (__mutex_array_start = .)
 *(SORT_BY_NAME(.mutex_array.*))
 *(.mutex_array)
 .mutex_array   0x2000038c        0x8 CMakeFiles/dht.dir/D_/Downloads/pico-sdk/src/rp2_common/pico_stdio/stdio.c.obj
                0x20000394                PROVIDE (__mutex_array_end = .)
                0x20000394                . = ALIGN (0x4)
                0x20000394                PROVIDE (__preinit_array_start = .)
 *(SORT_BY_NAME(.preinit_array.*))
 .preinit_array.00001
                0x20000394        0x4 CMakeFiles/dht.dir/D_/Downloads/pico-sdk/src/rp2_common/pico_mem_ops/mem_ops_aeabi.S.obj
 .preinit_array.00010
                0x20000398        0x4 CMakeFiles/dht.dir/D_/Downloads/pico-sdk/src/rp2_common/pico_bit_ops/bit_ops_aeabi.S.obj
 .preinit_array.00020
                0x2000039c        0x4 CMakeFiles/dht.dir/D_/Downloads/pico-sdk/src/rp2_common/pico_double/double_aeabi.S.obj
 .preinit_array.00020
                0x200003a0        0x4 CMakeFiles/dht.dir/D_/Downloads/pico-sdk/src/rp2_common/pico_float/float_aeabi.S.obj
 *(.preinit_array)
                0x200003a4                PROVIDE (__preinit_array_end = .)
                0x200003a4                . = ALIGN (0x4)
                0x200003a4                PROVIDE (__init_array_start = .)
 *(SORT_BY_NAME(.init_array.*))
 *(.init_array)
 .init_array    0x200003a4        0x4 c:/progra~2/gnuarm~1/102020~1/bin/../lib/gcc/arm-none-eabi/10.2.1/thumb/v6-m/nofp/crtbegin.o
                0x200003a8                PROVIDE (__init_array_end = .)
                0x200003a8                . = ALIGN (0x4)
                [!provide]                PROVIDE (__fini_array_start = .)
 *(SORT_BY_NAME(.fini_array.*))
 *(.fini_array)
                [!provide]                PROVIDE (__fini_array_end = .)
 *(.jcr)
                0x200003a8                . = ALIGN (0x4)
                0x200003a8                __data_end__ = .

.igot.plt       0x200003a8        0x0 load address 0x100082d0
 .igot.plt      0x200003a8        0x0 c:/progra~2/gnuarm~1/102020~1/bin/../lib/gcc/arm-none-eabi/10.2.1/thumb/v6-m/nofp/crtbegin.o

.uninitialized_data
                0x200003a8        0x0 load address 0x100082d0
                0x200003a8                . = ALIGN (0x4)
 *(.uninitialized_data*)

.scratch_x      0x20040000        0x0 load address 0x100082d0
                0x20040000                __scratch_x_start__ = .
 *(.scratch_x.*)
                0x20040000                . = ALIGN (0x4)
                0x20040000                __scratch_x_end__ = .
                0x100082d0                __scratch_x_source__ = LOADADDR (.scratch_x)

.scratch_y      0x20041000        0x0 load address 0x100082d0
                0x20041000                __scratch_y_start__ = .
 *(.scratch_y.*)
                0x20041000                . = ALIGN (0x4)
                0x20041000                __scratch_y_end__ = .
                0x100082d0                __scratch_y_source__ = LOADADDR (.scratch_y)

.bss            0x200003a8      0xebc
                0x200003a8                . = ALIGN (0x4)
                0x200003a8                __bss_start__ = .
 *(SORT_BY_ALIGNMENT(SORT_BY_NAME(.bss*)))
 .bss.default_alarm_pool_entries
                0x200003a8      0x100 CMakeFiles/dht.dir/D_/Downloads/pico-sdk/src/common/pico_time/time.c.obj
 .bss.last_avail_time.1
                0x200004a8        0x8 CMakeFiles/dht.dir/D_/Downloads/pico-sdk/src/rp2_common/pico_stdio_usb/stdio_usb.c.obj
 .bss           0x200004b0       0x1c c:/progra~2/gnuarm~1/102020~1/bin/../lib/gcc/arm-none-eabi/10.2.1/thumb/v6-m/nofp/crtbegin.o
 .bss._app_driver
                0x200004cc        0x4 CMakeFiles/dht.dir/D_/Downloads/pico-sdk/lib/tinyusb/src/device/usbd.c.obj
 .bss._cdcd_itf
                0x200004d0      0x2d0 CMakeFiles/dht.dir/D_/Downloads/pico-sdk/lib/tinyusb/src/class/cdc/cdc_device.c.obj
 .bss._ctrl_xfer
                0x200007a0       0x14 CMakeFiles/dht.dir/D_/Downloads/pico-sdk/lib/tinyusb/src/device/usbd_control.c.obj
 .bss._ubsd_mutexdef
                0x200007b4        0x8 CMakeFiles/dht.dir/D_/Downloads/pico-sdk/lib/tinyusb/src/device/usbd.c.obj
 .bss._usbd_ctrl_buf
                0x200007bc       0x40 CMakeFiles/dht.dir/D_/Downloads/pico-sdk/lib/tinyusb/src/device/usbd_control.c.obj
 .bss._usbd_dev
                0x200007fc       0x37 CMakeFiles/dht.dir/D_/Downloads/pico-sdk/lib/tinyusb/src/device/usbd.c.obj
 *fill*         0x20000833        0x1 
 .bss._usbd_mutex
                0x20000834        0x4 CMakeFiles/dht.dir/D_/Downloads/pico-sdk/lib/tinyusb/src/device/usbd.c.obj
 .bss._usbd_q   0x20000838        0x4 CMakeFiles/dht.dir/D_/Downloads/pico-sdk/lib/tinyusb/src/device/usbd.c.obj
 .bss._usbd_qdef_buf
                0x2000083c       0xc0 CMakeFiles/dht.dir/D_/Downloads/pico-sdk/lib/tinyusb/src/device/usbd.c.obj
                0x2000083c                _usbd_qdef_buf
 .bss.alarm_callbacks
                0x200008fc       0x10 CMakeFiles/dht.dir/D_/Downloads/pico-sdk/src/rp2_common/hardware_timer/timer.c.obj
 .bss.claimed   0x2000090c        0x4 CMakeFiles/dht.dir/D_/Downloads/pico-sdk/src/rp2_common/hardware_sync/sync.c.obj
 .bss.configured_freq
                0x20000910       0x28 CMakeFiles/dht.dir/D_/Downloads/pico-sdk/src/rp2_common/hardware_clocks/clocks.c.obj
 .bss.default_alarm_pool_entry_ids_high
                0x20000938       0x10 CMakeFiles/dht.dir/D_/Downloads/pico-sdk/src/common/pico_time/time.c.obj
 .bss.default_alarm_pool_heap_nodes
                0x20000948       0x30 CMakeFiles/dht.dir/D_/Downloads/pico-sdk/src/common/pico_time/time.c.obj
 .bss.desc_str.0
                0x20000978       0x28 CMakeFiles/dht.dir/D_/Downloads/pico-sdk/src/rp2_common/pico_stdio_usb/stdio_usb_descriptors.c.obj
 .bss.drivers   0x200009a0        0x4 CMakeFiles/dht.dir/D_/Downloads/pico-sdk/src/rp2_common/pico_stdio/stdio.c.obj
 .bss.filter    0x200009a4        0x4 CMakeFiles/dht.dir/D_/Downloads/pico-sdk/src/rp2_common/pico_stdio/stdio.c.obj
 .bss.hw_endpoints
                0x200009a8      0x680 CMakeFiles/dht.dir/D_/Downloads/pico-sdk/lib/tinyusb/src/portable/raspberrypi/rp2040/dcd_rp2040.c.obj
 .bss.load_value
                0x20001028        0x4 CMakeFiles/dht.dir/D_/Downloads/pico-sdk/src/rp2_common/hardware_watchdog/watchdog.c.obj
 .bss.next_buffer_ptr
                0x2000102c        0x4 CMakeFiles/dht.dir/D_/Downloads/pico-sdk/lib/tinyusb/src/portable/raspberrypi/rp2040/dcd_rp2040.c.obj
 .bss.pools     0x20001030       0x10 CMakeFiles/dht.dir/D_/Downloads/pico-sdk/src/common/pico_time/time.c.obj
 .bss.sd_table  0x20001040      0x100 CMakeFiles/dht.dir/D_/Downloads/pico-sdk/src/rp2_common/pico_double/double_init_rom.c.obj
                0x20001040                sd_table
 .bss.sf_clz_func
                0x20001140        0x4 CMakeFiles/dht.dir/D_/Downloads/pico-sdk/src/rp2_common/pico_float/float_init_rom.c.obj
                0x20001140                sf_clz_func
 .bss.sf_table  0x20001144      0x100 CMakeFiles/dht.dir/D_/Downloads/pico-sdk/src/rp2_common/pico_float/float_init_rom.c.obj
                0x20001144                sf_table
 .bss.stdio_usb_mutex
                0x20001244        0x8 CMakeFiles/dht.dir/D_/Downloads/pico-sdk/src/rp2_common/pico_stdio_usb/stdio_usb.c.obj
 .bss.target_hi
                0x2000124c       0x10 CMakeFiles/dht.dir/D_/Downloads/pico-sdk/src/rp2_common/hardware_timer/timer.c.obj
 .bss._app_driver_count
                0x2000125c        0x1 CMakeFiles/dht.dir/D_/Downloads/pico-sdk/lib/tinyusb/src/device/usbd.c.obj
 .bss._initialized
                0x2000125d        0x1 CMakeFiles/dht.dir/D_/Downloads/pico-sdk/lib/tinyusb/src/tusb.c.obj
 .bss.assigned_address
                0x2000125e        0x1 CMakeFiles/dht.dir/D_/Downloads/pico-sdk/lib/tinyusb/src/portable/raspberrypi/rp2040/dcd_rp2040.c.obj
 .bss.claimed   0x2000125f        0x1 CMakeFiles/dht.dir/D_/Downloads/pico-sdk/src/rp2_common/hardware_timer/timer.c.obj
 .bss.irq_hander_chain_free_slot_head
                0x20001260        0x1 CMakeFiles/dht.dir/D_/Downloads/pico-sdk/src/rp2_common/hardware_irq/irq.c.obj
 .bss.itf_num   0x20001261        0x1 CMakeFiles/dht.dir/D_/Downloads/pico-sdk/src/rp2_common/pico_stdio_usb/reset_interface.c.obj
 .bss.timer_callbacks_pending
                0x20001262        0x1 CMakeFiles/dht.dir/D_/Downloads/pico-sdk/src/rp2_common/hardware_timer/timer.c.obj
 *(COMMON)
                0x20001264                . = ALIGN (0x4)
 *fill*         0x20001263        0x1 
                0x20001264                __bss_end__ = .

.heap           0x20001264      0x800
                0x20001264                __end__ = .
                0x20001264                end = __end__
 *(.heap*)
 .heap          0x20001264      0x800 CMakeFiles/dht.dir/D_/Downloads/pico-sdk/src/rp2_common/pico_standard_link/crt0.S.obj
                0x20001a64                __HeapLimit = .

.stack1_dummy   0x20040000        0x0
 *(.stack1*)

.stack_dummy    0x20041000      0x800
 *(.stack*)
 .stack         0x20041000      0x800 CMakeFiles/dht.dir/D_/Downloads/pico-sdk/src/rp2_common/pico_standard_link/crt0.S.obj

.flash_end      0x100082d0        0x0
                0x100082d0                __flash_binary_end = .
                0x20040000                __StackLimit = (ORIGIN (RAM) + LENGTH (RAM))
                0x20041000                __StackOneTop = (ORIGIN (SCRATCH_X) + LENGTH (SCRATCH_X))
                0x20042000                __StackTop = (ORIGIN (SCRATCH_Y) + LENGTH (SCRATCH_Y))
                0x20041000                __StackOneBottom = (__StackOneTop - SIZEOF (.stack1_dummy))
                0x20041800                __StackBottom = (__StackTop - SIZEOF (.stack_dummy))
                0x20042000                PROVIDE (__stack = __StackTop)
                0x00000001                ASSERT ((__StackLimit >= __HeapLimit), region RAM overflowed)
                0x00000001                ASSERT (((__binary_info_header_end - __logical_binary_start) <= 0x100), Binary info must be in first 256 bytes of the binary)
LOAD CMakeFiles/dht.dir/dht.c.obj
LOAD CMakeFiles/dht.dir/D_/Downloads/pico-sdk/src/rp2_common/pico_stdlib/stdlib.c.obj
LOAD CMakeFiles/dht.dir/D_/Downloads/pico-sdk/src/rp2_common/hardware_gpio/gpio.c.obj
LOAD CMakeFiles/dht.dir/D_/Downloads/pico-sdk/src/rp2_common/hardware_claim/claim.c.obj
LOAD CMakeFiles/dht.dir/D_/Downloads/pico-sdk/src/rp2_common/hardware_sync/sync.c.obj
LOAD CMakeFiles/dht.dir/D_/Downloads/pico-sdk/src/rp2_common/pico_platform/platform.c.obj
LOAD CMakeFiles/dht.dir/D_/Downloads/pico-sdk/src/rp2_common/hardware_uart/uart.c.obj
LOAD CMakeFiles/dht.dir/D_/Downloads/pico-sdk/src/rp2_common/hardware_divider/divider.S.obj
LOAD CMakeFiles/dht.dir/D_/Downloads/pico-sdk/src/common/pico_time/time.c.obj
LOAD CMakeFiles/dht.dir/D_/Downloads/pico-sdk/src/common/pico_time/timeout_helper.c.obj
LOAD CMakeFiles/dht.dir/D_/Downloads/pico-sdk/src/rp2_common/hardware_timer/timer.c.obj
LOAD CMakeFiles/dht.dir/D_/Downloads/pico-sdk/src/common/pico_sync/sem.c.obj
LOAD CMakeFiles/dht.dir/D_/Downloads/pico-sdk/src/common/pico_sync/lock_core.c.obj
LOAD CMakeFiles/dht.dir/D_/Downloads/pico-sdk/src/common/pico_sync/mutex.c.obj
LOAD CMakeFiles/dht.dir/D_/Downloads/pico-sdk/src/common/pico_sync/critical_section.c.obj
LOAD CMakeFiles/dht.dir/D_/Downloads/pico-sdk/src/common/pico_util/datetime.c.obj
LOAD CMakeFiles/dht.dir/D_/Downloads/pico-sdk/src/common/pico_util/pheap.c.obj
LOAD CMakeFiles/dht.dir/D_/Downloads/pico-sdk/src/common/pico_util/queue.c.obj
LOAD CMakeFiles/dht.dir/D_/Downloads/pico-sdk/src/rp2_common/pico_runtime/runtime.c.obj
LOAD CMakeFiles/dht.dir/D_/Downloads/pico-sdk/src/rp2_common/hardware_clocks/clocks.c.obj
LOAD CMakeFiles/dht.dir/D_/Downloads/pico-sdk/src/rp2_common/hardware_watchdog/watchdog.c.obj
LOAD CMakeFiles/dht.dir/D_/Downloads/pico-sdk/src/rp2_common/hardware_xosc/xosc.c.obj
LOAD CMakeFiles/dht.dir/D_/Downloads/pico-sdk/src/rp2_common/hardware_pll/pll.c.obj
LOAD CMakeFiles/dht.dir/D_/Downloads/pico-sdk/src/rp2_common/hardware_vreg/vreg.c.obj
LOAD CMakeFiles/dht.dir/D_/Downloads/pico-sdk/src/rp2_common/hardware_irq/irq.c.obj
LOAD CMakeFiles/dht.dir/D_/Downloads/pico-sdk/src/rp2_common/hardware_irq/irq_handler_chain.S.obj
LOAD CMakeFiles/dht.dir/D_/Downloads/pico-sdk/src/rp2_common/pico_printf/printf.c.obj
LOAD CMakeFiles/dht.dir/D_/Downloads/pico-sdk/src/rp2_common/pico_bit_ops/bit_ops_aeabi.S.obj
LOAD CMakeFiles/dht.dir/D_/Downloads/pico-sdk/src/rp2_common/pico_bootrom/bootrom.c.obj
LOAD CMakeFiles/dht.dir/D_/Downloads/pico-sdk/src/rp2_common/pico_divider/divider.S.obj
LOAD CMakeFiles/dht.dir/D_/Downloads/pico-sdk/src/rp2_common/pico_double/double_aeabi.S.obj